rom-test
+- run test 9 pass, 1 fail (10 total)
error: 'rom_test.test.ROM: CDROM - Getloc' failed:
       [default] (warn): CDROM Write(0, 0): 0x1
       [default] (warn): CDROM Write(3, 1): 0x1f
       [default] (warn): CDROM Write(2, 1): 0x1f
       [default] (warn): CDROM Write(0, 1): 0x0
       [default] (warn): CDROM Write(3, 0): 0x0
       [default] (warn): CDROM Write(0, 0): 0x2
       [default] (warn): CDROM Write(2, 2): 0x80
       [default] (warn): CDROM Write(0, 2): 0x3
       [default] (warn): CDROM Write(1, 3): 0x80
       [default] (warn): CDROM Write(3, 3): 0x20
       [default] (warn): CDROM Read(0, 3): 0x1b
       [default] (warn): CDROM Write(0, 3): 0x1
       [default] (warn): CDROM Write(3, 1): 0x40
       [default] (warn): CDROM Read(0, 1): 0x19
       [default] (warn): CDROM Write(0, 1): 0x0
       [default] (warn): CDROM Write(0, 0): 0x0
       [default] (warn): CDROM Write(1, 0): 0x1
       [default] (warn): CDROM cmd=0x01 irq_enable=0x1f queue_count=0
       [default] (warn): CDROM Write(0, 0): 0x1
       [default] (warn): CDROM Read IFR(3, 1): 0xe3 queue_count=1
       [default] (warn): CDROM Write(0, 1): 0x1
       [default] (warn): CDROM Write(3, 1): 0x5f
       [default] (warn): CDROM Ack IFR value=0x5f irq=3 resp=0/1
       [default] (warn): CDROM Write(3, 1): 0x40
       [default] (warn): CDROM readResponse returning 0x2 at ptr 0
       [default] (warn): CDROM Read(1, 1): 0x2
       [default] (warn): CDROM Write(0, 1): 0x1
       [default] (warn): CDROM Read IFR(3, 1): 0xe3 queue_count=1
       [default] (warn): CDROM Write(0, 1): 0x1
       [default] (warn): CDROM Write(3, 1): 0x5f
       [default] (warn): CDROM Ack IFR value=0x5f irq=3 resp=1/1
       [default] (warn): CDROM Write(3, 1): 0x40
       [default] (warn): CDROM Read(1, 1): 0x2
       [default] (warn): CDROM Read(0, 1): 0x19
       [default] (warn): CDROM Write(0, 1): 0x1
       [default] (warn): CDROM Write(3, 1): 0x40
       [default] (warn): CDROM Read(0, 1): 0x19
       [default] (warn): CDROM Write(0, 1): 0x0
       [default] (warn): CDROM Write(0, 0): 0x0
       [default] (warn): CDROM Write(1, 0): 0xa
       [default] (warn): CDROM cmd=0x0a irq_enable=0x1f queue_count=0
       [default] (warn): CDROM Write(0, 0): 0x1
       [default] (warn): CDROM Read IFR(3, 1): 0xe3 queue_count=2
       [default] (warn): CDROM Write(0, 1): 0x1
       [default] (warn): CDROM Write(3, 1): 0x5f
       [default] (warn): CDROM Ack IFR value=0x5f irq=3 resp=0/1
       [default] (warn): CDROM Write(3, 1): 0x40
       [default] (warn): CDROM readResponse returning 0x2 at ptr 0
       [default] (warn): CDROM Read(1, 1): 0x2
       [default] (warn): CDROM Write(0, 1): 0x1
       [default] (warn): CDROM Read IFR(3, 1): 0xe3 queue_count=2
       [default] (warn): CDROM Write(0, 1): 0x1
       [default] (warn): CDROM Write(3, 1): 0x5f
       [default] (warn): CDROM Ack IFR value=0x5f irq=3 resp=1/1
       [default] (warn): CDROM Write(3, 1): 0x40
       [default] (warn): CDROM Read(1, 1): 0x2
       [default] (warn): CDROM Write(0, 1): 0x1
       [default] (warn): CDROM Read IFR(3, 1): 0xe2 queue_count=1
       [default] (warn): CDROM Write(0, 1): 0x1
       [default] (warn): CDROM Write(3, 1): 0x5f
       [default] (warn): CDROM Ack IFR value=0x5f irq=2 resp=0/1
       [default] (warn): CDROM Write(3, 1): 0x40
       [default] (warn): CDROM readResponse returning 0x2 at ptr 0
       [default] (warn): CDROM Read(1, 1): 0x2
       [default] (warn): CDROM Write(0, 1): 0x1
       [default] (warn): CDROM Read IFR(3, 1): 0xe2 queue_count=1
       [default] (warn): CDROM Write(0, 1): 0x1
       [default] (warn): CDROM Write(3, 1): 0x5f
       [default] (warn): CDROM Ack IFR value=0x5f irq=2 resp=1/1
       [default] (warn): CDROM Write(3, 1): 0x40
       [default] (warn): CDROM Read(1, 1): 0x2
       [default] (warn): CDROM Read(0, 1): 0x19
       [default] (warn): CDROM Write(0, 1): 0x1
       [default] (warn): CDROM Write(3, 1): 0x40
       [default] (warn): CDROM Read(0, 1): 0x19
       [default] (warn): CDROM Write(0, 1): 0x0
       [default] (warn): CDROM Write(0, 0): 0x0
       [default] (warn): CDROM Write(1, 0): 0xc
       [default] (warn): CDROM cmd=0x0c irq_enable=0x1f queue_count=0
       [default] (warn): CDROM Write(0, 0): 0x1
       [default] (warn): CDROM Read IFR(3, 1): 0xe3 queue_count=1
       [default] (warn): CDROM Write(0, 1): 0x1
       [default] (warn): CDROM Write(3, 1): 0x5f
       [default] (warn): CDROM Ack IFR value=0x5f irq=3 resp=0/1
       [default] (warn): CDROM Write(3, 1): 0x40
       [default] (warn): CDROM readResponse returning 0x2 at ptr 0
       [default] (warn): CDROM Read(1, 1): 0x2
       [default] (warn): CDROM Write(0, 1): 0x1
       [default] (warn): CDROM Read IFR(3, 1): 0xe3 queue_count=1
       [default] (warn): CDROM Write(0, 1): 0x1
       [default] (warn): CDROM Write(3, 1): 0x5f
       [default] (warn): CDROM Ack IFR value=0x5f irq=3 resp=1/1
       [default] (warn): CDROM Write(3, 1): 0x40
       [default] (warn): CDROM Read(1, 1): 0x2
       [default] (warn): CDROM Read(0, 1): 0x19
       [default] (warn): CDROM Write(0, 1): 0x1
       [default] (warn): CDROM Write(3, 1): 0x40
       [default] (warn): CDROM Read(0, 1): 0x19
       [default] (warn): CDROM Write(0, 1): 0x0
       [default] (warn): CDROM Write(0, 0): 0x0
       [default] (warn): CDROM Write(1, 0): 0x1
       [default] (warn): CDROM cmd=0x01 irq_enable=0x1f queue_count=0
       [default] (warn): CDROM Write(0, 0): 0x1
       [default] (warn): CDROM Read IFR(3, 1): 0xe3 queue_count=1
       [default] (warn): CDROM Write(0, 1): 0x1
       [default] (warn): CDROM Write(3, 1): 0x5f
       [default] (warn): CDROM Ack IFR value=0x5f irq=3 resp=0/1
       [default] (warn): CDROM Write(3, 1): 0x40
       [default] (warn): CDROM readResponse returning 0x2 at ptr 0
       [default] (warn): CDROM Read(1, 1): 0x2
       [default] (warn): CDROM Read(0, 1): 0x19
       [default] (warn): CDROM Write(0, 1): 0x1
       [default] (warn): CDROM Read IFR(3, 1): 0xe3 queue_count=1
       [default] (warn): CDROM Write(0, 1): 0x1
       [default] (warn): CDROM Write(3, 1): 0x5f
       [default] (warn): CDROM Ack IFR value=0x5f irq=3 resp=1/1
       [default] (warn): CDROM Write(3, 1): 0x40
       [default] (warn): CDROM Read(1, 1): 0x2
       [default] (warn): CDROM Read(0, 1): 0x19
       [default] (warn): CDROM Read(0, 1): 0x19
       [default] (warn): CDROM Write(0, 1): 0x1
       [default] (warn): CDROM Write(3, 1): 0x40
       [default] (warn): CDROM Read(0, 1): 0x19
       [default] (warn): CDROM Write(0, 1): 0x0
       [default] (warn): CDROM Write(0, 0): 0x0
       [default] (warn): CDROM Write(1, 0): 0x1
       [default] (warn): CDROM cmd=0x01 irq_enable=0x1f queue_count=0
       [default] (warn): CDROM Write(0, 0): 0x1
       [default] (warn): CDROM Read IFR(3, 1): 0xe3 queue_count=1
       [default] (warn): CDROM Write(0, 1): 0x1
       [default] (warn): CDROM Write(3, 1): 0x5f
       [default] (warn): CDROM Ack IFR value=0x5f irq=3 resp=0/1
       [default] (warn): CDROM Write(3, 1): 0x40
       [default] (warn): CDROM readResponse returning 0x2 at ptr 0
       [default] (warn): CDROM Read(1, 1): 0x2
       [default] (warn): CDROM Read(0, 1): 0x19
       [default] (warn): CDROM Write(0, 1): 0x1
       [default] (warn): CDROM Read IFR(3, 1): 0xe3 queue_count=1
       [default] (warn): CDROM Write(0, 1): 0x1
       [default] (warn): CDROM Write(3, 1): 0x5f
       [default] (warn): CDROM Ack IFR value=0x5f irq=3 resp=1/1
       [default] (warn): CDROM Write(3, 1): 0x40
       [default] (warn): CDROM Read(1, 1): 0x2
       [default] (warn): CDROM Read(0, 1): 0x19
       [default] (warn): CDROM Read(0, 1): 0x19
       [default] (warn): CDROM Write(0, 1): 0x1
       [default] (warn): CDROM Write(3, 1): 0x40
       [default] (warn): CDROM Read(0, 1): 0x19
       [default] (warn): CDROM Write(0, 1): 0x0
       [default] (warn): CDROM Write(0, 0): 0x0
       [default] (warn): CDROM Write(1, 0): 0x10
       [default] (warn): CDROM cmd=0x10 irq_enable=0x1f queue_count=0
       [default] (warn): CDROM Write(0, 0): 0x1
       [default] (warn): CDROM Read IFR(3, 1): 0xe5 queue_count=1
       [default] (warn): CDROM Write(0, 1): 0x1
       [default] (warn): CDROM Write(3, 1): 0x5f
       [default] (warn): CDROM Ack IFR value=0x5f irq=5 resp=0/1
       [default] (warn): CDROM Write(3, 1): 0x40
       [default] (warn): CDROM readResponse returning 0x2 at ptr 0
       [default] (warn): CDROM Read(1, 1): 0x2
       [default] (warn): CDROM Read(0, 1): 0x19
       [default] (warn): CDROM Write(0, 1): 0x1
       [default] (warn): CDROM Read IFR(3, 1): 0xe5 queue_count=1
       [default] (warn): CDROM Write(0, 1): 0x1
       [default] (warn): CDROM Write(3, 1): 0x5f
       [default] (warn): CDROM Ack IFR value=0x5f irq=5 resp=1/1
       [default] (warn): CDROM Write(3, 1): 0x40
       [default] (warn): CDROM Read(1, 1): 0x2
       [default] (warn): CDROM Read(0, 1): 0x19
       [default] (warn): CDROM Read(0, 1): 0x19
       [default] (warn): CDROM Write(0, 1): 0x1
       [default] (warn): CDROM Write(3, 1): 0x40
       [default] (warn): CDROM Read(0, 1): 0x19
       [default] (warn): CDROM Write(0, 1): 0x0
       [default] (warn): CDROM Write(0, 0): 0x0
       [default] (warn): CDROM Write(1, 0): 0x11
       [default] (warn): CDROM cmd=0x11 irq_enable=0x1f queue_count=0
       [default] (warn): CDROM Write(0, 0): 0x1
       [default] (warn): CDROM Read IFR(3, 1): 0xe3 queue_count=1
       [default] (warn): CDROM Write(0, 1): 0x1
       [default] (warn): CDROM Write(3, 1): 0x5f
       [default] (warn): CDROM Ack IFR value=0x5f irq=3 resp=0/8
       [default] (warn): CDROM Write(3, 1): 0x40
       [default] (warn): CDROM readResponse returning 0x1 at ptr 0
       [default] (warn): CDROM Read(1, 1): 0x1
       [default] (warn): CDROM Read(0, 1): 0x39
       [default] (warn): CDROM readResponse returning 0x0 at ptr 1
       [default] (warn): CDROM Read(1, 1): 0x0
       [default] (warn): CDROM Read(0, 1): 0x39
       [default] (warn): CDROM Read(0, 1): 0x39
       [default] (warn): CDROM readResponse returning 0x0 at ptr 2
       [default] (warn): CDROM Read(1, 1): 0x0
       [default] (warn): CDROM Read(0, 1): 0x39
       [default] (warn): CDROM Read(0, 1): 0x39
       [default] (warn): CDROM readResponse returning 0x0 at ptr 3
       [default] (warn): CDROM Read(1, 1): 0x0
       [default] (warn): CDROM Read(0, 1): 0x39
       [default] (warn): CDROM Read(0, 1): 0x39
       [default] (warn): CDROM readResponse returning 0x6 at ptr 4
       [default] (warn): CDROM Read(1, 1): 0x6
       [default] (warn): CDROM Read(0, 1): 0x39
       [default] (warn): CDROM Read(0, 1): 0x39
       [default] (warn): CDROM readResponse returning 0x0 at ptr 5
       [default] (warn): CDROM Read(1, 1): 0x0
       [default] (warn): CDROM Read(0, 1): 0x39
       [default] (warn): CDROM Read(0, 1): 0x39
       [default] (warn): CDROM readResponse returning 0x1 at ptr 6
       [default] (warn): CDROM Read(1, 1): 0x1
       [default] (warn): CDROM Read(0, 1): 0x39
       [default] (warn): CDROM Read(0, 1): 0x39
       [default] (warn): CDROM Write(0, 1): 0x1
       [default] (warn): CDROM Read IFR(3, 1): 0xe3 queue_count=1
       [default] (warn): CDROM Write(0, 1): 0x1
       [default] (warn): CDROM Write(3, 1): 0x5f
       [default] (warn): CDROM Ack IFR value=0x5f irq=3 resp=7/8
       [default] (warn): CDROM Write(3, 1): 0x40
       [default] (warn): CDROM readResponse returning 0x68 at ptr 7
       [default] (warn): CDROM Read(1, 1): 0x68
       [default] (warn): CDROM Read(0, 1): 0x19
       [default] (warn): CDROM Read(0, 1): 0x19
       [default] (warn): CDROM Write(0, 1): 0x1
       [default] (warn): CDROM Write(3, 1): 0x40
       [default] (warn): CDROM Read(0, 1): 0x19
       [default] (warn): CDROM Write(0, 1): 0x0
       [default] (warn): CDROM Write(2, 0): 0x0
       [default] (warn): CDROM Write(2, 0): 0x2
       [default] (warn): CDROM Write(2, 0): 0x16
       [default] (warn): CDROM Write(0, 0): 0x0
       [default] (warn): CDROM Write(1, 0): 0x2
       [default] (warn): CDROM cmd=0x02 irq_enable=0x1f queue_count=1
       [default] (warn): CDROM Write(0, 0): 0x1
       [default] (warn): CDROM Read IFR(3, 1): 0xe3 queue_count=1
       [default] (warn): CDROM Write(0, 1): 0x1
       [default] (warn): CDROM Write(3, 1): 0x5f
       [default] (warn): CDROM Ack IFR value=0x5f irq=3 resp=0/1
       [default] (warn): CDROM Write(3, 1): 0x40
       [default] (warn): CDROM readResponse returning 0x2 at ptr 0
       [default] (warn): CDROM Read(1, 1): 0x2
       [default] (warn): CDROM Write(0, 1): 0x1
       [default] (warn): CDROM Read IFR(3, 1): 0xe3 queue_count=1
       [default] (warn): CDROM Write(0, 1): 0x1
       [default] (warn): CDROM Write(3, 1): 0x5f
       [default] (warn): CDROM Ack IFR value=0x5f irq=3 resp=1/1
       [default] (warn): CDROM Write(3, 1): 0x40
       [default] (warn): CDROM Read(1, 1): 0x2
       [default] (warn): CDROM Read(0, 1): 0x19
       [default] (warn): CDROM Write(0, 1): 0x1
       [default] (warn): CDROM Write(3, 1): 0x40
       [default] (warn): CDROM Read(0, 1): 0x19
       [default] (warn): CDROM Write(0, 1): 0x0
       [default] (warn): CDROM Write(0, 0): 0x0
       [default] (warn): CDROM Write(1, 0): 0x15
       [default] (warn): CDROM cmd=0x15 irq_enable=0x1f queue_count=0
       [default] (warn): CDROM Write(0, 0): 0x1
       [default] (warn): CDROM Read IFR(3, 1): 0xe3 queue_count=2
       [default] (warn): CDROM Write(0, 1): 0x1
       [default] (warn): CDROM Write(3, 1): 0x5f
       [default] (warn): CDROM Ack IFR value=0x5f irq=3 resp=0/1
       [default] (warn): CDROM Write(3, 1): 0x40
       [default] (warn): CDROM readResponse returning 0x42 at ptr 0
       [default] (warn): CDROM Read(1, 1): 0x42
       [default] (warn): CDROM Write(0, 1): 0x1
       [default] (warn): CDROM Read IFR(3, 1): 0xe3 queue_count=2
       [default] (warn): CDROM Write(0, 1): 0x1
       [default] (warn): CDROM Write(3, 1): 0x5f
       [default] (warn): CDROM Ack IFR value=0x5f irq=3 resp=1/1
       [default] (warn): CDROM Write(3, 1): 0x40
       [default] (warn): CDROM Read(1, 1): 0x42
       [default] (warn): CDROM Write(0, 1): 0x1
       [default] (warn): CDROM Read IFR(3, 1): 0xe2 queue_count=1
       [default] (warn): CDROM Write(0, 1): 0x1
       [default] (warn): CDROM Write(3, 1): 0x5f
       [default] (warn): CDROM Ack IFR value=0x5f irq=2 resp=0/1
       [default] (warn): CDROM Write(3, 1): 0x40
       [default] (warn): CDROM readResponse returning 0x2 at ptr 0
       [default] (warn): CDROM Read(1, 1): 0x2
       [default] (warn): CDROM Write(0, 1): 0x1
       [default] (warn): CDROM Read IFR(3, 1): 0xe2 queue_count=1
       [default] (warn): CDROM Write(0, 1): 0x1
       [default] (warn): CDROM Write(3, 1): 0x5f
       [default] (warn): CDROM Ack IFR value=0x5f irq=2 resp=1/1
       [default] (warn): CDROM Write(3, 1): 0x40
       [default] (warn): CDROM Read(1, 1): 0x2
       [default] (warn): CDROM Read(0, 1): 0x19
       [default] (warn): CDROM Write(0, 1): 0x1
       [default] (warn): CDROM Write(3, 1): 0x40
       [default] (warn): CDROM Read(0, 1): 0x19
       [default] (warn): CDROM Write(0, 1): 0x0
       [default] (warn): CDROM Write(0, 0): 0x0
       [default] (warn): CDROM Write(1, 0): 0x1
       [default] (warn): CDROM cmd=0x01 irq_enable=0x1f queue_count=0
       [default] (warn): CDROM Write(0, 0): 0x1
       [default] (warn): CDROM Read IFR(3, 1): 0xe3 queue_count=1
       [default] (warn): CDROM Write(0, 1): 0x1
       [default] (warn): CDROM Write(3, 1): 0x5f
       [default] (warn): CDROM Ack IFR value=0x5f irq=3 resp=0/1
       [default] (warn): CDROM Write(3, 1): 0x40
       [default] (warn): CDROM readResponse returning 0x2 at ptr 0
       [default] (warn): CDROM Read(1, 1): 0x2
       [default] (warn): CDROM Read(0, 1): 0x19
       [default] (warn): CDROM Write(0, 1): 0x1
       [default] (warn): CDROM Read IFR(3, 1): 0xe3 queue_count=1
       [default] (warn): CDROM Write(0, 1): 0x1
       [default] (warn): CDROM Write(3, 1): 0x5f
       [default] (warn): CDROM Ack IFR value=0x5f irq=3 resp=1/1
       [default] (warn): CDROM Write(3, 1): 0x40
       [default] (warn): CDROM Read(1, 1): 0x2
       [default] (warn): CDROM Read(0, 1): 0x19
       [default] (warn): CDROM Read(0, 1): 0x19
       [default] (warn): CDROM Write(0, 1): 0x1
       [default] (warn): CDROM Write(3, 1): 0x40
       [default] (warn): CDROM Read(0, 1): 0x19
       [default] (warn): CDROM Write(0, 1): 0x0
       [default] (warn): CDROM Write(0, 0): 0x0
       [default] (warn): CDROM Write(1, 0): 0x10
       [default] (warn): CDROM cmd=0x10 irq_enable=0x1f queue_count=0
       [default] (warn): CDROM Write(0, 0): 0x1
       [default] (warn): CDROM Read IFR(3, 1): 0xe3 queue_count=1
       [default] (warn): CDROM Write(0, 1): 0x1
       [default] (warn): CDROM Write(3, 1): 0x5f
       [default] (warn): CDROM Ack IFR value=0x5f irq=3 resp=0/8
       [default] (warn): CDROM Write(3, 1): 0x40
       [default] (warn): CDROM readResponse returning 0x0 at ptr 0
       [default] (warn): CDROM Read(1, 1): 0x0
       [default] (warn): CDROM Read(0, 1): 0x39
       [default] (warn): CDROM readResponse returning 0x2 at ptr 1
       [default] (warn): CDROM Read(1, 1): 0x2
       [default] (warn): CDROM Read(0, 1): 0x39
       [default] (warn): CDROM Read(0, 1): 0x39
       [default] (warn): CDROM readResponse returning 0x16 at ptr 2
       [default] (warn): CDROM Read(1, 1): 0x16
       [default] (warn): CDROM Read(0, 1): 0x39
       [default] (warn): CDROM Read(0, 1): 0x39
       [default] (warn): CDROM readResponse returning 0x2 at ptr 3
       [default] (warn): CDROM Read(1, 1): 0x2
       [default] (warn): CDROM Read(0, 1): 0x39
       [default] (warn): CDROM Read(0, 1): 0x39
       [default] (warn): CDROM readResponse returning 0x0 at ptr 4
       [default] (warn): CDROM Read(1, 1): 0x0
       [default] (warn): CDROM Read(0, 1): 0x39
       [default] (warn): CDROM Read(0, 1): 0x39
       [default] (warn): CDROM readResponse returning 0x0 at ptr 5
       [default] (warn): CDROM Read(1, 1): 0x0
       [default] (warn): CDROM Read(0, 1): 0x39
       [default] (warn): CDROM Read(0, 1): 0x39
       [default] (warn): CDROM readResponse returning 0x0 at ptr 6
       [default] (warn): CDROM Read(1, 1): 0x0
       [default] (warn): CDROM Read(0, 1): 0x39
       [default] (warn): CDROM Read(0, 1): 0x39
       [default] (warn): CDROM Write(0, 1): 0x1
       [default] (warn): CDROM Read IFR(3, 1): 0xe3 queue_count=1
       [default] (warn): CDROM Write(0, 1): 0x1
       [default] (warn): CDROM Write(3, 1): 0x5f
       [default] (warn): CDROM Ack IFR value=0x5f irq=3 resp=7/8
       [default] (warn): CDROM Write(3, 1): 0x40
       [default] (warn): CDROM readResponse returning 0x0 at ptr 7
       [default] (warn): CDROM Read(1, 1): 0x0
       [default] (warn): CDROM Read(0, 1): 0x19
       [default] (warn): CDROM Read(0, 1): 0x19
       [default] (warn): CDROM Write(0, 1): 0x1
       [default] (warn): CDROM Write(3, 1): 0x40
       [default] (warn): CDROM Read(0, 1): 0x19
       [default] (warn): CDROM Write(0, 1): 0x0
       [default] (warn): CDROM Write(0, 0): 0x0
       [default] (warn): CDROM Write(1, 0): 0x11
       [default] (warn): CDROM cmd=0x11 irq_enable=0x1f queue_count=1
       [default] (warn): CDROM Write(0, 0): 0x1
       [default] (warn): CDROM Read IFR(3, 1): 0xe3 queue_count=1
       [default] (warn): CDROM Write(0, 1): 0x1
       [default] (warn): CDROM Write(3, 1): 0x5f
       [default] (warn): CDROM Ack IFR value=0x5f irq=3 resp=0/8
       [default] (warn): CDROM Write(3, 1): 0x40
       [default] (warn): CDROM readResponse returning 0x1 at ptr 0
       [default] (warn): CDROM Read(1, 1): 0x1
       [default] (warn): CDROM Read(0, 1): 0x39
       [default] (warn): CDROM readResponse returning 0x1 at ptr 1
       [default] (warn): CDROM Read(1, 1): 0x1
       [default] (warn): CDROM Read(0, 1): 0x39
       [default] (warn): CDROM Read(0, 1): 0x39
       [default] (warn): CDROM readResponse returning 0x0 at ptr 2
       [default] (warn): CDROM Read(1, 1): 0x0
       [default] (warn): CDROM Read(0, 1): 0x39
       [default] (warn): CDROM Read(0, 1): 0x39
       [default] (warn): CDROM readResponse returning 0x0 at ptr 3
       [default] (warn): CDROM Read(1, 1): 0x0
       [default] (warn): CDROM Read(0, 1): 0x39
       [default] (warn): CDROM Read(0, 1): 0x39
       [default] (warn): CDROM readResponse returning 0x11 at ptr 4
       [default] (warn): CDROM Read(1, 1): 0x11
       [default] (warn): CDROM Read(0, 1): 0x39
       [default] (warn): CDROM Read(0, 1): 0x39
       [default] (warn): CDROM readResponse returning 0x0 at ptr 5
       [default] (warn): CDROM Read(1, 1): 0x0
       [default] (warn): CDROM Read(0, 1): 0x39
       [default] (warn): CDROM Read(0, 1): 0x39
       [default] (warn): CDROM readResponse returning 0x2 at ptr 6
       [default] (warn): CDROM Read(1, 1): 0x2
       [default] (warn): CDROM Read(0, 1): 0x39
       [default] (warn): CDROM Read(0, 1): 0x39
       [default] (warn): CDROM Write(0, 1): 0x1
       [default] (warn): CDROM Read IFR(3, 1): 0xe3 queue_count=1
       [default] (warn): CDROM Write(0, 1): 0x1
       [default] (warn): CDROM Write(3, 1): 0x5f
       [default] (warn): CDROM Ack IFR value=0x5f irq=3 resp=7/8
       [default] (warn): CDROM Write(3, 1): 0x40
       [default] (warn): CDROM readResponse returning 0x11 at ptr 7
       [default] (warn): CDROM Read(1, 1): 0x11
       [default] (warn): CDROM Read(0, 1): 0x19
       [default] (warn): CDROM Read(0, 1): 0x19
       [default] (warn): CDROM Write(0, 1): 0x1
       [default] (warn): CDROM Write(3, 1): 0x40
       [default] (warn): CDROM Read(0, 1): 0x19
       [default] (warn): CDROM Write(0, 1): 0x0
       [default] (warn): CDROM Write(2, 0): 0x40
       [default] (warn): CDROM Write(2, 0): 0x0
       [default] (warn): CDROM Write(2, 0): 0x16
       [default] (warn): CDROM Write(0, 0): 0x0
       [default] (warn): CDROM Write(1, 0): 0x2
       [default] (warn): CDROM cmd=0x02 irq_enable=0x1f queue_count=1
       [default] (warn): CDROM Write(0, 0): 0x1
       [default] (warn): CDROM Read IFR(3, 1): 0xe3 queue_count=1
       [default] (warn): CDROM Write(0, 1): 0x1
       [default] (warn): CDROM Write(3, 1): 0x5f
       [default] (warn): CDROM Ack IFR value=0x5f irq=3 resp=0/1
       [default] (warn): CDROM Write(3, 1): 0x40
       [default] (warn): CDROM readResponse returning 0x2 at ptr 0
       [default] (warn): CDROM Read(1, 1): 0x2
       [default] (warn): CDROM Write(0, 1): 0x1
       [default] (warn): CDROM Read IFR(3, 1): 0xe3 queue_count=1
       [default] (warn): CDROM Write(0, 1): 0x1
       [default] (warn): CDROM Write(3, 1): 0x5f
       [default] (warn): CDROM Ack IFR value=0x5f irq=3 resp=1/1
       [default] (warn): CDROM Write(3, 1): 0x40
       [default] (warn): CDROM Read(1, 1): 0x2
       [default] (warn): CDROM Read(0, 1): 0x19
       [default] (warn): CDROM Write(0, 1): 0x1
       [default] (warn): CDROM Write(3, 1): 0x40
       [default] (warn): CDROM Read(0, 1): 0x19
       [default] (warn): CDROM Write(0, 1): 0x0
       [default] (warn): CDROM Write(2, 0): 0x20
       [default] (warn): CDROM Write(0, 0): 0x0
       [default] (warn): CDROM Write(1, 0): 0xe
       [default] (warn): CDROM cmd=0x0e irq_enable=0x1f queue_count=0
       [default] (warn): CDROM Write(0, 0): 0x1
       [default] (warn): CDROM Read IFR(3, 1): 0xe3 queue_count=1
       [default] (warn): CDROM Write(0, 1): 0x1
       [default] (warn): CDROM Write(3, 1): 0x5f
       [default] (warn): CDROM Ack IFR value=0x5f irq=3 resp=0/1
       [default] (warn): CDROM Write(3, 1): 0x40
       [default] (warn): CDROM readResponse returning 0x2 at ptr 0
       [default] (warn): CDROM Read(1, 1): 0x2
       [default] (warn): CDROM Write(0, 1): 0x1
       [default] (warn): CDROM Read IFR(3, 1): 0xe3 queue_count=1
       [default] (warn): CDROM Write(0, 1): 0x1
       [default] (warn): CDROM Write(3, 1): 0x5f
       [default] (warn): CDROM Ack IFR value=0x5f irq=3 resp=1/1
       [default] (warn): CDROM Write(3, 1): 0x40
       [default] (warn): CDROM Read(1, 1): 0x2
       [default] (warn): CDROM Read(0, 1): 0x19
       [default] (warn): CDROM Write(0, 1): 0x1
       [default] (warn): CDROM Write(3, 1): 0x40
       [default] (warn): CDROM Read(0, 1): 0x19
       [default] (warn): CDROM Write(0, 1): 0x0
       [default] (warn): CDROM Write(0, 0): 0x0
       [default] (warn): CDROM Write(1, 0): 0x6
       [default] (warn): CDROM cmd=0x06 irq_enable=0x1f queue_count=0
       [default] (warn): CDROM Write(0, 0): 0x1
       [default] (warn): CDROM Read IFR(3, 1): 0xe3 queue_count=2
       [default] (warn): CDROM Write(0, 1): 0x1
       [default] (warn): CDROM Write(3, 1): 0x5f
       [default] (warn): CDROM Ack IFR value=0x5f irq=3 resp=0/1
       [default] (warn): CDROM Write(3, 1): 0x40
       [default] (warn): CDROM readResponse returning 0x42 at ptr 0
       [default] (warn): CDROM Read(1, 1): 0x42
       [default] (warn): CDROM Read(0, 1): 0x19
       [default] (warn): CDROM Write(0, 1): 0x1
       [default] (warn): CDROM Read IFR(3, 1): 0xe3 queue_count=2
       [default] (warn): CDROM Write(0, 1): 0x1
       [default] (warn): CDROM Write(3, 1): 0x5f
       [default] (warn): CDROM Ack IFR value=0x5f irq=3 resp=1/1
       [default] (warn): CDROM Write(3, 1): 0x40
       [default] (warn): CDROM Read(1, 1): 0x42
       [default] (warn): CDROM Read(0, 1): 0x19
       [default] (warn): CDROM Read(0, 1): 0x59
       [default] (warn): CDROM Write(0, 1): 0x1
       [default] (warn): CDROM Write(3, 1): 0x40
       [default] (warn): CDROM Read(0, 1): 0x59
       [default] (warn): CDROM Write(0, 1): 0x0
       [default] (warn): CDROM Write(0, 0): 0x0
       [default] (warn): CDROM Write(1, 0): 0x1
       [default] (warn): CDROM cmd=0x01 irq_enable=0x1f queue_count=9
       [default] (warn): CDROM Write(0, 0): 0x1
       [default] (warn): CDROM Read IFR(3, 1): 0xe3 queue_count=1
       [default] (warn): CDROM Write(0, 1): 0x1
       [default] (warn): CDROM Write(3, 1): 0x5f
       [default] (warn): CDROM Ack IFR value=0x5f irq=3 resp=0/1
       [default] (warn): CDROM Write(3, 1): 0x40
       [default] (warn): CDROM readResponse returning 0x22 at ptr 0
       [default] (warn): CDROM Read(1, 1): 0x22
       [default] (warn): CDROM Read(0, 1): 0x59
       [default] (warn): CDROM Write(0, 1): 0x1
       [default] (warn): CDROM Read IFR(3, 1): 0xe3 queue_count=1
       [default] (warn): CDROM Write(0, 1): 0x1
       [default] (warn): CDROM Write(3, 1): 0x5f
       [default] (warn): CDROM Ack IFR value=0x5f irq=3 resp=1/1
       [default] (warn): CDROM Write(3, 1): 0x40
       [default] (warn): CDROM Read(1, 1): 0x22
       [default] (warn): CDROM Read(0, 1): 0x59
       [default] (warn): CDROM Write(0, 1): 0x1
       [default] (warn): CDROM Read IFR(3, 1): 0xe1 queue_count=1
       [default] (warn): CDROM Write(0, 1): 0x0
       [default] (warn): CDROM Read(0, 0): 0x78
       [default] (warn): CDROM Write(3, 0): 0x0
       [default] (warn): CDROM Read(3, 0): 0xff
       [default] (warn): CDROM Write(0, 0): 0x0
       [default] (warn): CDROM Write(3, 0): 0x80
       [default] (warn): CDROM Write(0, 0): 0x1
       [default] (warn): CDROM Write(3, 1): 0x5f
       [default] (warn): CDROM Ack IFR value=0x5f irq=1 resp=0/1
       [default] (warn): CDROM Write(3, 1): 0x40
       [default] (warn): CDROM readResponse returning 0x22 at ptr 0
       [default] (warn): CDROM Read(1, 1): 0x22
       [default] (warn): CDROM Read(0, 1): 0x59
       [default] (warn): CDROM Read(2, 1): 0x0
       [default] (warn): CDROM Read IFR(3, 1): 0xe1 queue_count=1
       [default] (warn): CDROM Read(0, 1): 0x59
       [default] (warn): CDROM Read(1, 1): 0x22
       [default] (warn): MEM 32-bit read CDROM: 00 e1 59 22
       [default] (warn): CDROM Read(2, 1): 0x0
       [default] (warn): CDROM Read IFR(3, 1): 0xe1 queue_count=1
       [default] (warn): CDROM Read(0, 1): 0x59
       [default] (warn): CDROM Read(1, 1): 0x22
       [default] (warn): MEM 32-bit read CDROM: 00 e1 59 22
       [default] (warn): CDROM Read(2, 1): 0x0
       [default] (warn): CDROM Read IFR(3, 1): 0xe1 queue_count=1
       [default] (warn): CDROM Read(0, 1): 0x59
       [default] (warn): CDROM Read(1, 1): 0x22
       [default] (warn): MEM 32-bit read CDROM: 00 e1 59 22
       [default] (warn): CDROM Read(2, 1): 0x0
       [default] (warn): CDROM Read IFR(3, 1): 0xe1 queue_count=1
       [default] (warn): CDROM Read(0, 1): 0x59
       [default] (warn): CDROM Read(1, 1): 0x22
       [default] (warn): MEM 32-bit read CDROM: 00 e1 59 22
       [default] (warn): CDROM Read(2, 1): 0x0
       [default] (warn): CDROM Read IFR(3, 1): 0xe1 queue_count=1
       [default] (warn): CDROM Read(0, 1): 0x59
       [default] (warn): CDROM Read(1, 1): 0x22
       [default] (warn): MEM 32-bit read CDROM: 00 e1 59 22
       [default] (warn): CDROM Read(2, 1): 0x0
       [default] (warn): CDROM Read IFR(3, 1): 0xe1 queue_count=1
       [default] (warn): CDROM Read(0, 1): 0x59
       [default] (warn): CDROM Read(1, 1): 0x22
       [default] (warn): MEM 32-bit read CDROM: 00 e1 59 22
       [default] (warn): CDROM Read(2, 1): 0x0
       [default] (warn): CDROM Read IFR(3, 1): 0xe1 queue_count=1
       [default] (warn): CDROM Read(0, 1): 0x59
       [default] (warn): CDROM Read(1, 1): 0x22
       [default] (warn): MEM 32-bit read CDROM: 00 e1 59 22
       [default] (warn): CDROM Read(2, 1): 0x0
       [default] (warn): CDROM Read IFR(3, 1): 0xe1 queue_count=1
       [default] (warn): CDROM Read(0, 1): 0x59
       [default] (warn): CDROM Read(1, 1): 0x22
       [default] (warn): MEM 32-bit read CDROM: 00 e1 59 22
       [default] (warn): CDROM Read(2, 1): 0x0
       [default] (warn): CDROM Read IFR(3, 1): 0xe1 queue_count=1
       [default] (warn): CDROM Read(0, 1): 0x59
       [default] (warn): CDROM Read(1, 1): 0x22
       [default] (warn): MEM 32-bit read CDROM: 00 e1 59 22
       [default] (warn): CDROM Read(2, 1): 0x0
       [default] (warn): CDROM Read IFR(3, 1): 0xe1 queue_count=1
       [default] (warn): CDROM Read(0, 1): 0x59
       [default] (warn): CDROM Read(1, 1): 0x22
       [default] (warn): MEM 32-bit read CDROM: 00 e1 59 22
       [default] (warn): CDROM Read(2, 1): 0x0
       [default] (warn): CDROM Read IFR(3, 1): 0xe1 queue_count=1
       [default] (warn): CDROM Read(0, 1): 0x59
       [default] (warn): CDROM Read(1, 1): 0x22
       [default] (warn): MEM 32-bit read CDROM: 00 e1 59 22
       [default] (warn): CDROM Read(2, 1): 0x0
       [default] (warn): CDROM Read IFR(3, 1): 0xe1 queue_count=1
       [default] (warn): CDROM Read(0, 1): 0x59
       [default] (warn): CDROM Read(1, 1): 0x22
       [default] (warn): MEM 32-bit read CDROM: 00 e1 59 22
       [default] (warn): CDROM Read(2, 1): 0x0
       [default] (warn): CDROM Read IFR(3, 1): 0xe1 queue_count=1
       [default] (warn): CDROM Read(0, 1): 0x59
       [default] (warn): CDROM Read(1, 1): 0x22
       [default] (warn): MEM 32-bit read CDROM: 00 e1 59 22
       [default] (warn): CDROM Read(2, 1): 0x0
       [default] (warn): CDROM Read IFR(3, 1): 0xe1 queue_count=1
       [default] (warn): CDROM Read(0, 1): 0x59
       [default] (warn): CDROM Read(1, 1): 0x22
       [default] (warn): MEM 32-bit read CDROM: 00 e1 59 22
       [default] (warn): CDROM Read(2, 1): 0x0
       [default] (warn): CDROM Read IFR(3, 1): 0xe1 queue_count=1
       [default] (warn): CDROM Read(0, 1): 0x59
       [default] (warn): CDROM Read(1, 1): 0x22
       [default] (warn): MEM 32-bit read CDROM: 00 e1 59 22
       [default] (warn): CDROM Read(2, 1): 0x0
       [default] (warn): CDROM Read IFR(3, 1): 0xe1 queue_count=1
       [default] (warn): CDROM Read(0, 1): 0x59
       [default] (warn): CDROM Read(1, 1): 0x22
       [default] (warn): MEM 32-bit read CDROM: 00 e1 59 22
       [default] (warn): CDROM Read(2, 1): 0x0
       [default] (warn): CDROM Read IFR(3, 1): 0xe1 queue_count=1
       [default] (warn): CDROM Read(0, 1): 0x59
       [default] (warn): CDROM Read(1, 1): 0x22
       [default] (warn): MEM 32-bit read CDROM: 00 e1 59 22
       [default] (warn): CDROM Read(2, 1): 0x0
       [default] (warn): CDROM Read IFR(3, 1): 0xe1 queue_count=1
       [default] (warn): CDROM Read(0, 1): 0x59
       [default] (warn): CDROM Read(1, 1): 0x22
       [default] (warn): MEM 32-bit read CDROM: 00 e1 59 22
       [default] (warn): CDROM Read(2, 1): 0x0
       [default] (warn): CDROM Read IFR(3, 1): 0xe1 queue_count=1
       [default] (warn): CDROM Read(0, 1): 0x59
       [default] (warn): CDROM Read(1, 1): 0x22
       [default] (warn): MEM 32-bit read CDROM: 00 e1 59 22
       [default] (warn): CDROM Read(2, 1): 0x0
       [default] (warn): CDROM Read IFR(3, 1): 0xe1 queue_count=1
       [default] (warn): CDROM Read(0, 1): 0x59
       [default] (warn): CDROM Read(1, 1): 0x22
       [default] (warn): MEM 32-bit read CDROM: 00 e1 59 22
       [default] (warn): CDROM Read(2, 1): 0x0
       [default] (warn): CDROM Read IFR(3, 1): 0xe1 queue_count=1
       [default] (warn): CDROM Read(0, 1): 0x59
       [default] (warn): CDROM Read(1, 1): 0x22
       [default] (warn): MEM 32-bit read CDROM: 00 e1 59 22
       [default] (warn): CDROM Read(2, 1): 0x0
       [default] (warn): CDROM Read IFR(3, 1): 0xe1 queue_count=1
       [default] (warn): CDROM Read(0, 1): 0x59
       [default] (warn): CDROM Read(1, 1): 0x22
       [default] (warn): MEM 32-bit read CDROM: 00 e1 59 22
       [default] (warn): CDROM Read(2, 1): 0x0
       [default] (warn): CDROM Read IFR(3, 1): 0xe1 queue_count=1
       [default] (warn): CDROM Read(0, 1): 0x59
       [default] (warn): CDROM Read(1, 1): 0x22
       [default] (warn): MEM 32-bit read CDROM: 00 e1 59 22
       [default] (warn): CDROM Read(2, 1): 0x0
       [default] (warn): CDROM Read IFR(3, 1): 0xe1 queue_count=1
       [default] (warn): CDROM Read(0, 1): 0x59
       [default] (warn): CDROM Read(1, 1): 0x22
       [default] (warn): MEM 32-bit read CDROM: 00 e1 59 22
       [default] (warn): CDROM Read(2, 1): 0x0
       [default] (warn): CDROM Read IFR(3, 1): 0xe1 queue_count=1
       [default] (warn): CDROM Read(0, 1): 0x59
       [default] (warn): CDROM Read(1, 1): 0x22
       [default] (warn): MEM 32-bit read CDROM: 00 e1 59 22
       [default] (warn): CDROM Read(2, 1): 0x0
       [default] (warn): CDROM Read IFR(3, 1): 0xe1 queue_count=1
       [default] (warn): CDROM Read(0, 1): 0x59
       [default] (warn): CDROM Read(1, 1): 0x22
       [default] (warn): MEM 32-bit read CDROM: 00 e1 59 22
       [default] (warn): CDROM Read(2, 1): 0x0
       [default] (warn): CDROM Read IFR(3, 1): 0xe1 queue_count=1
       [default] (warn): CDROM Read(0, 1): 0x59
       [default] (warn): CDROM Read(1, 1): 0x22
       [default] (warn): MEM 32-bit read CDROM: 00 e1 59 22
       [default] (warn): CDROM Read(2, 1): 0x0
       [default] (warn): CDROM Read IFR(3, 1): 0xe1 queue_count=1
       [default] (warn): CDROM Read(0, 1): 0x59
       [default] (warn): CDROM Read(1, 1): 0x22
       [default] (warn): MEM 32-bit read CDROM: 00 e1 59 22
       [default] (warn): CDROM Read(2, 1): 0x0
       [default] (warn): CDROM Read IFR(3, 1): 0xe1 queue_count=1
       [default] (warn): CDROM Read(0, 1): 0x59
       [default] (warn): CDROM Read(1, 1): 0x22
       [default] (warn): MEM 32-bit read CDROM: 00 e1 59 22
       [default] (warn): CDROM Read(2, 1): 0x0
       [default] (warn): CDROM Read IFR(3, 1): 0xe1 queue_count=1
       [default] (warn): CDROM Read(0, 1): 0x59
       [default] (warn): CDROM Read(1, 1): 0x22
       [default] (warn): MEM 32-bit read CDROM: 00 e1 59 22
       [default] (warn): CDROM Read(2, 1): 0x0
       [default] (warn): CDROM Read IFR(3, 1): 0xe1 queue_count=1
       [default] (warn): CDROM Read(0, 1): 0x59
       [default] (warn): CDROM Read(1, 1): 0x22
       [default] (warn): MEM 32-bit read CDROM: 00 e1 59 22
       [default] (warn): CDROM Read(2, 1): 0x0
       [default] (warn): CDROM Read IFR(3, 1): 0xe1 queue_count=1
       [default] (warn): CDROM Read(0, 1): 0x59
       [default] (warn): CDROM Read(1, 1): 0x22
       [default] (warn): MEM 32-bit read CDROM: 00 e1 59 22
       [default] (warn): CDROM Read(2, 1): 0x0
       [default] (warn): CDROM Read IFR(3, 1): 0xe1 queue_count=1
       [default] (warn): CDROM Read(0, 1): 0x59
       [default] (warn): CDROM Read(1, 1): 0x22
       [default] (warn): MEM 32-bit read CDROM: 00 e1 59 22
       [default] (warn): CDROM Read(2, 1): 0x0
       [default] (warn): CDROM Read IFR(3, 1): 0xe1 queue_count=1
       [default] (warn): CDROM Read(0, 1): 0x59
       [default] (warn): CDROM Read(1, 1): 0x22
       [default] (warn): MEM 32-bit read CDROM: 00 e1 59 22
       [default] (warn): CDROM Read(2, 1): 0x0
       [default] (warn): CDROM Read IFR(3, 1): 0xe1 queue_count=1
       [default] (warn): CDROM Read(0, 1): 0x59
       [default] (warn): CDROM Read(1, 1): 0x22
       [default] (warn): MEM 32-bit read CDROM: 00 e1 59 22
       [default] (warn): CDROM Read(2, 1): 0x0
       [default] (warn): CDROM Read IFR(3, 1): 0xe1 queue_count=1
       [default] (warn): CDROM Read(0, 1): 0x59
       [default] (warn): CDROM Read(1, 1): 0x22
       [default] (warn): MEM 32-bit read CDROM: 00 e1 59 22
       [default] (warn): CDROM Read(2, 1): 0x0
       [default] (warn): CDROM Read IFR(3, 1): 0xe1 queue_count=1
       [default] (warn): CDROM Read(0, 1): 0x59
       [default] (warn): CDROM Read(1, 1): 0x22
       [default] (warn): MEM 32-bit read CDROM: 00 e1 59 22
       [default] (warn): CDROM Read(2, 1): 0x0
       [default] (warn): CDROM Read IFR(3, 1): 0xe1 queue_count=1
       [default] (warn): CDROM Read(0, 1): 0x59
       [default] (warn): CDROM Read(1, 1): 0x22
       [default] (warn): MEM 32-bit read CDROM: 00 e1 59 22
       [default] (warn): CDROM Read(2, 1): 0x0
       [default] (warn): CDROM Read IFR(3, 1): 0xe1 queue_count=1
       [default] (warn): CDROM Read(0, 1): 0x59
       [default] (warn): CDROM Read(1, 1): 0x22
       [default] (warn): MEM 32-bit read CDROM: 00 e1 59 22
       [default] (warn): CDROM Read(2, 1): 0x0
       [default] (warn): CDROM Read IFR(3, 1): 0xe1 queue_count=1
       [default] (warn): CDROM Read(0, 1): 0x59
       [default] (warn): CDROM Read(1, 1): 0x22
       [default] (warn): MEM 32-bit read CDROM: 00 e1 59 22
       [default] (warn): CDROM Read(2, 1): 0x0
       [default] (warn): CDROM Read IFR(3, 1): 0xe1 queue_count=1
       [default] (warn): CDROM Read(0, 1): 0x59
       [default] (warn): CDROM Read(1, 1): 0x22
       [default] (warn): MEM 32-bit read CDROM: 00 e1 59 22
       [default] (warn): CDROM Read(2, 1): 0x0
       [default] (warn): CDROM Read IFR(3, 1): 0xe1 queue_count=1
       [default] (warn): CDROM Read(0, 1): 0x59
       [default] (warn): CDROM Read(1, 1): 0x22
       [default] (warn): MEM 32-bit read CDROM: 00 e1 59 22
       [default] (warn): CDROM Read(2, 1): 0x0
       [default] (warn): CDROM Read IFR(3, 1): 0xe1 queue_count=1
       [default] (warn): CDROM Read(0, 1): 0x59
       [default] (warn): CDROM Read(1, 1): 0x22
       [default] (warn): MEM 32-bit read CDROM: 00 e1 59 22
       [default] (warn): CDROM Read(2, 1): 0x0
       [default] (warn): CDROM Read IFR(3, 1): 0xe1 queue_count=1
       [default] (warn): CDROM Read(0, 1): 0x59
       [default] (warn): CDROM Read(1, 1): 0x22
       [default] (warn): MEM 32-bit read CDROM: 00 e1 59 22
       [default] (warn): CDROM Read(2, 1): 0x0
       [default] (warn): CDROM Read IFR(3, 1): 0xe1 queue_count=1
       [default] (warn): CDROM Read(0, 1): 0x59
       [default] (warn): CDROM Read(1, 1): 0x22
       [default] (warn): MEM 32-bit read CDROM: 00 e1 59 22
       [default] (warn): CDROM Read(2, 1): 0x0
       [default] (warn): CDROM Read IFR(3, 1): 0xe1 queue_count=1
       [default] (warn): CDROM Read(0, 1): 0x59
       [default] (warn): CDROM Read(1, 1): 0x22
       [default] (warn): MEM 32-bit read CDROM: 00 e1 59 22
       [default] (warn): CDROM Read(2, 1): 0x0
       [default] (warn): CDROM Read IFR(3, 1): 0xe1 queue_count=1
       [default] (warn): CDROM Read(0, 1): 0x59
       [default] (warn): CDROM Read(1, 1): 0x22
       [default] (warn): MEM 32-bit read CDROM: 00 e1 59 22
       [default] (warn): CDROM Read(2, 1): 0x0
       [default] (warn): CDROM Read IFR(3, 1): 0xe1 queue_count=1
       [default] (warn): CDROM Read(0, 1): 0x59
       [default] (warn): CDROM Read(1, 1): 0x22
       [default] (warn): MEM 32-bit read CDROM: 00 e1 59 22
       [default] (warn): CDROM Read(2, 1): 0x0
       [default] (warn): CDROM Read IFR(3, 1): 0xe1 queue_count=1
       [default] (warn): CDROM Read(0, 1): 0x59
       [default] (warn): CDROM Read(1, 1): 0x22
       [default] (warn): MEM 32-bit read CDROM: 00 e1 59 22
       [default] (warn): CDROM Read(2, 1): 0x0
       [default] (warn): CDROM Read IFR(3, 1): 0xe1 queue_count=1
       [default] (warn): CDROM Read(0, 1): 0x59
       [default] (warn): CDROM Read(1, 1): 0x22
       [default] (warn): MEM 32-bit read CDROM: 00 e1 59 22
       [default] (warn): CDROM Read(2, 1): 0x0
       [default] (warn): CDROM Read IFR(3, 1): 0xe1 queue_count=1
       [default] (warn): CDROM Read(0, 1): 0x59
       [default] (warn): CDROM Read(1, 1): 0x22
       [default] (warn): MEM 32-bit read CDROM: 00 e1 59 22
       [default] (warn): CDROM Read(2, 1): 0x0
       [default] (warn): CDROM Read IFR(3, 1): 0xe1 queue_count=1
       [default] (warn): CDROM Read(0, 1): 0x59
       [default] (warn): CDROM Read(1, 1): 0x22
       [default] (warn): MEM 32-bit read CDROM: 00 e1 59 22
       [default] (warn): CDROM Read(2, 1): 0x0
       [default] (warn): CDROM Read IFR(3, 1): 0xe1 queue_count=1
       [default] (warn): CDROM Read(0, 1): 0x59
       [default] (warn): CDROM Read(1, 1): 0x22
       [default] (warn): MEM 32-bit read CDROM: 00 e1 59 22
       [default] (warn): CDROM Read(2, 1): 0x0
       [default] (warn): CDROM Read IFR(3, 1): 0xe1 queue_count=1
       [default] (warn): CDROM Read(0, 1): 0x59
       [default] (warn): CDROM Read(1, 1): 0x22
       [default] (warn): MEM 32-bit read CDROM: 00 e1 59 22
       [default] (warn): CDROM Read(2, 1): 0x0
       [default] (warn): CDROM Read IFR(3, 1): 0xe1 queue_count=1
       [default] (warn): CDROM Read(0, 1): 0x59
       [default] (warn): CDROM Read(1, 1): 0x22
       [default] (warn): MEM 32-bit read CDROM: 00 e1 59 22
       [default] (warn): CDROM Read(2, 1): 0x0
       [default] (warn): CDROM Read IFR(3, 1): 0xe1 queue_count=1
       [default] (warn): CDROM Read(0, 1): 0x59
       [default] (warn): CDROM Read(1, 1): 0x22
       [default] (warn): MEM 32-bit read CDROM: 00 e1 59 22
       [default] (warn): CDROM Read(2, 1): 0x0
       [default] (warn): CDROM Read IFR(3, 1): 0xe1 queue_count=1
       [default] (warn): CDROM Read(0, 1): 0x59
       [default] (warn): CDROM Read(1, 1): 0x22
       [default] (warn): MEM 32-bit read CDROM: 00 e1 59 22
       [default] (warn): CDROM Read(2, 1): 0x0
       [default] (warn): CDROM Read IFR(3, 1): 0xe1 queue_count=1
       [default] (warn): CDROM Read(0, 1): 0x59
       [default] (warn): CDROM Read(1, 1): 0x22
       [default] (warn): MEM 32-bit read CDROM: 00 e1 59 22
       [default] (warn): CDROM Read(2, 1): 0x0
       [default] (warn): CDROM Read IFR(3, 1): 0xe1 queue_count=1
       [default] (warn): CDROM Read(0, 1): 0x59
       [default] (warn): CDROM Read(1, 1): 0x22
       [default] (warn): MEM 32-bit read CDROM: 00 e1 59 22
       [default] (warn): CDROM Read(2, 1): 0x0
       [default] (warn): CDROM Read IFR(3, 1): 0xe1 queue_count=1
       [default] (warn): CDROM Read(0, 1): 0x59
       [default] (warn): CDROM Read(1, 1): 0x22
       [default] (warn): MEM 32-bit read CDROM: 00 e1 59 22
       [default] (warn): CDROM Read(2, 1): 0x0
       [default] (warn): CDROM Read IFR(3, 1): 0xe1 queue_count=1
       [default] (warn): CDROM Read(0, 1): 0x59
       [default] (warn): CDROM Read(1, 1): 0x22
       [default] (warn): MEM 32-bit read CDROM: 00 e1 59 22
       [default] (warn): CDROM Read(2, 1): 0x0
       [default] (warn): CDROM Read IFR(3, 1): 0xe1 queue_count=1
       [default] (warn): CDROM Read(0, 1): 0x59
       [default] (warn): CDROM Read(1, 1): 0x22
       [default] (warn): MEM 32-bit read CDROM: 00 e1 59 22
       [default] (warn): CDROM Read(2, 1): 0x0
       [default] (warn): CDROM Read IFR(3, 1): 0xe1 queue_count=1
       [default] (warn): CDROM Read(0, 1): 0x59
       [default] (warn): CDROM Read(1, 1): 0x22
       [default] (warn): MEM 32-bit read CDROM: 00 e1 59 22
       [default] (warn): CDROM Read(2, 1): 0x0
       [default] (warn): CDROM Read IFR(3, 1): 0xe1 queue_count=1
       [default] (warn): CDROM Read(0, 1): 0x59
       [default] (warn): CDROM Read(1, 1): 0x22
       [default] (warn): MEM 32-bit read CDROM: 00 e1 59 22
       [default] (warn): CDROM Read(2, 1): 0x0
       [default] (warn): CDROM Read IFR(3, 1): 0xe1 queue_count=1
       [default] (warn): CDROM Read(0, 1): 0x59
       [default] (warn): CDROM Read(1, 1): 0x22
       [default] (warn): MEM 32-bit read CDROM: 00 e1 59 22
       [default] (warn): CDROM Read(2, 1): 0x0
       [default] (warn): CDROM Read IFR(3, 1): 0xe1 queue_count=1
       [default] (warn): CDROM Read(0, 1): 0x59
       [default] (warn): CDROM Read(1, 1): 0x22
       [default] (warn): MEM 32-bit read CDROM: 00 e1 59 22
       [default] (warn): CDROM Read(2, 1): 0x0
       [default] (warn): CDROM Read IFR(3, 1): 0xe1 queue_count=1
       [default] (warn): CDROM Read(0, 1): 0x59
       [default] (warn): CDROM Read(1, 1): 0x22
       [default] (warn): MEM 32-bit read CDROM: 00 e1 59 22
       [default] (warn): CDROM Read(2, 1): 0x0
       [default] (warn): CDROM Read IFR(3, 1): 0xe1 queue_count=1
       [default] (warn): CDROM Read(0, 1): 0x59
       [default] (warn): CDROM Read(1, 1): 0x22
       [default] (warn): MEM 32-bit read CDROM: 00 e1 59 22
       [default] (warn): CDROM Read(2, 1): 0x0
       [default] (warn): CDROM Read IFR(3, 1): 0xe1 queue_count=1
       [default] (warn): CDROM Read(0, 1): 0x59
       [default] (warn): CDROM Read(1, 1): 0x22
       [default] (warn): MEM 32-bit read CDROM: 00 e1 59 22
       [default] (warn): CDROM Read(2, 1): 0x0
       [default] (warn): CDROM Read IFR(3, 1): 0xe1 queue_count=1
       [default] (warn): CDROM Read(0, 1): 0x59
       [default] (warn): CDROM Read(1, 1): 0x22
       [default] (warn): MEM 32-bit read CDROM: 00 e1 59 22
       [default] (warn): CDROM Read(2, 1): 0x0
       [default] (warn): CDROM Read IFR(3, 1): 0xe1 queue_count=1
       [default] (warn): CDROM Read(0, 1): 0x59
       [default] (warn): CDROM Read(1, 1): 0x22
       [default] (warn): MEM 32-bit read CDROM: 00 e1 59 22
       [default] (warn): CDROM Read(2, 1): 0x0
       [default] (warn): CDROM Read IFR(3, 1): 0xe1 queue_count=1
       [default] (warn): CDROM Read(0, 1): 0x59
       [default] (warn): CDROM Read(1, 1): 0x22
       [default] (warn): MEM 32-bit read CDROM: 00 e1 59 22
       [default] (warn): CDROM Read(2, 1): 0x0
       [default] (warn): CDROM Read IFR(3, 1): 0xe1 queue_count=1
       [default] (warn): CDROM Read(0, 1): 0x59
       [default] (warn): CDROM Read(1, 1): 0x22
       [default] (warn): MEM 32-bit read CDROM: 00 e1 59 22
       [default] (warn): CDROM Read(2, 1): 0x0
       [default] (warn): CDROM Read IFR(3, 1): 0xe1 queue_count=1
       [default] (warn): CDROM Read(0, 1): 0x59
       [default] (warn): CDROM Read(1, 1): 0x22
       [default] (warn): MEM 32-bit read CDROM: 00 e1 59 22
       [default] (warn): CDROM Read(2, 1): 0x0
       [default] (warn): CDROM Read IFR(3, 1): 0xe1 queue_count=1
       [default] (warn): CDROM Read(0, 1): 0x59
       [default] (warn): CDROM Read(1, 1): 0x22
       [default] (warn): MEM 32-bit read CDROM: 00 e1 59 22
       [default] (warn): CDROM Read(2, 1): 0x0
       [default] (warn): CDROM Read IFR(3, 1): 0xe1 queue_count=1
       [default] (warn): CDROM Read(0, 1): 0x59
       [default] (warn): CDROM Read(1, 1): 0x22
       [default] (warn): MEM 32-bit read CDROM: 00 e1 59 22
       [default] (warn): CDROM Read(2, 1): 0x0
       [default] (warn): CDROM Read IFR(3, 1): 0xe1 queue_count=1
       [default] (warn): CDROM Read(0, 1): 0x59
       [default] (warn): CDROM Read(1, 1): 0x22
       [default] (warn): MEM 32-bit read CDROM: 00 e1 59 22
       [default] (warn): CDROM Read(2, 1): 0x0
       [default] (warn): CDROM Read IFR(3, 1): 0xe1 queue_count=1
       [default] (warn): CDROM Read(0, 1): 0x59
       [default] (warn): CDROM Read(1, 1): 0x22
       [default] (warn): MEM 32-bit read CDROM: 00 e1 59 22
       [default] (warn): CDROM Read(2, 1): 0x0
       [default] (warn): CDROM Read IFR(3, 1): 0xe1 queue_count=1
       [default] (warn): CDROM Read(0, 1): 0x59
       [default] (warn): CDROM Read(1, 1): 0x22
       [default] (warn): MEM 32-bit read CDROM: 00 e1 59 22
       [default] (warn): CDROM Read(2, 1): 0x0
       [default] (warn): CDROM Read IFR(3, 1): 0xe1 queue_count=1
       [default] (warn): CDROM Read(0, 1): 0x59
       [default] (warn): CDROM Read(1, 1): 0x22
       [default] (warn): MEM 32-bit read CDROM: 00 e1 59 22
       [default] (warn): CDROM Read(2, 1): 0x0
       [default] (warn): CDROM Read IFR(3, 1): 0xe1 queue_count=1
       [default] (warn): CDROM Read(0, 1): 0x59
       [default] (warn): CDROM Read(1, 1): 0x22
       [default] (warn): MEM 32-bit read CDROM: 00 e1 59 22
       [default] (warn): CDROM Read(2, 1): 0x0
       [default] (warn): CDROM Read IFR(3, 1): 0xe1 queue_count=1
       [default] (warn): CDROM Read(0, 1): 0x59
       [default] (warn): CDROM Read(1, 1): 0x22
       [default] (warn): MEM 32-bit read CDROM: 00 e1 59 22
       [default] (warn): CDROM Read(2, 1): 0x0
       [default] (warn): CDROM Read IFR(3, 1): 0xe1 queue_count=1
       [default] (warn): CDROM Read(0, 1): 0x59
       [default] (warn): CDROM Read(1, 1): 0x22
       [default] (warn): MEM 32-bit read CDROM: 00 e1 59 22
       [default] (warn): CDROM Read(2, 1): 0x0
       [default] (warn): CDROM Read IFR(3, 1): 0xe1 queue_count=1
       [default] (warn): CDROM Read(0, 1): 0x59
       [default] (warn): CDROM Read(1, 1): 0x22
       [default] (warn): MEM 32-bit read CDROM: 00 e1 59 22
       [default] (warn): CDROM Read(2, 1): 0x0
       [default] (warn): CDROM Read IFR(3, 1): 0xe1 queue_count=1
       [default] (warn): CDROM Read(0, 1): 0x59
       [default] (warn): CDROM Read(1, 1): 0x22
       [default] (warn): MEM 32-bit read CDROM: 00 e1 59 22
       [default] (warn): CDROM Read(2, 1): 0x0
       [default] (warn): CDROM Read IFR(3, 1): 0xe1 queue_count=1
       [default] (warn): CDROM Read(0, 1): 0x59
       [default] (warn): CDROM Read(1, 1): 0x22
       [default] (warn): MEM 32-bit read CDROM: 00 e1 59 22
       [default] (warn): CDROM Read(2, 1): 0x0
       [default] (warn): CDROM Read IFR(3, 1): 0xe1 queue_count=1
       [default] (warn): CDROM Read(0, 1): 0x59
       [default] (warn): CDROM Read(1, 1): 0x22
       [default] (warn): MEM 32-bit read CDROM: 00 e1 59 22
       [default] (warn): CDROM Read(2, 1): 0x0
       [default] (warn): CDROM Read IFR(3, 1): 0xe1 queue_count=1
       [default] (warn): CDROM Read(0, 1): 0x59
       [default] (warn): CDROM Read(1, 1): 0x22
       [default] (warn): MEM 32-bit read CDROM: 00 e1 59 22
       [default] (warn): CDROM Read(2, 1): 0x0
       [default] (warn): CDROM Read IFR(3, 1): 0xe1 queue_count=1
       [default] (warn): CDROM Read(0, 1): 0x59
       [default] (warn): CDROM Read(1, 1): 0x22
       [default] (warn): MEM 32-bit read CDROM: 00 e1 59 22
       [default] (warn): CDROM Read(2, 1): 0x0
       [default] (warn): CDROM Read IFR(3, 1): 0xe1 queue_count=1
       [default] (warn): CDROM Read(0, 1): 0x59
       [default] (warn): CDROM Read(1, 1): 0x22
       [default] (warn): MEM 32-bit read CDROM: 00 e1 59 22
       [default] (warn): CDROM Read(2, 1): 0x0
       [default] (warn): CDROM Read IFR(3, 1): 0xe1 queue_count=1
       [default] (warn): CDROM Read(0, 1): 0x59
       [default] (warn): CDROM Read(1, 1): 0x22
       [default] (warn): MEM 32-bit read CDROM: 00 e1 59 22
       [default] (warn): CDROM Read(2, 1): 0x0
       [default] (warn): CDROM Read IFR(3, 1): 0xe1 queue_count=1
       [default] (warn): CDROM Read(0, 1): 0x59
       [default] (warn): CDROM Read(1, 1): 0x22
       [default] (warn): MEM 32-bit read CDROM: 00 e1 59 22
       [default] (warn): CDROM Read(2, 1): 0x0
       [default] (warn): CDROM Read IFR(3, 1): 0xe1 queue_count=1
       [default] (warn): CDROM Read(0, 1): 0x59
       [default] (warn): CDROM Read(1, 1): 0x22
       [default] (warn): MEM 32-bit read CDROM: 00 e1 59 22
       [default] (warn): CDROM Read(2, 1): 0x0
       [default] (warn): CDROM Read IFR(3, 1): 0xe1 queue_count=1
       [default] (warn): CDROM Read(0, 1): 0x59
       [default] (warn): CDROM Read(1, 1): 0x22
       [default] (warn): MEM 32-bit read CDROM: 00 e1 59 22
       [default] (warn): CDROM Read(2, 1): 0x0
       [default] (warn): CDROM Read IFR(3, 1): 0xe1 queue_count=1
       [default] (warn): CDROM Read(0, 1): 0x59
       [default] (warn): CDROM Read(1, 1): 0x22
       [default] (warn): MEM 32-bit read CDROM: 00 e1 59 22
       [default] (warn): CDROM Read(2, 1): 0x0
       [default] (warn): CDROM Read IFR(3, 1): 0xe1 queue_count=1
       [default] (warn): CDROM Read(0, 1): 0x59
       [default] (warn): CDROM Read(1, 1): 0x22
       [default] (warn): MEM 32-bit read CDROM: 00 e1 59 22
       [default] (warn): CDROM Read(2, 1): 0x0
       [default] (warn): CDROM Read IFR(3, 1): 0xe1 queue_count=1
       [default] (warn): CDROM Read(0, 1): 0x59
       [default] (warn): CDROM Read(1, 1): 0x22
       [default] (warn): MEM 32-bit read CDROM: 00 e1 59 22
       [default] (warn): CDROM Read(2, 1): 0x0
       [default] (warn): CDROM Read IFR(3, 1): 0xe1 queue_count=1
       [default] (warn): CDROM Read(0, 1): 0x59
       [default] (warn): CDROM Read(1, 1): 0x22
       [default] (warn): MEM 32-bit read CDROM: 00 e1 59 22
       [default] (warn): CDROM Read(2, 1): 0x0
       [default] (warn): CDROM Read IFR(3, 1): 0xe1 queue_count=1
       [default] (warn): CDROM Read(0, 1): 0x59
       [default] (warn): CDROM Read(1, 1): 0x22
       [default] (warn): MEM 32-bit read CDROM: 00 e1 59 22
       [default] (warn): CDROM Read(2, 1): 0x0
       [default] (warn): CDROM Read IFR(3, 1): 0xe1 queue_count=1
       [default] (warn): CDROM Read(0, 1): 0x59
       [default] (warn): CDROM Read(1, 1): 0x22
       [default] (warn): MEM 32-bit read CDROM: 00 e1 59 22
       [default] (warn): CDROM Read(2, 1): 0x0
       [default] (warn): CDROM Read IFR(3, 1): 0xe1 queue_count=1
       [default] (warn): CDROM Read(0, 1): 0x59
       [default] (warn): CDROM Read(1, 1): 0x22
       [default] (warn): MEM 32-bit read CDROM: 00 e1 59 22
       [default] (warn): CDROM Read(2, 1): 0x0
       [default] (warn): CDROM Read IFR(3, 1): 0xe1 queue_count=1
       [default] (warn): CDROM Read(0, 1): 0x59
       [default] (warn): CDROM Read(1, 1): 0x22
       [default] (warn): MEM 32-bit read CDROM: 00 e1 59 22
       [default] (warn): CDROM Read(2, 1): 0x0
       [default] (warn): CDROM Read IFR(3, 1): 0xe1 queue_count=1
       [default] (warn): CDROM Read(0, 1): 0x59
       [default] (warn): CDROM Read(1, 1): 0x22
       [default] (warn): MEM 32-bit read CDROM: 00 e1 59 22
       [default] (warn): CDROM Read(2, 1): 0x0
       [default] (warn): CDROM Read IFR(3, 1): 0xe1 queue_count=1
       [default] (warn): CDROM Read(0, 1): 0x59
       [default] (warn): CDROM Read(1, 1): 0x22
       [default] (warn): MEM 32-bit read CDROM: 00 e1 59 22
       [default] (warn): CDROM Read(2, 1): 0x0
       [default] (warn): CDROM Read IFR(3, 1): 0xe1 queue_count=1
       [default] (warn): CDROM Read(0, 1): 0x59
       [default] (warn): CDROM Read(1, 1): 0x22
       [default] (warn): MEM 32-bit read CDROM: 00 e1 59 22
       [default] (warn): CDROM Read(2, 1): 0x0
       [default] (warn): CDROM Read IFR(3, 1): 0xe1 queue_count=1
       [default] (warn): CDROM Read(0, 1): 0x59
       [default] (warn): CDROM Read(1, 1): 0x22
       [default] (warn): MEM 32-bit read CDROM: 00 e1 59 22
       [default] (warn): CDROM Read(2, 1): 0x0
       [default] (warn): CDROM Read IFR(3, 1): 0xe1 queue_count=1
       [default] (warn): CDROM Read(0, 1): 0x59
       [default] (warn): CDROM Read(1, 1): 0x22
       [default] (warn): MEM 32-bit read CDROM: 00 e1 59 22
       [default] (warn): CDROM Read(2, 1): 0x0
       [default] (warn): CDROM Read IFR(3, 1): 0xe1 queue_count=1
       [default] (warn): CDROM Read(0, 1): 0x59
       [default] (warn): CDROM Read(1, 1): 0x22
       [default] (warn): MEM 32-bit read CDROM: 00 e1 59 22
       [default] (warn): CDROM Read(2, 1): 0x0
       [default] (warn): CDROM Read IFR(3, 1): 0xe1 queue_count=1
       [default] (warn): CDROM Read(0, 1): 0x59
       [default] (warn): CDROM Read(1, 1): 0x22
       [default] (warn): MEM 32-bit read CDROM: 00 e1 59 22
       [default] (warn): CDROM Read(2, 1): 0x0
       [default] (warn): CDROM Read IFR(3, 1): 0xe1 queue_count=1
       [default] (warn): CDROM Read(0, 1): 0x59
       [default] (warn): CDROM Read(1, 1): 0x22
       [default] (warn): MEM 32-bit read CDROM: 00 e1 59 22
       [default] (warn): CDROM Read(2, 1): 0x0
       [default] (warn): CDROM Read IFR(3, 1): 0xe1 queue_count=1
       [default] (warn): CDROM Read(0, 1): 0x59
       [default] (warn): CDROM Read(1, 1): 0x22
       [default] (warn): MEM 32-bit read CDROM: 00 e1 59 22
       [default] (warn): CDROM Read(2, 1): 0x0
       [default] (warn): CDROM Read IFR(3, 1): 0xe1 queue_count=1
       [default] (warn): CDROM Read(0, 1): 0x59
       [default] (warn): CDROM Read(1, 1): 0x22
       [default] (warn): MEM 32-bit read CDROM: 00 e1 59 22
       [default] (warn): CDROM Read(2, 1): 0x0
       [default] (warn): CDROM Read IFR(3, 1): 0xe1 queue_count=1
       [default] (warn): CDROM Read(0, 1): 0x59
       [default] (warn): CDROM Read(1, 1): 0x22
       [default] (warn): MEM 32-bit read CDROM: 00 e1 59 22
       [default] (warn): CDROM Read(2, 1): 0x0
       [default] (warn): CDROM Read IFR(3, 1): 0xe1 queue_count=1
       [default] (warn): CDROM Read(0, 1): 0x59
       [default] (warn): CDROM Read(1, 1): 0x22
       [default] (warn): MEM 32-bit read CDROM: 00 e1 59 22
       [default] (warn): CDROM Read(2, 1): 0x0
       [default] (warn): CDROM Read IFR(3, 1): 0xe1 queue_count=1
       [default] (warn): CDROM Read(0, 1): 0x59
       [default] (warn): CDROM Read(1, 1): 0x22
       [default] (warn): MEM 32-bit read CDROM: 00 e1 59 22
       [default] (warn): CDROM Read(2, 1): 0x0
       [default] (warn): CDROM Read IFR(3, 1): 0xe1 queue_count=1
       [default] (warn): CDROM Read(0, 1): 0x59
       [default] (warn): CDROM Read(1, 1): 0x22
       [default] (warn): MEM 32-bit read CDROM: 00 e1 59 22
       [default] (warn): CDROM Read(2, 1): 0x0
       [default] (warn): CDROM Read IFR(3, 1): 0xe1 queue_count=1
       [default] (warn): CDROM Read(0, 1): 0x59
       [default] (warn): CDROM Read(1, 1): 0x22
       [default] (warn): MEM 32-bit read CDROM: 00 e1 59 22
       [default] (warn): CDROM Read(2, 1): 0x0
       [default] (warn): CDROM Read IFR(3, 1): 0xe1 queue_count=1
       [default] (warn): CDROM Read(0, 1): 0x59
       [default] (warn): CDROM Read(1, 1): 0x22
       [default] (warn): MEM 32-bit read CDROM: 00 e1 59 22
       [default] (warn): CDROM Read(2, 1): 0x0
       [default] (warn): CDROM Read IFR(3, 1): 0xe1 queue_count=1
       [default] (warn): CDROM Read(0, 1): 0x59
       [default] (warn): CDROM Read(1, 1): 0x22
       [default] (warn): MEM 32-bit read CDROM: 00 e1 59 22
       [default] (warn): CDROM Read(2, 1): 0x0
       [default] (warn): CDROM Read IFR(3, 1): 0xe1 queue_count=1
       [default] (warn): CDROM Read(0, 1): 0x59
       [default] (warn): CDROM Read(1, 1): 0x22
       [default] (warn): MEM 32-bit read CDROM: 00 e1 59 22
       [default] (warn): CDROM Read(2, 1): 0x0
       [default] (warn): CDROM Read IFR(3, 1): 0xe1 queue_count=1
       [default] (warn): CDROM Read(0, 1): 0x59
       [default] (warn): CDROM Read(1, 1): 0x22
       [default] (warn): MEM 32-bit read CDROM: 00 e1 59 22
       [default] (warn): CDROM Read(2, 1): 0x0
       [default] (warn): CDROM Read IFR(3, 1): 0xe1 queue_count=1
       [default] (warn): CDROM Read(0, 1): 0x59
       [default] (warn): CDROM Read(1, 1): 0x22
       [default] (warn): MEM 32-bit read CDROM: 00 e1 59 22
       [default] (warn): CDROM Read(2, 1): 0x0
       [default] (warn): CDROM Read IFR(3, 1): 0xe1 queue_count=1
       [default] (warn): CDROM Read(0, 1): 0x59
       [default] (warn): CDROM Read(1, 1): 0x22
       [default] (warn): MEM 32-bit read CDROM: 00 e1 59 22
       [default] (warn): CDROM Read(2, 1): 0x0
       [default] (warn): CDROM Read IFR(3, 1): 0xe1 queue_count=1
       [default] (warn): CDROM Read(0, 1): 0x59
       [default] (warn): CDROM Read(1, 1): 0x22
       [default] (warn): MEM 32-bit read CDROM: 00 e1 59 22
       [default] (warn): CDROM Read(2, 1): 0x0
       [default] (warn): CDROM Read IFR(3, 1): 0xe1 queue_count=1
       [default] (warn): CDROM Read(0, 1): 0x59
       [default] (warn): CDROM Read(1, 1): 0x22
       [default] (warn): MEM 32-bit read CDROM: 00 e1 59 22
       [default] (warn): CDROM Read(2, 1): 0x0
       [default] (warn): CDROM Read IFR(3, 1): 0xe1 queue_count=1
       [default] (warn): CDROM Read(0, 1): 0x59
       [default] (warn): CDROM Read(1, 1): 0x22
       [default] (warn): MEM 32-bit read CDROM: 00 e1 59 22
       [default] (warn): CDROM Read(2, 1): 0x0
       [default] (warn): CDROM Read IFR(3, 1): 0xe1 queue_count=1
       [default] (warn): CDROM Read(0, 1): 0x59
       [default] (warn): CDROM Read(1, 1): 0x22
       [default] (warn): MEM 32-bit read CDROM: 00 e1 59 22
       [default] (warn): CDROM Read(2, 1): 0x0
       [default] (warn): CDROM Read IFR(3, 1): 0xe1 queue_count=1
       [default] (warn): CDROM Read(0, 1): 0x59
       [default] (warn): CDROM Read(1, 1): 0x22
       [default] (warn): MEM 32-bit read CDROM: 00 e1 59 22
       [default] (warn): CDROM Read(2, 1): 0x0
       [default] (warn): CDROM Read IFR(3, 1): 0xe1 queue_count=1
       [default] (warn): CDROM Read(0, 1): 0x59
       [default] (warn): CDROM Read(1, 1): 0x22
       [default] (warn): MEM 32-bit read CDROM: 00 e1 59 22
       [default] (warn): CDROM Read(2, 1): 0x0
       [default] (warn): CDROM Read IFR(3, 1): 0xe1 queue_count=1
       [default] (warn): CDROM Read(0, 1): 0x59
       [default] (warn): CDROM Read(1, 1): 0x22
       [default] (warn): MEM 32-bit read CDROM: 00 e1 59 22
       [default] (warn): CDROM Read(2, 1): 0x0
       [default] (warn): CDROM Read IFR(3, 1): 0xe1 queue_count=1
       [default] (warn): CDROM Read(0, 1): 0x59
       [default] (warn): CDROM Read(1, 1): 0x22
       [default] (warn): MEM 32-bit read CDROM: 00 e1 59 22
       [default] (warn): CDROM Read(2, 1): 0x0
       [default] (warn): CDROM Read IFR(3, 1): 0xe1 queue_count=1
       [default] (warn): CDROM Read(0, 1): 0x59
       [default] (warn): CDROM Read(1, 1): 0x22
       [default] (warn): MEM 32-bit read CDROM: 00 e1 59 22
       [default] (warn): CDROM Read(2, 1): 0x0
       [default] (warn): CDROM Read IFR(3, 1): 0xe1 queue_count=1
       [default] (warn): CDROM Read(0, 1): 0x59
       [default] (warn): CDROM Read(1, 1): 0x22
       [default] (warn): MEM 32-bit read CDROM: 00 e1 59 22
       [default] (warn): CDROM Read(2, 1): 0x0
       [default] (warn): CDROM Read IFR(3, 1): 0xe1 queue_count=1
       [default] (warn): CDROM Read(0, 1): 0x59
       [default] (warn): CDROM Read(1, 1): 0x22
       [default] (warn): MEM 32-bit read CDROM: 00 e1 59 22
       [default] (warn): CDROM Read(2, 1): 0x0
       [default] (warn): CDROM Read IFR(3, 1): 0xe1 queue_count=1
       [default] (warn): CDROM Read(0, 1): 0x59
       [default] (warn): CDROM Read(1, 1): 0x22
       [default] (warn): MEM 32-bit read CDROM: 00 e1 59 22
       [default] (warn): CDROM Read(2, 1): 0x0
       [default] (warn): CDROM Read IFR(3, 1): 0xe1 queue_count=1
       [default] (warn): CDROM Read(0, 1): 0x59
       [default] (warn): CDROM Read(1, 1): 0x22
       [default] (warn): MEM 32-bit read CDROM: 00 e1 59 22
       [default] (warn): CDROM Read(2, 1): 0x0
       [default] (warn): CDROM Read IFR(3, 1): 0xe1 queue_count=1
       [default] (warn): CDROM Read(0, 1): 0x59
       [default] (warn): CDROM Read(1, 1): 0x22
       [default] (warn): MEM 32-bit read CDROM: 00 e1 59 22
       [default] (warn): CDROM Read(2, 1): 0x0
       [default] (warn): CDROM Read IFR(3, 1): 0xe1 queue_count=1
       [default] (warn): CDROM Read(0, 1): 0x59
       [default] (warn): CDROM Read(1, 1): 0x22
       [default] (warn): MEM 32-bit read CDROM: 00 e1 59 22
       [default] (warn): CDROM Read(2, 1): 0x0
       [default] (warn): CDROM Read IFR(3, 1): 0xe1 queue_count=1
       [default] (warn): CDROM Read(0, 1): 0x59
       [default] (warn): CDROM Read(1, 1): 0x22
       [default] (warn): MEM 32-bit read CDROM: 00 e1 59 22
       [default] (warn): CDROM Read(2, 1): 0x0
       [default] (warn): CDROM Read IFR(3, 1): 0xe1 queue_count=1
       [default] (warn): CDROM Read(0, 1): 0x59
       [default] (warn): CDROM Read(1, 1): 0x22
       [default] (warn): MEM 32-bit read CDROM: 00 e1 59 22
       [default] (warn): CDROM Read(2, 1): 0x0
       [default] (warn): CDROM Read IFR(3, 1): 0xe1 queue_count=1
       [default] (warn): CDROM Read(0, 1): 0x59
       [default] (warn): CDROM Read(1, 1): 0x22
       [default] (warn): MEM 32-bit read CDROM: 00 e1 59 22
       [default] (warn): CDROM Read(2, 1): 0x0
       [default] (warn): CDROM Read IFR(3, 1): 0xe1 queue_count=1
       [default] (warn): CDROM Read(0, 1): 0x59
       [default] (warn): CDROM Read(1, 1): 0x22
       [default] (warn): MEM 32-bit read CDROM: 00 e1 59 22
       [default] (warn): CDROM Read(2, 1): 0x0
       [default] (warn): CDROM Read IFR(3, 1): 0xe1 queue_count=1
       [default] (warn): CDROM Read(0, 1): 0x59
       [default] (warn): CDROM Read(1, 1): 0x22
       [default] (warn): MEM 32-bit read CDROM: 00 e1 59 22
       [default] (warn): CDROM Read(2, 1): 0x0
       [default] (warn): CDROM Read IFR(3, 1): 0xe1 queue_count=1
       [default] (warn): CDROM Read(0, 1): 0x59
       [default] (warn): CDROM Read(1, 1): 0x22
       [default] (warn): MEM 32-bit read CDROM: 00 e1 59 22
       [default] (warn): CDROM Read(2, 1): 0x0
       [default] (warn): CDROM Read IFR(3, 1): 0xe1 queue_count=1
       [default] (warn): CDROM Read(0, 1): 0x59
       [default] (warn): CDROM Read(1, 1): 0x22
       [default] (warn): MEM 32-bit read CDROM: 00 e1 59 22
       [default] (warn): CDROM Read(2, 1): 0x0
       [default] (warn): CDROM Read IFR(3, 1): 0xe1 queue_count=1
       [default] (warn): CDROM Read(0, 1): 0x59
       [default] (warn): CDROM Read(1, 1): 0x22
       [default] (warn): MEM 32-bit read CDROM: 00 e1 59 22
       [default] (warn): CDROM Read(2, 1): 0x0
       [default] (warn): CDROM Read IFR(3, 1): 0xe1 queue_count=1
       [default] (warn): CDROM Read(0, 1): 0x59
       [default] (warn): CDROM Read(1, 1): 0x22
       [default] (warn): MEM 32-bit read CDROM: 00 e1 59 22
       [default] (warn): CDROM Read(2, 1): 0x0
       [default] (warn): CDROM Read IFR(3, 1): 0xe1 queue_count=1
       [default] (warn): CDROM Read(0, 1): 0x59
       [default] (warn): CDROM Read(1, 1): 0x22
       [default] (warn): MEM 32-bit read CDROM: 00 e1 59 22
       [default] (warn): CDROM Read(2, 1): 0x0
       [default] (warn): CDROM Read IFR(3, 1): 0xe1 queue_count=1
       [default] (warn): CDROM Read(0, 1): 0x59
       [default] (warn): CDROM Read(1, 1): 0x22
       [default] (warn): MEM 32-bit read CDROM: 00 e1 59 22
       [default] (warn): CDROM Read(2, 1): 0x0
       [default] (warn): CDROM Read IFR(3, 1): 0xe1 queue_count=1
       [default] (warn): CDROM Read(0, 1): 0x59
       [default] (warn): CDROM Read(1, 1): 0x22
       [default] (warn): MEM 32-bit read CDROM: 00 e1 59 22
       [default] (warn): CDROM Read(2, 1): 0x0
       [default] (warn): CDROM Read IFR(3, 1): 0xe1 queue_count=1
       [default] (warn): CDROM Read(0, 1): 0x59
       [default] (warn): CDROM Read(1, 1): 0x22
       [default] (warn): MEM 32-bit read CDROM: 00 e1 59 22
       [default] (warn): CDROM Read(2, 1): 0x0
       [default] (warn): CDROM Read IFR(3, 1): 0xe1 queue_count=1
       [default] (warn): CDROM Read(0, 1): 0x59
       [default] (warn): CDROM Read(1, 1): 0x22
       [default] (warn): MEM 32-bit read CDROM: 00 e1 59 22
       [default] (warn): CDROM Read(2, 1): 0x0
       [default] (warn): CDROM Read IFR(3, 1): 0xe1 queue_count=1
       [default] (warn): CDROM Read(0, 1): 0x59
       [default] (warn): CDROM Read(1, 1): 0x22
       [default] (warn): MEM 32-bit read CDROM: 00 e1 59 22
       [default] (warn): CDROM Read(2, 1): 0x0
       [default] (warn): CDROM Read IFR(3, 1): 0xe1 queue_count=1
       [default] (warn): CDROM Read(0, 1): 0x59
       [default] (warn): CDROM Read(1, 1): 0x22
       [default] (warn): MEM 32-bit read CDROM: 00 e1 59 22
       [default] (warn): CDROM Read(2, 1): 0x0
       [default] (warn): CDROM Read IFR(3, 1): 0xe1 queue_count=1
       [default] (warn): CDROM Read(0, 1): 0x59
       [default] (warn): CDROM Read(1, 1): 0x22
       [default] (warn): MEM 32-bit read CDROM: 00 e1 59 22
       [default] (warn): CDROM Read(2, 1): 0x0
       [default] (warn): CDROM Read IFR(3, 1): 0xe1 queue_count=1
       [default] (warn): CDROM Read(0, 1): 0x59
       [default] (warn): CDROM Read(1, 1): 0x22
       [default] (warn): MEM 32-bit read CDROM: 00 e1 59 22
       [default] (warn): CDROM Read(2, 1): 0x0
       [default] (warn): CDROM Read IFR(3, 1): 0xe1 queue_count=1
       [default] (warn): CDROM Read(0, 1): 0x59
       [default] (warn): CDROM Read(1, 1): 0x22
       [default] (warn): MEM 32-bit read CDROM: 00 e1 59 22
       [default] (warn): CDROM Read(2, 1): 0x0
       [default] (warn): CDROM Read IFR(3, 1): 0xe1 queue_count=1
       [default] (warn): CDROM Read(0, 1): 0x59
       [default] (warn): CDROM Read(1, 1): 0x22
       [default] (warn): MEM 32-bit read CDROM: 00 e1 59 22
       [default] (warn): CDROM Read(2, 1): 0x0
       [default] (warn): CDROM Read IFR(3, 1): 0xe1 queue_count=1
       [default] (warn): CDROM Read(0, 1): 0x59
       [default] (warn): CDROM Read(1, 1): 0x22
       [default] (warn): MEM 32-bit read CDROM: 00 e1 59 22
       [default] (warn): CDROM Read(2, 1): 0x0
       [default] (warn): CDROM Read IFR(3, 1): 0xe1 queue_count=1
       [default] (warn): CDROM Read(0, 1): 0x59
       [default] (warn): CDROM Read(1, 1): 0x22
       [default] (warn): MEM 32-bit read CDROM: 00 e1 59 22
       [default] (warn): CDROM Read(2, 1): 0x0
       [default] (warn): CDROM Read IFR(3, 1): 0xe1 queue_count=1
       [default] (warn): CDROM Read(0, 1): 0x59
       [default] (warn): CDROM Read(1, 1): 0x22
       [default] (warn): MEM 32-bit read CDROM: 00 e1 59 22
       [default] (warn): CDROM Read(2, 1): 0x0
       [default] (warn): CDROM Read IFR(3, 1): 0xe1 queue_count=1
       [default] (warn): CDROM Read(0, 1): 0x59
       [default] (warn): CDROM Read(1, 1): 0x22
       [default] (warn): MEM 32-bit read CDROM: 00 e1 59 22
       [default] (warn): CDROM Read(2, 1): 0x0
       [default] (warn): CDROM Read IFR(3, 1): 0xe1 queue_count=1
       [default] (warn): CDROM Read(0, 1): 0x59
       [default] (warn): CDROM Read(1, 1): 0x22
       [default] (warn): MEM 32-bit read CDROM: 00 e1 59 22
       [default] (warn): CDROM Read(2, 1): 0x0
       [default] (warn): CDROM Read IFR(3, 1): 0xe1 queue_count=1
       [default] (warn): CDROM Read(0, 1): 0x59
       [default] (warn): CDROM Read(1, 1): 0x22
       [default] (warn): MEM 32-bit read CDROM: 00 e1 59 22
       [default] (warn): CDROM Read(2, 1): 0x0
       [default] (warn): CDROM Read IFR(3, 1): 0xe1 queue_count=1
       [default] (warn): CDROM Read(0, 1): 0x59
       [default] (warn): CDROM Read(1, 1): 0x22
       [default] (warn): MEM 32-bit read CDROM: 00 e1 59 22
       [default] (warn): CDROM Read(2, 1): 0x0
       [default] (warn): CDROM Read IFR(3, 1): 0xe1 queue_count=1
       [default] (warn): CDROM Read(0, 1): 0x59
       [default] (warn): CDROM Read(1, 1): 0x22
       [default] (warn): MEM 32-bit read CDROM: 00 e1 59 22
       [default] (warn): CDROM Read(2, 1): 0x0
       [default] (warn): CDROM Read IFR(3, 1): 0xe1 queue_count=1
       [default] (warn): CDROM Read(0, 1): 0x59
       [default] (warn): CDROM Read(1, 1): 0x22
       [default] (warn): MEM 32-bit read CDROM: 00 e1 59 22
       [default] (warn): CDROM Read(2, 1): 0x0
       [default] (warn): CDROM Read IFR(3, 1): 0xe1 queue_count=1
       [default] (warn): CDROM Read(0, 1): 0x59
       [default] (warn): CDROM Read(1, 1): 0x22
       [default] (warn): MEM 32-bit read CDROM: 00 e1 59 22
       [default] (warn): CDROM Read(2, 1): 0x0
       [default] (warn): CDROM Read IFR(3, 1): 0xe1 queue_count=1
       [default] (warn): CDROM Read(0, 1): 0x59
       [default] (warn): CDROM Read(1, 1): 0x22
       [default] (warn): MEM 32-bit read CDROM: 00 e1 59 22
       [default] (warn): CDROM Read(2, 1): 0x0
       [default] (warn): CDROM Read IFR(3, 1): 0xe1 queue_count=1
       [default] (warn): CDROM Read(0, 1): 0x59
       [default] (warn): CDROM Read(1, 1): 0x22
       [default] (warn): MEM 32-bit read CDROM: 00 e1 59 22
       [default] (warn): CDROM Read(2, 1): 0x0
       [default] (warn): CDROM Read IFR(3, 1): 0xe1 queue_count=1
       [default] (warn): CDROM Read(0, 1): 0x59
       [default] (warn): CDROM Read(1, 1): 0x22
       [default] (warn): MEM 32-bit read CDROM: 00 e1 59 22
       [default] (warn): CDROM Read(2, 1): 0x0
       [default] (warn): CDROM Read IFR(3, 1): 0xe1 queue_count=1
       [default] (warn): CDROM Read(0, 1): 0x59
       [default] (warn): CDROM Read(1, 1): 0x22
       [default] (warn): MEM 32-bit read CDROM: 00 e1 59 22
       [default] (warn): CDROM Read(2, 1): 0x0
       [default] (warn): CDROM Read IFR(3, 1): 0xe1 queue_count=1
       [default] (warn): CDROM Read(0, 1): 0x59
       [default] (warn): CDROM Read(1, 1): 0x22
       [default] (warn): MEM 32-bit read CDROM: 00 e1 59 22
       [default] (warn): CDROM Read(2, 1): 0x0
       [default] (warn): CDROM Read IFR(3, 1): 0xe1 queue_count=1
       [default] (warn): CDROM Read(0, 1): 0x59
       [default] (warn): CDROM Read(1, 1): 0x22
       [default] (warn): MEM 32-bit read CDROM: 00 e1 59 22
       [default] (warn): CDROM Read(2, 1): 0x0
       [default] (warn): CDROM Read IFR(3, 1): 0xe1 queue_count=1
       [default] (warn): CDROM Read(0, 1): 0x59
       [default] (warn): CDROM Read(1, 1): 0x22
       [default] (warn): MEM 32-bit read CDROM: 00 e1 59 22
       [default] (warn): CDROM Read(2, 1): 0x0
       [default] (warn): CDROM Read IFR(3, 1): 0xe1 queue_count=1
       [default] (warn): CDROM Read(0, 1): 0x59
       [default] (warn): CDROM Read(1, 1): 0x22
       [default] (warn): MEM 32-bit read CDROM: 00 e1 59 22
       [default] (warn): CDROM Read(2, 1): 0x0
       [default] (warn): CDROM Read IFR(3, 1): 0xe1 queue_count=1
       [default] (warn): CDROM Read(0, 1): 0x59
       [default] (warn): CDROM Read(1, 1): 0x22
       [default] (warn): MEM 32-bit read CDROM: 00 e1 59 22
       [default] (warn): CDROM Read(2, 1): 0x0
       [default] (warn): CDROM Read IFR(3, 1): 0xe1 queue_count=1
       [default] (warn): CDROM Read(0, 1): 0x59
       [default] (warn): CDROM Read(1, 1): 0x22
       [default] (warn): MEM 32-bit read CDROM: 00 e1 59 22
       [default] (warn): CDROM Read(2, 1): 0x0
       [default] (warn): CDROM Read IFR(3, 1): 0xe1 queue_count=1
       [default] (warn): CDROM Read(0, 1): 0x59
       [default] (warn): CDROM Read(1, 1): 0x22
       [default] (warn): MEM 32-bit read CDROM: 00 e1 59 22
       [default] (warn): CDROM Read(2, 1): 0x0
       [default] (warn): CDROM Read IFR(3, 1): 0xe1 queue_count=1
       [default] (warn): CDROM Read(0, 1): 0x59
       [default] (warn): CDROM Read(1, 1): 0x22
       [default] (warn): MEM 32-bit read CDROM: 00 e1 59 22
       [default] (warn): CDROM Read(2, 1): 0x0
       [default] (warn): CDROM Read IFR(3, 1): 0xe1 queue_count=1
       [default] (warn): CDROM Read(0, 1): 0x59
       [default] (warn): CDROM Read(1, 1): 0x22
       [default] (warn): MEM 32-bit read CDROM: 00 e1 59 22
       [default] (warn): CDROM Read(2, 1): 0x0
       [default] (warn): CDROM Read IFR(3, 1): 0xe1 queue_count=1
       [default] (warn): CDROM Read(0, 1): 0x59
       [default] (warn): CDROM Read(1, 1): 0x22
       [default] (warn): MEM 32-bit read CDROM: 00 e1 59 22
       [default] (warn): CDROM Read(2, 1): 0x0
       [default] (warn): CDROM Read IFR(3, 1): 0xe1 queue_count=1
       [default] (warn): CDROM Read(0, 1): 0x59
       [default] (warn): CDROM Read(1, 1): 0x22
       [default] (warn): MEM 32-bit read CDROM: 00 e1 59 22
       [default] (warn): CDROM Read(2, 1): 0x0
       [default] (warn): CDROM Read IFR(3, 1): 0xe1 queue_count=1
       [default] (warn): CDROM Read(0, 1): 0x59
       [default] (warn): CDROM Read(1, 1): 0x22
       [default] (warn): MEM 32-bit read CDROM: 00 e1 59 22
       [default] (warn): CDROM Read(2, 1): 0x0
       [default] (warn): CDROM Read IFR(3, 1): 0xe1 queue_count=1
       [default] (warn): CDROM Read(0, 1): 0x59
       [default] (warn): CDROM Read(1, 1): 0x22
       [default] (warn): MEM 32-bit read CDROM: 00 e1 59 22
       [default] (warn): CDROM Read(2, 1): 0x0
       [default] (warn): CDROM Read IFR(3, 1): 0xe1 queue_count=1
       [default] (warn): CDROM Read(0, 1): 0x59
       [default] (warn): CDROM Read(1, 1): 0x22
       [default] (warn): MEM 32-bit read CDROM: 00 e1 59 22
       [default] (warn): CDROM Read(2, 1): 0x0
       [default] (warn): CDROM Read IFR(3, 1): 0xe1 queue_count=1
       [default] (warn): CDROM Read(0, 1): 0x59
       [default] (warn): CDROM Read(1, 1): 0x22
       [default] (warn): MEM 32-bit read CDROM: 00 e1 59 22
       [default] (warn): CDROM Read(2, 1): 0x0
       [default] (warn): CDROM Read IFR(3, 1): 0xe1 queue_count=1
       [default] (warn): CDROM Read(0, 1): 0x59
       [default] (warn): CDROM Read(1, 1): 0x22
       [default] (warn): MEM 32-bit read CDROM: 00 e1 59 22
       [default] (warn): CDROM Read(2, 1): 0x0
       [default] (warn): CDROM Read IFR(3, 1): 0xe1 queue_count=1
       [default] (warn): CDROM Read(0, 1): 0x59
       [default] (warn): CDROM Read(1, 1): 0x22
       [default] (warn): MEM 32-bit read CDROM: 00 e1 59 22
       [default] (warn): CDROM Read(2, 1): 0x0
       [default] (warn): CDROM Read IFR(3, 1): 0xe1 queue_count=1
       [default] (warn): CDROM Read(0, 1): 0x59
       [default] (warn): CDROM Read(1, 1): 0x22
       [default] (warn): MEM 32-bit read CDROM: 00 e1 59 22
       [default] (warn): CDROM Read(2, 1): 0x0
       [default] (warn): CDROM Read IFR(3, 1): 0xe1 queue_count=1
       [default] (warn): CDROM Read(0, 1): 0x59
       [default] (warn): CDROM Read(1, 1): 0x22
       [default] (warn): MEM 32-bit read CDROM: 00 e1 59 22
       [default] (warn): CDROM Read(2, 1): 0x0
       [default] (warn): CDROM Read IFR(3, 1): 0xe1 queue_count=1
       [default] (warn): CDROM Read(0, 1): 0x59
       [default] (warn): CDROM Read(1, 1): 0x22
       [default] (warn): MEM 32-bit read CDROM: 00 e1 59 22
       [default] (warn): CDROM Read(2, 1): 0x0
       [default] (warn): CDROM Read IFR(3, 1): 0xe1 queue_count=1
       [default] (warn): CDROM Read(0, 1): 0x59
       [default] (warn): CDROM Read(1, 1): 0x22
       [default] (warn): MEM 32-bit read CDROM: 00 e1 59 22
       [default] (warn): CDROM Read(2, 1): 0x0
       [default] (warn): CDROM Read IFR(3, 1): 0xe1 queue_count=1
       [default] (warn): CDROM Read(0, 1): 0x59
       [default] (warn): CDROM Read(1, 1): 0x22
       [default] (warn): MEM 32-bit read CDROM: 00 e1 59 22
       [default] (warn): CDROM Read(2, 1): 0x0
       [default] (warn): CDROM Read IFR(3, 1): 0xe1 queue_count=1
       [default] (warn): CDROM Read(0, 1): 0x59
       [default] (warn): CDROM Read(1, 1): 0x22
       [default] (warn): MEM 32-bit read CDROM: 00 e1 59 22
       [default] (warn): CDROM Read(2, 1): 0x0
       [default] (warn): CDROM Read IFR(3, 1): 0xe1 queue_count=1
       [default] (warn): CDROM Read(0, 1): 0x59
       [default] (warn): CDROM Read(1, 1): 0x22
       [default] (warn): MEM 32-bit read CDROM: 00 e1 59 22
       [default] (warn): CDROM Read(2, 1): 0x0
       [default] (warn): CDROM Read IFR(3, 1): 0xe1 queue_count=1
       [default] (warn): CDROM Read(0, 1): 0x59
       [default] (warn): CDROM Read(1, 1): 0x22
       [default] (warn): MEM 32-bit read CDROM: 00 e1 59 22
       [default] (warn): CDROM Read(2, 1): 0x0
       [default] (warn): CDROM Read IFR(3, 1): 0xe1 queue_count=1
       [default] (warn): CDROM Read(0, 1): 0x59
       [default] (warn): CDROM Read(1, 1): 0x22
       [default] (warn): MEM 32-bit read CDROM: 00 e1 59 22
       [default] (warn): CDROM Read(2, 1): 0x0
       [default] (warn): CDROM Read IFR(3, 1): 0xe1 queue_count=1
       [default] (warn): CDROM Read(0, 1): 0x59
       [default] (warn): CDROM Read(1, 1): 0x22
       [default] (warn): MEM 32-bit read CDROM: 00 e1 59 22
       [default] (warn): CDROM Read(2, 1): 0x0
       [default] (warn): CDROM Read IFR(3, 1): 0xe1 queue_count=1
       [default] (warn): CDROM Read(0, 1): 0x59
       [default] (warn): CDROM Read(1, 1): 0x22
       [default] (warn): MEM 32-bit read CDROM: 00 e1 59 22
       [default] (warn): CDROM Read(2, 1): 0x0
       [default] (warn): CDROM Read IFR(3, 1): 0xe1 queue_count=1
       [default] (warn): CDROM Read(0, 1): 0x59
       [default] (warn): CDROM Read(1, 1): 0x22
       [default] (warn): MEM 32-bit read CDROM: 00 e1 59 22
       [default] (warn): CDROM Read(2, 1): 0x0
       [default] (warn): CDROM Read IFR(3, 1): 0xe1 queue_count=1
       [default] (warn): CDROM Read(0, 1): 0x59
       [default] (warn): CDROM Read(1, 1): 0x22
       [default] (warn): MEM 32-bit read CDROM: 00 e1 59 22
       [default] (warn): CDROM Read(2, 1): 0x0
       [default] (warn): CDROM Read IFR(3, 1): 0xe1 queue_count=1
       [default] (warn): CDROM Read(0, 1): 0x59
       [default] (warn): CDROM Read(1, 1): 0x22
       [default] (warn): MEM 32-bit read CDROM: 00 e1 59 22
       [default] (warn): CDROM Read(2, 1): 0x0
       [default] (warn): CDROM Read IFR(3, 1): 0xe1 queue_count=1
       [default] (warn): CDROM Read(0, 1): 0x59
       [default] (warn): CDROM Read(1, 1): 0x22
       [default] (warn): MEM 32-bit read CDROM: 00 e1 59 22
       [default] (warn): CDROM Read(2, 1): 0x0
       [default] (warn): CDROM Read IFR(3, 1): 0xe1 queue_count=1
       [default] (warn): CDROM Read(0, 1): 0x59
       [default] (warn): CDROM Read(1, 1): 0x22
       [default] (warn): MEM 32-bit read CDROM: 00 e1 59 22
       [default] (warn): CDROM Read(2, 1): 0x0
       [default] (warn): CDROM Read IFR(3, 1): 0xe1 queue_count=1
       [default] (warn): CDROM Read(0, 1): 0x59
       [default] (warn): CDROM Read(1, 1): 0x22
       [default] (warn): MEM 32-bit read CDROM: 00 e1 59 22
       [default] (warn): CDROM Read(2, 1): 0x0
       [default] (warn): CDROM Read IFR(3, 1): 0xe1 queue_count=1
       [default] (warn): CDROM Read(0, 1): 0x59
       [default] (warn): CDROM Read(1, 1): 0x22
       [default] (warn): MEM 32-bit read CDROM: 00 e1 59 22
       [default] (warn): CDROM Read(2, 1): 0x0
       [default] (warn): CDROM Read IFR(3, 1): 0xe1 queue_count=1
       [default] (warn): CDROM Read(0, 1): 0x59
       [default] (warn): CDROM Read(1, 1): 0x22
       [default] (warn): MEM 32-bit read CDROM: 00 e1 59 22
       [default] (warn): CDROM Read(2, 1): 0x0
       [default] (warn): CDROM Read IFR(3, 1): 0xe1 queue_count=1
       [default] (warn): CDROM Read(0, 1): 0x59
       [default] (warn): CDROM Read(1, 1): 0x22
       [default] (warn): MEM 32-bit read CDROM: 00 e1 59 22
       [default] (warn): CDROM Read(2, 1): 0x0
       [default] (warn): CDROM Read IFR(3, 1): 0xe1 queue_count=1
       [default] (warn): CDROM Read(0, 1): 0x59
       [default] (warn): CDROM Read(1, 1): 0x22
       [default] (warn): MEM 32-bit read CDROM: 00 e1 59 22
       [default] (warn): CDROM Read(2, 1): 0x0
       [default] (warn): CDROM Read IFR(3, 1): 0xe1 queue_count=1
       [default] (warn): CDROM Read(0, 1): 0x59
       [default] (warn): CDROM Read(1, 1): 0x22
       [default] (warn): MEM 32-bit read CDROM: 00 e1 59 22
       [default] (warn): CDROM Read(2, 1): 0x0
       [default] (warn): CDROM Read IFR(3, 1): 0xe1 queue_count=1
       [default] (warn): CDROM Read(0, 1): 0x59
       [default] (warn): CDROM Read(1, 1): 0x22
       [default] (warn): MEM 32-bit read CDROM: 00 e1 59 22
       [default] (warn): CDROM Read(2, 1): 0x0
       [default] (warn): CDROM Read IFR(3, 1): 0xe1 queue_count=1
       [default] (warn): CDROM Read(0, 1): 0x59
       [default] (warn): CDROM Read(1, 1): 0x22
       [default] (warn): MEM 32-bit read CDROM: 00 e1 59 22
       [default] (warn): CDROM Read(2, 1): 0x0
       [default] (warn): CDROM Read IFR(3, 1): 0xe1 queue_count=1
       [default] (warn): CDROM Read(0, 1): 0x59
       [default] (warn): CDROM Read(1, 1): 0x22
       [default] (warn): MEM 32-bit read CDROM: 00 e1 59 22
       [default] (warn): CDROM Read(2, 1): 0x0
       [default] (warn): CDROM Read IFR(3, 1): 0xe1 queue_count=1
       [default] (warn): CDROM Read(0, 1): 0x59
       [default] (warn): CDROM Read(1, 1): 0x22
       [default] (warn): MEM 32-bit read CDROM: 00 e1 59 22
       [default] (warn): CDROM Read(2, 1): 0x0
       [default] (warn): CDROM Read IFR(3, 1): 0xe1 queue_count=1
       [default] (warn): CDROM Read(0, 1): 0x59
       [default] (warn): CDROM Read(1, 1): 0x22
       [default] (warn): MEM 32-bit read CDROM: 00 e1 59 22
       [default] (warn): CDROM Read(2, 1): 0x0
       [default] (warn): CDROM Read IFR(3, 1): 0xe1 queue_count=1
       [default] (warn): CDROM Read(0, 1): 0x59
       [default] (warn): CDROM Read(1, 1): 0x22
       [default] (warn): MEM 32-bit read CDROM: 00 e1 59 22
       [default] (warn): CDROM Read(2, 1): 0x0
       [default] (warn): CDROM Read IFR(3, 1): 0xe1 queue_count=1
       [default] (warn): CDROM Read(0, 1): 0x59
       [default] (warn): CDROM Read(1, 1): 0x22
       [default] (warn): MEM 32-bit read CDROM: 00 e1 59 22
       [default] (warn): CDROM Read(2, 1): 0x0
       [default] (warn): CDROM Read IFR(3, 1): 0xe1 queue_count=1
       [default] (warn): CDROM Read(0, 1): 0x59
       [default] (warn): CDROM Read(1, 1): 0x22
       [default] (warn): MEM 32-bit read CDROM: 00 e1 59 22
       [default] (warn): CDROM Read(2, 1): 0x0
       [default] (warn): CDROM Read IFR(3, 1): 0xe1 queue_count=1
       [default] (warn): CDROM Read(0, 1): 0x59
       [default] (warn): CDROM Read(1, 1): 0x22
       [default] (warn): MEM 32-bit read CDROM: 00 e1 59 22
       [default] (warn): CDROM Read(2, 1): 0x0
       [default] (warn): CDROM Read IFR(3, 1): 0xe1 queue_count=1
       [default] (warn): CDROM Read(0, 1): 0x59
       [default] (warn): CDROM Read(1, 1): 0x22
       [default] (warn): MEM 32-bit read CDROM: 00 e1 59 22
       [default] (warn): CDROM Read(2, 1): 0x0
       [default] (warn): CDROM Read IFR(3, 1): 0xe1 queue_count=1
       [default] (warn): CDROM Read(0, 1): 0x59
       [default] (warn): CDROM Read(1, 1): 0x22
       [default] (warn): MEM 32-bit read CDROM: 00 e1 59 22
       [default] (warn): CDROM Read(2, 1): 0x0
       [default] (warn): CDROM Read IFR(3, 1): 0xe1 queue_count=1
       [default] (warn): CDROM Read(0, 1): 0x59
       [default] (warn): CDROM Read(1, 1): 0x22
       [default] (warn): MEM 32-bit read CDROM: 00 e1 59 22
       [default] (warn): CDROM Read(2, 1): 0x0
       [default] (warn): CDROM Read IFR(3, 1): 0xe1 queue_count=1
       [default] (warn): CDROM Read(0, 1): 0x59
       [default] (warn): CDROM Read(1, 1): 0x22
       [default] (warn): MEM 32-bit read CDROM: 00 e1 59 22
       [default] (warn): CDROM Read(2, 1): 0x0
       [default] (warn): CDROM Read IFR(3, 1): 0xe1 queue_count=1
       [default] (warn): CDROM Read(0, 1): 0x59
       [default] (warn): CDROM Read(1, 1): 0x22
       [default] (warn): MEM 32-bit read CDROM: 00 e1 59 22
       [default] (warn): CDROM Read(2, 1): 0x0
       [default] (warn): CDROM Read IFR(3, 1): 0xe1 queue_count=1
       [default] (warn): CDROM Read(0, 1): 0x59
       [default] (warn): CDROM Read(1, 1): 0x22
       [default] (warn): MEM 32-bit read CDROM: 00 e1 59 22
       [default] (warn): CDROM Read(2, 1): 0x0
       [default] (warn): CDROM Read IFR(3, 1): 0xe1 queue_count=1
       [default] (warn): CDROM Read(0, 1): 0x59
       [default] (warn): CDROM Read(1, 1): 0x22
       [default] (warn): MEM 32-bit read CDROM: 00 e1 59 22
       [default] (warn): CDROM Read(2, 1): 0x0
       [default] (warn): CDROM Read IFR(3, 1): 0xe1 queue_count=1
       [default] (warn): CDROM Read(0, 1): 0x59
       [default] (warn): CDROM Read(1, 1): 0x22
       [default] (warn): MEM 32-bit read CDROM: 00 e1 59 22
       [default] (warn): CDROM Read(2, 1): 0x0
       [default] (warn): CDROM Read IFR(3, 1): 0xe1 queue_count=1
       [default] (warn): CDROM Read(0, 1): 0x59
       [default] (warn): CDROM Read(1, 1): 0x22
       [default] (warn): MEM 32-bit read CDROM: 00 e1 59 22
       [default] (warn): CDROM Read(2, 1): 0x0
       [default] (warn): CDROM Read IFR(3, 1): 0xe1 queue_count=1
       [default] (warn): CDROM Read(0, 1): 0x59
       [default] (warn): CDROM Read(1, 1): 0x22
       [default] (warn): MEM 32-bit read CDROM: 00 e1 59 22
       [default] (warn): CDROM Read(2, 1): 0x0
       [default] (warn): CDROM Read IFR(3, 1): 0xe1 queue_count=1
       [default] (warn): CDROM Read(0, 1): 0x59
       [default] (warn): CDROM Read(1, 1): 0x22
       [default] (warn): MEM 32-bit read CDROM: 00 e1 59 22
       [default] (warn): CDROM Read(2, 1): 0x0
       [default] (warn): CDROM Read IFR(3, 1): 0xe1 queue_count=1
       [default] (warn): CDROM Read(0, 1): 0x59
       [default] (warn): CDROM Read(1, 1): 0x22
       [default] (warn): MEM 32-bit read CDROM: 00 e1 59 22
       [default] (warn): CDROM Read(2, 1): 0x0
       [default] (warn): CDROM Read IFR(3, 1): 0xe1 queue_count=1
       [default] (warn): CDROM Read(0, 1): 0x59
       [default] (warn): CDROM Read(1, 1): 0x22
       [default] (warn): MEM 32-bit read CDROM: 00 e1 59 22
       [default] (warn): CDROM Read(2, 1): 0x0
       [default] (warn): CDROM Read IFR(3, 1): 0xe1 queue_count=1
       [default] (warn): CDROM Read(0, 1): 0x59
       [default] (warn): CDROM Read(1, 1): 0x22
       [default] (warn): MEM 32-bit read CDROM: 00 e1 59 22
       [default] (warn): CDROM Read(2, 1): 0x0
       [default] (warn): CDROM Read IFR(3, 1): 0xe1 queue_count=1
       [default] (warn): CDROM Read(0, 1): 0x59
       [default] (warn): CDROM Read(1, 1): 0x22
       [default] (warn): MEM 32-bit read CDROM: 00 e1 59 22
       [default] (warn): CDROM Read(2, 1): 0x0
       [default] (warn): CDROM Read IFR(3, 1): 0xe1 queue_count=1
       [default] (warn): CDROM Read(0, 1): 0x59
       [default] (warn): CDROM Read(1, 1): 0x22
       [default] (warn): MEM 32-bit read CDROM: 00 e1 59 22
       [default] (warn): CDROM Read(2, 1): 0x0
       [default] (warn): CDROM Read IFR(3, 1): 0xe1 queue_count=1
       [default] (warn): CDROM Read(0, 1): 0x59
       [default] (warn): CDROM Read(1, 1): 0x22
       [default] (warn): MEM 32-bit read CDROM: 00 e1 59 22
       [default] (warn): CDROM Read(2, 1): 0x0
       [default] (warn): CDROM Read IFR(3, 1): 0xe1 queue_count=1
       [default] (warn): CDROM Read(0, 1): 0x59
       [default] (warn): CDROM Read(1, 1): 0x22
       [default] (warn): MEM 32-bit read CDROM: 00 e1 59 22
       [default] (warn): CDROM Read(2, 1): 0x0
       [default] (warn): CDROM Read IFR(3, 1): 0xe1 queue_count=1
       [default] (warn): CDROM Read(0, 1): 0x59
       [default] (warn): CDROM Read(1, 1): 0x22
       [default] (warn): MEM 32-bit read CDROM: 00 e1 59 22
       [default] (warn): CDROM Read(2, 1): 0x0
       [default] (warn): CDROM Read IFR(3, 1): 0xe1 queue_count=1
       [default] (warn): CDROM Read(0, 1): 0x59
       [default] (warn): CDROM Read(1, 1): 0x22
       [default] (warn): MEM 32-bit read CDROM: 00 e1 59 22
       [default] (warn): CDROM Read(2, 1): 0x0
       [default] (warn): CDROM Read IFR(3, 1): 0xe1 queue_count=1
       [default] (warn): CDROM Read(0, 1): 0x59
       [default] (warn): CDROM Read(1, 1): 0x22
       [default] (warn): MEM 32-bit read CDROM: 00 e1 59 22
       [default] (warn): CDROM Read(2, 1): 0x0
       [default] (warn): CDROM Read IFR(3, 1): 0xe1 queue_count=1
       [default] (warn): CDROM Read(0, 1): 0x59
       [default] (warn): CDROM Read(1, 1): 0x22
       [default] (warn): MEM 32-bit read CDROM: 00 e1 59 22
       [default] (warn): CDROM Read(2, 1): 0x0
       [default] (warn): CDROM Read IFR(3, 1): 0xe1 queue_count=1
       [default] (warn): CDROM Read(0, 1): 0x59
       [default] (warn): CDROM Read(1, 1): 0x22
       [default] (warn): MEM 32-bit read CDROM: 00 e1 59 22
       [default] (warn): CDROM Read(2, 1): 0x0
       [default] (warn): CDROM Read IFR(3, 1): 0xe1 queue_count=1
       [default] (warn): CDROM Read(0, 1): 0x59
       [default] (warn): CDROM Read(1, 1): 0x22
       [default] (warn): MEM 32-bit read CDROM: 00 e1 59 22
       [default] (warn): CDROM Read(2, 1): 0x0
       [default] (warn): CDROM Read IFR(3, 1): 0xe1 queue_count=1
       [default] (warn): CDROM Read(0, 1): 0x59
       [default] (warn): CDROM Read(1, 1): 0x22
       [default] (warn): MEM 32-bit read CDROM: 00 e1 59 22
       [default] (warn): CDROM Read(2, 1): 0x0
       [default] (warn): CDROM Read IFR(3, 1): 0xe1 queue_count=1
       [default] (warn): CDROM Read(0, 1): 0x59
       [default] (warn): CDROM Read(1, 1): 0x22
       [default] (warn): MEM 32-bit read CDROM: 00 e1 59 22
       [default] (warn): CDROM Read(2, 1): 0x0
       [default] (warn): CDROM Read IFR(3, 1): 0xe1 queue_count=1
       [default] (warn): CDROM Read(0, 1): 0x59
       [default] (warn): CDROM Read(1, 1): 0x22
       [default] (warn): MEM 32-bit read CDROM: 00 e1 59 22
       [default] (warn): CDROM Read(2, 1): 0x0
       [default] (warn): CDROM Read IFR(3, 1): 0xe1 queue_count=1
       [default] (warn): CDROM Read(0, 1): 0x59
       [default] (warn): CDROM Read(1, 1): 0x22
       [default] (warn): MEM 32-bit read CDROM: 00 e1 59 22
       [default] (warn): CDROM Read(2, 1): 0x0
       [default] (warn): CDROM Read IFR(3, 1): 0xe1 queue_count=1
       [default] (warn): CDROM Read(0, 1): 0x59
       [default] (warn): CDROM Read(1, 1): 0x22
       [default] (warn): MEM 32-bit read CDROM: 00 e1 59 22
       [default] (warn): CDROM Read(2, 1): 0x0
       [default] (warn): CDROM Read IFR(3, 1): 0xe1 queue_count=1
       [default] (warn): CDROM Read(0, 1): 0x59
       [default] (warn): CDROM Read(1, 1): 0x22
       [default] (warn): MEM 32-bit read CDROM: 00 e1 59 22
       [default] (warn): CDROM Read(2, 1): 0x0
       [default] (warn): CDROM Read IFR(3, 1): 0xe1 queue_count=1
       [default] (warn): CDROM Read(0, 1): 0x59
       [default] (warn): CDROM Read(1, 1): 0x22
       [default] (warn): MEM 32-bit read CDROM: 00 e1 59 22
       [default] (warn): CDROM Read(2, 1): 0x0
       [default] (warn): CDROM Read IFR(3, 1): 0xe1 queue_count=1
       [default] (warn): CDROM Read(0, 1): 0x59
       [default] (warn): CDROM Read(1, 1): 0x22
       [default] (warn): MEM 32-bit read CDROM: 00 e1 59 22
       [default] (warn): CDROM Read(2, 1): 0x0
       [default] (warn): CDROM Read IFR(3, 1): 0xe1 queue_count=1
       [default] (warn): CDROM Read(0, 1): 0x59
       [default] (warn): CDROM Read(1, 1): 0x22
       [default] (warn): MEM 32-bit read CDROM: 00 e1 59 22
       [default] (warn): CDROM Read(2, 1): 0x0
       [default] (warn): CDROM Read IFR(3, 1): 0xe1 queue_count=1
       [default] (warn): CDROM Read(0, 1): 0x59
       [default] (warn): CDROM Read(1, 1): 0x22
       [default] (warn): MEM 32-bit read CDROM: 00 e1 59 22
       [default] (warn): CDROM Read(2, 1): 0x0
       [default] (warn): CDROM Read IFR(3, 1): 0xe1 queue_count=1
       [default] (warn): CDROM Read(0, 1): 0x59
       [default] (warn): CDROM Read(1, 1): 0x22
       [default] (warn): MEM 32-bit read CDROM: 00 e1 59 22
       [default] (warn): CDROM Read(2, 1): 0x0
       [default] (warn): CDROM Read IFR(3, 1): 0xe1 queue_count=1
       [default] (warn): CDROM Read(0, 1): 0x59
       [default] (warn): CDROM Read(1, 1): 0x22
       [default] (warn): MEM 32-bit read CDROM: 00 e1 59 22
       [default] (warn): CDROM Read(2, 1): 0x0
       [default] (warn): CDROM Read IFR(3, 1): 0xe1 queue_count=1
       [default] (warn): CDROM Read(0, 1): 0x59
       [default] (warn): CDROM Read(1, 1): 0x22
       [default] (warn): MEM 32-bit read CDROM: 00 e1 59 22
       [default] (warn): CDROM Read(2, 1): 0x0
       [default] (warn): CDROM Read IFR(3, 1): 0xe1 queue_count=1
       [default] (warn): CDROM Read(0, 1): 0x59
       [default] (warn): CDROM Read(1, 1): 0x22
       [default] (warn): MEM 32-bit read CDROM: 00 e1 59 22
       [default] (warn): CDROM Read(2, 1): 0x0
       [default] (warn): CDROM Read IFR(3, 1): 0xe1 queue_count=1
       [default] (warn): CDROM Read(0, 1): 0x59
       [default] (warn): CDROM Read(1, 1): 0x22
       [default] (warn): MEM 32-bit read CDROM: 00 e1 59 22
       [default] (warn): CDROM Read(2, 1): 0x0
       [default] (warn): CDROM Read IFR(3, 1): 0xe1 queue_count=1
       [default] (warn): CDROM Read(0, 1): 0x59
       [default] (warn): CDROM Read(1, 1): 0x22
       [default] (warn): MEM 32-bit read CDROM: 00 e1 59 22
       [default] (warn): CDROM Read(2, 1): 0x0
       [default] (warn): CDROM Read IFR(3, 1): 0xe1 queue_count=1
       [default] (warn): CDROM Read(0, 1): 0x59
       [default] (warn): CDROM Read(1, 1): 0x22
       [default] (warn): MEM 32-bit read CDROM: 00 e1 59 22
       [default] (warn): CDROM Read(2, 1): 0x0
       [default] (warn): CDROM Read IFR(3, 1): 0xe1 queue_count=1
       [default] (warn): CDROM Read(0, 1): 0x59
       [default] (warn): CDROM Read(1, 1): 0x22
       [default] (warn): MEM 32-bit read CDROM: 00 e1 59 22
       [default] (warn): CDROM Read(2, 1): 0x0
       [default] (warn): CDROM Read IFR(3, 1): 0xe1 queue_count=1
       [default] (warn): CDROM Read(0, 1): 0x59
       [default] (warn): CDROM Read(1, 1): 0x22
       [default] (warn): MEM 32-bit read CDROM: 00 e1 59 22
       [default] (warn): CDROM Read(2, 1): 0x0
       [default] (warn): CDROM Read IFR(3, 1): 0xe1 queue_count=1
       [default] (warn): CDROM Read(0, 1): 0x59
       [default] (warn): CDROM Read(1, 1): 0x22
       [default] (warn): MEM 32-bit read CDROM: 00 e1 59 22
       [default] (warn): CDROM Read(2, 1): 0x0
       [default] (warn): CDROM Read IFR(3, 1): 0xe1 queue_count=1
       [default] (warn): CDROM Read(0, 1): 0x59
       [default] (warn): CDROM Read(1, 1): 0x22
       [default] (warn): MEM 32-bit read CDROM: 00 e1 59 22
       [default] (warn): CDROM Read(2, 1): 0x0
       [default] (warn): CDROM Read IFR(3, 1): 0xe1 queue_count=1
       [default] (warn): CDROM Read(0, 1): 0x59
       [default] (warn): CDROM Read(1, 1): 0x22
       [default] (warn): MEM 32-bit read CDROM: 00 e1 59 22
       [default] (warn): CDROM Read(2, 1): 0x0
       [default] (warn): CDROM Read IFR(3, 1): 0xe1 queue_count=1
       [default] (warn): CDROM Read(0, 1): 0x59
       [default] (warn): CDROM Read(1, 1): 0x22
       [default] (warn): MEM 32-bit read CDROM: 00 e1 59 22
       [default] (warn): CDROM Read(2, 1): 0x0
       [default] (warn): CDROM Read IFR(3, 1): 0xe1 queue_count=1
       [default] (warn): CDROM Read(0, 1): 0x59
       [default] (warn): CDROM Read(1, 1): 0x22
       [default] (warn): MEM 32-bit read CDROM: 00 e1 59 22
       [default] (warn): CDROM Read(2, 1): 0x0
       [default] (warn): CDROM Read IFR(3, 1): 0xe1 queue_count=1
       [default] (warn): CDROM Read(0, 1): 0x59
       [default] (warn): CDROM Read(1, 1): 0x22
       [default] (warn): MEM 32-bit read CDROM: 00 e1 59 22
       [default] (warn): CDROM Read(2, 1): 0x0
       [default] (warn): CDROM Read IFR(3, 1): 0xe1 queue_count=1
       [default] (warn): CDROM Read(0, 1): 0x59
       [default] (warn): CDROM Read(1, 1): 0x22
       [default] (warn): MEM 32-bit read CDROM: 00 e1 59 22
       [default] (warn): CDROM Read(2, 1): 0x0
       [default] (warn): CDROM Read IFR(3, 1): 0xe1 queue_count=1
       [default] (warn): CDROM Read(0, 1): 0x59
       [default] (warn): CDROM Read(1, 1): 0x22
       [default] (warn): MEM 32-bit read CDROM: 00 e1 59 22
       [default] (warn): CDROM Read(2, 1): 0x0
       [default] (warn): CDROM Read IFR(3, 1): 0xe1 queue_count=1
       [default] (warn): CDROM Read(0, 1): 0x59
       [default] (warn): CDROM Read(1, 1): 0x22
       [default] (warn): MEM 32-bit read CDROM: 00 e1 59 22
       [default] (warn): CDROM Read(2, 1): 0x0
       [default] (warn): CDROM Read IFR(3, 1): 0xe1 queue_count=1
       [default] (warn): CDROM Read(0, 1): 0x59
       [default] (warn): CDROM Read(1, 1): 0x22
       [default] (warn): MEM 32-bit read CDROM: 00 e1 59 22
       [default] (warn): CDROM Read(2, 1): 0x0
       [default] (warn): CDROM Read IFR(3, 1): 0xe1 queue_count=1
       [default] (warn): CDROM Read(0, 1): 0x59
       [default] (warn): CDROM Read(1, 1): 0x22
       [default] (warn): MEM 32-bit read CDROM: 00 e1 59 22
       [default] (warn): CDROM Read(2, 1): 0x0
       [default] (warn): CDROM Read IFR(3, 1): 0xe1 queue_count=1
       [default] (warn): CDROM Read(0, 1): 0x59
       [default] (warn): CDROM Read(1, 1): 0x22
       [default] (warn): MEM 32-bit read CDROM: 00 e1 59 22
       [default] (warn): CDROM Read(2, 1): 0x0
       [default] (warn): CDROM Read IFR(3, 1): 0xe1 queue_count=1
       [default] (warn): CDROM Read(0, 1): 0x59
       [default] (warn): CDROM Read(1, 1): 0x22
       [default] (warn): MEM 32-bit read CDROM: 00 e1 59 22
       [default] (warn): CDROM Read(2, 1): 0x0
       [default] (warn): CDROM Read IFR(3, 1): 0xe1 queue_count=1
       [default] (warn): CDROM Read(0, 1): 0x59
       [default] (warn): CDROM Read(1, 1): 0x22
       [default] (warn): MEM 32-bit read CDROM: 00 e1 59 22
       [default] (warn): CDROM Read(2, 1): 0x0
       [default] (warn): CDROM Read IFR(3, 1): 0xe1 queue_count=1
       [default] (warn): CDROM Read(0, 1): 0x59
       [default] (warn): CDROM Read(1, 1): 0x22
       [default] (warn): MEM 32-bit read CDROM: 00 e1 59 22
       [default] (warn): CDROM Read(2, 1): 0x0
       [default] (warn): CDROM Read IFR(3, 1): 0xe1 queue_count=1
       [default] (warn): CDROM Read(0, 1): 0x59
       [default] (warn): CDROM Read(1, 1): 0x22
       [default] (warn): MEM 32-bit read CDROM: 00 e1 59 22
       [default] (warn): CDROM Read(2, 1): 0x0
       [default] (warn): CDROM Read IFR(3, 1): 0xe1 queue_count=1
       [default] (warn): CDROM Read(0, 1): 0x59
       [default] (warn): CDROM Read(1, 1): 0x22
       [default] (warn): MEM 32-bit read CDROM: 00 e1 59 22
       [default] (warn): CDROM Read(2, 1): 0x0
       [default] (warn): CDROM Read IFR(3, 1): 0xe1 queue_count=1
       [default] (warn): CDROM Read(0, 1): 0x59
       [default] (warn): CDROM Read(1, 1): 0x22
       [default] (warn): MEM 32-bit read CDROM: 00 e1 59 22
       [default] (warn): CDROM Read(2, 1): 0x0
       [default] (warn): CDROM Read IFR(3, 1): 0xe1 queue_count=1
       [default] (warn): CDROM Read(0, 1): 0x59
       [default] (warn): CDROM Read(1, 1): 0x22
       [default] (warn): MEM 32-bit read CDROM: 00 e1 59 22
       [default] (warn): CDROM Read(2, 1): 0x0
       [default] (warn): CDROM Read IFR(3, 1): 0xe1 queue_count=1
       [default] (warn): CDROM Read(0, 1): 0x59
       [default] (warn): CDROM Read(1, 1): 0x22
       [default] (warn): MEM 32-bit read CDROM: 00 e1 59 22
       [default] (warn): CDROM Read(2, 1): 0x0
       [default] (warn): CDROM Read IFR(3, 1): 0xe1 queue_count=1
       [default] (warn): CDROM Read(0, 1): 0x59
       [default] (warn): CDROM Read(1, 1): 0x22
       [default] (warn): MEM 32-bit read CDROM: 00 e1 59 22
       [default] (warn): CDROM Read(2, 1): 0x0
       [default] (warn): CDROM Read IFR(3, 1): 0xe1 queue_count=1
       [default] (warn): CDROM Read(0, 1): 0x59
       [default] (warn): CDROM Read(1, 1): 0x22
       [default] (warn): MEM 32-bit read CDROM: 00 e1 59 22
       [default] (warn): CDROM Read(2, 1): 0x0
       [default] (warn): CDROM Read IFR(3, 1): 0xe1 queue_count=1
       [default] (warn): CDROM Read(0, 1): 0x59
       [default] (warn): CDROM Read(1, 1): 0x22
       [default] (warn): MEM 32-bit read CDROM: 00 e1 59 22
       [default] (warn): CDROM Read(2, 1): 0x0
       [default] (warn): CDROM Read IFR(3, 1): 0xe1 queue_count=1
       [default] (warn): CDROM Read(0, 1): 0x59
       [default] (warn): CDROM Read(1, 1): 0x22
       [default] (warn): MEM 32-bit read CDROM: 00 e1 59 22
       [default] (warn): CDROM Read(2, 1): 0x0
       [default] (warn): CDROM Read IFR(3, 1): 0xe1 queue_count=1
       [default] (warn): CDROM Read(0, 1): 0x59
       [default] (warn): CDROM Read(1, 1): 0x22
       [default] (warn): MEM 32-bit read CDROM: 00 e1 59 22
       [default] (warn): CDROM Read(2, 1): 0x0
       [default] (warn): CDROM Read IFR(3, 1): 0xe1 queue_count=1
       [default] (warn): CDROM Read(0, 1): 0x59
       [default] (warn): CDROM Read(1, 1): 0x22
       [default] (warn): MEM 32-bit read CDROM: 00 e1 59 22
       [default] (warn): CDROM Read(2, 1): 0x0
       [default] (warn): CDROM Read IFR(3, 1): 0xe1 queue_count=1
       [default] (warn): CDROM Read(0, 1): 0x59
       [default] (warn): CDROM Read(1, 1): 0x22
       [default] (warn): MEM 32-bit read CDROM: 00 e1 59 22
       [default] (warn): CDROM Read(2, 1): 0x0
       [default] (warn): CDROM Read IFR(3, 1): 0xe1 queue_count=1
       [default] (warn): CDROM Read(0, 1): 0x59
       [default] (warn): CDROM Read(1, 1): 0x22
       [default] (warn): MEM 32-bit read CDROM: 00 e1 59 22
       [default] (warn): CDROM Read(2, 1): 0x0
       [default] (warn): CDROM Read IFR(3, 1): 0xe1 queue_count=1
       [default] (warn): CDROM Read(0, 1): 0x59
       [default] (warn): CDROM Read(1, 1): 0x22
       [default] (warn): MEM 32-bit read CDROM: 00 e1 59 22
       [default] (warn): CDROM Read(2, 1): 0x0
       [default] (warn): CDROM Read IFR(3, 1): 0xe1 queue_count=1
       [default] (warn): CDROM Read(0, 1): 0x59
       [default] (warn): CDROM Read(1, 1): 0x22
       [default] (warn): MEM 32-bit read CDROM: 00 e1 59 22
       [default] (warn): CDROM Read(2, 1): 0x0
       [default] (warn): CDROM Read IFR(3, 1): 0xe1 queue_count=1
       [default] (warn): CDROM Read(0, 1): 0x59
       [default] (warn): CDROM Read(1, 1): 0x22
       [default] (warn): MEM 32-bit read CDROM: 00 e1 59 22
       [default] (warn): CDROM Read(2, 1): 0x0
       [default] (warn): CDROM Read IFR(3, 1): 0xe1 queue_count=1
       [default] (warn): CDROM Read(0, 1): 0x59
       [default] (warn): CDROM Read(1, 1): 0x22
       [default] (warn): MEM 32-bit read CDROM: 00 e1 59 22
       [default] (warn): CDROM Read(2, 1): 0x0
       [default] (warn): CDROM Read IFR(3, 1): 0xe1 queue_count=1
       [default] (warn): CDROM Read(0, 1): 0x59
       [default] (warn): CDROM Read(1, 1): 0x22
       [default] (warn): MEM 32-bit read CDROM: 00 e1 59 22
       [default] (warn): CDROM Read(2, 1): 0x0
       [default] (warn): CDROM Read IFR(3, 1): 0xe1 queue_count=1
       [default] (warn): CDROM Read(0, 1): 0x59
       [default] (warn): CDROM Read(1, 1): 0x22
       [default] (warn): MEM 32-bit read CDROM: 00 e1 59 22
       [default] (warn): CDROM Read(2, 1): 0x0
       [default] (warn): CDROM Read IFR(3, 1): 0xe1 queue_count=1
       [default] (warn): CDROM Read(0, 1): 0x59
       [default] (warn): CDROM Read(1, 1): 0x22
       [default] (warn): MEM 32-bit read CDROM: 00 e1 59 22
       [default] (warn): CDROM Read(2, 1): 0x0
       [default] (warn): CDROM Read IFR(3, 1): 0xe1 queue_count=1
       [default] (warn): CDROM Read(0, 1): 0x59
       [default] (warn): CDROM Read(1, 1): 0x22
       [default] (warn): MEM 32-bit read CDROM: 00 e1 59 22
       [default] (warn): CDROM Read(2, 1): 0x0
       [default] (warn): CDROM Read IFR(3, 1): 0xe1 queue_count=1
       [default] (warn): CDROM Read(0, 1): 0x59
       [default] (warn): CDROM Read(1, 1): 0x22
       [default] (warn): MEM 32-bit read CDROM: 00 e1 59 22
       [default] (warn): CDROM Read(2, 1): 0x0
       [default] (warn): CDROM Read IFR(3, 1): 0xe1 queue_count=1
       [default] (warn): CDROM Read(0, 1): 0x59
       [default] (warn): CDROM Read(1, 1): 0x22
       [default] (warn): MEM 32-bit read CDROM: 00 e1 59 22
       [default] (warn): CDROM Read(2, 1): 0x0
       [default] (warn): CDROM Read IFR(3, 1): 0xe1 queue_count=1
       [default] (warn): CDROM Read(0, 1): 0x59
       [default] (warn): CDROM Read(1, 1): 0x22
       [default] (warn): MEM 32-bit read CDROM: 00 e1 59 22
       [default] (warn): CDROM Read(2, 1): 0x0
       [default] (warn): CDROM Read IFR(3, 1): 0xe1 queue_count=1
       [default] (warn): CDROM Read(0, 1): 0x59
       [default] (warn): CDROM Read(1, 1): 0x22
       [default] (warn): MEM 32-bit read CDROM: 00 e1 59 22
       [default] (warn): CDROM Read(2, 1): 0x0
       [default] (warn): CDROM Read IFR(3, 1): 0xe1 queue_count=1
       [default] (warn): CDROM Read(0, 1): 0x59
       [default] (warn): CDROM Read(1, 1): 0x22
       [default] (warn): MEM 32-bit read CDROM: 00 e1 59 22
       [default] (warn): CDROM Read(2, 1): 0x0
       [default] (warn): CDROM Read IFR(3, 1): 0xe1 queue_count=1
       [default] (warn): CDROM Read(0, 1): 0x59
       [default] (warn): CDROM Read(1, 1): 0x22
       [default] (warn): MEM 32-bit read CDROM: 00 e1 59 22
       [default] (warn): CDROM Read(2, 1): 0x0
       [default] (warn): CDROM Read IFR(3, 1): 0xe1 queue_count=1
       [default] (warn): CDROM Read(0, 1): 0x59
       [default] (warn): CDROM Read(1, 1): 0x22
       [default] (warn): MEM 32-bit read CDROM: 00 e1 59 22
       [default] (warn): CDROM Read(2, 1): 0x0
       [default] (warn): CDROM Read IFR(3, 1): 0xe1 queue_count=1
       [default] (warn): CDROM Read(0, 1): 0x59
       [default] (warn): CDROM Read(1, 1): 0x22
       [default] (warn): MEM 32-bit read CDROM: 00 e1 59 22
       [default] (warn): CDROM Read(2, 1): 0x0
       [default] (warn): CDROM Read IFR(3, 1): 0xe1 queue_count=1
       [default] (warn): CDROM Read(0, 1): 0x59
       [default] (warn): CDROM Read(1, 1): 0x22
       [default] (warn): MEM 32-bit read CDROM: 00 e1 59 22
       [default] (warn): CDROM Read(2, 1): 0x0
       [default] (warn): CDROM Read IFR(3, 1): 0xe1 queue_count=1
       [default] (warn): CDROM Read(0, 1): 0x59
       [default] (warn): CDROM Read(1, 1): 0x22
       [default] (warn): MEM 32-bit read CDROM: 00 e1 59 22
       [default] (warn): CDROM Read(2, 1): 0x0
       [default] (warn): CDROM Read IFR(3, 1): 0xe1 queue_count=1
       [default] (warn): CDROM Read(0, 1): 0x59
       [default] (warn): CDROM Read(1, 1): 0x22
       [default] (warn): MEM 32-bit read CDROM: 00 e1 59 22
       [default] (warn): CDROM Read(2, 1): 0x0
       [default] (warn): CDROM Read IFR(3, 1): 0xe1 queue_count=1
       [default] (warn): CDROM Read(0, 1): 0x59
       [default] (warn): CDROM Read(1, 1): 0x22
       [default] (warn): MEM 32-bit read CDROM: 00 e1 59 22
       [default] (warn): CDROM Read(2, 1): 0x0
       [default] (warn): CDROM Read IFR(3, 1): 0xe1 queue_count=1
       [default] (warn): CDROM Read(0, 1): 0x59
       [default] (warn): CDROM Read(1, 1): 0x22
       [default] (warn): MEM 32-bit read CDROM: 00 e1 59 22
       [default] (warn): CDROM Read(2, 1): 0x0
       [default] (warn): CDROM Read IFR(3, 1): 0xe1 queue_count=1
       [default] (warn): CDROM Read(0, 1): 0x59
       [default] (warn): CDROM Read(1, 1): 0x22
       [default] (warn): MEM 32-bit read CDROM: 00 e1 59 22
       [default] (warn): CDROM Read(2, 1): 0x0
       [default] (warn): CDROM Read IFR(3, 1): 0xe1 queue_count=1
       [default] (warn): CDROM Read(0, 1): 0x59
       [default] (warn): CDROM Read(1, 1): 0x22
       [default] (warn): MEM 32-bit read CDROM: 00 e1 59 22
       [default] (warn): CDROM Read(2, 1): 0x0
       [default] (warn): CDROM Read IFR(3, 1): 0xe1 queue_count=1
       [default] (warn): CDROM Read(0, 1): 0x59
       [default] (warn): CDROM Read(1, 1): 0x22
       [default] (warn): MEM 32-bit read CDROM: 00 e1 59 22
       [default] (warn): CDROM Read(2, 1): 0x0
       [default] (warn): CDROM Read IFR(3, 1): 0xe1 queue_count=1
       [default] (warn): CDROM Read(0, 1): 0x59
       [default] (warn): CDROM Read(1, 1): 0x22
       [default] (warn): MEM 32-bit read CDROM: 00 e1 59 22
       [default] (warn): CDROM Read(2, 1): 0x0
       [default] (warn): CDROM Read IFR(3, 1): 0xe1 queue_count=1
       [default] (warn): CDROM Read(0, 1): 0x59
       [default] (warn): CDROM Read(1, 1): 0x22
       [default] (warn): MEM 32-bit read CDROM: 00 e1 59 22
       [default] (warn): CDROM Read(2, 1): 0x0
       [default] (warn): CDROM Read IFR(3, 1): 0xe1 queue_count=1
       [default] (warn): CDROM Read(0, 1): 0x59
       [default] (warn): CDROM Read(1, 1): 0x22
       [default] (warn): MEM 32-bit read CDROM: 00 e1 59 22
       [default] (warn): CDROM Read(2, 1): 0x0
       [default] (warn): CDROM Read IFR(3, 1): 0xe1 queue_count=1
       [default] (warn): CDROM Read(0, 1): 0x59
       [default] (warn): CDROM Read(1, 1): 0x22
       [default] (warn): MEM 32-bit read CDROM: 00 e1 59 22
       [default] (warn): CDROM Read(2, 1): 0x0
       [default] (warn): CDROM Read IFR(3, 1): 0xe1 queue_count=1
       [default] (warn): CDROM Read(0, 1): 0x59
       [default] (warn): CDROM Read(1, 1): 0x22
       [default] (warn): MEM 32-bit read CDROM: 00 e1 59 22
       [default] (warn): CDROM Read(2, 1): 0x0
       [default] (warn): CDROM Read IFR(3, 1): 0xe1 queue_count=1
       [default] (warn): CDROM Read(0, 1): 0x59
       [default] (warn): CDROM Read(1, 1): 0x22
       [default] (warn): MEM 32-bit read CDROM: 00 e1 59 22
       [default] (warn): CDROM Read(2, 1): 0x0
       [default] (warn): CDROM Read IFR(3, 1): 0xe1 queue_count=1
       [default] (warn): CDROM Read(0, 1): 0x59
       [default] (warn): CDROM Read(1, 1): 0x22
       [default] (warn): MEM 32-bit read CDROM: 00 e1 59 22
       [default] (warn): CDROM Read(2, 1): 0x0
       [default] (warn): CDROM Read IFR(3, 1): 0xe1 queue_count=1
       [default] (warn): CDROM Read(0, 1): 0x59
       [default] (warn): CDROM Read(1, 1): 0x22
       [default] (warn): MEM 32-bit read CDROM: 00 e1 59 22
       [default] (warn): CDROM Read(2, 1): 0x0
       [default] (warn): CDROM Read IFR(3, 1): 0xe1 queue_count=1
       [default] (warn): CDROM Read(0, 1): 0x59
       [default] (warn): CDROM Read(1, 1): 0x22
       [default] (warn): MEM 32-bit read CDROM: 00 e1 59 22
       [default] (warn): CDROM Read(2, 1): 0x0
       [default] (warn): CDROM Read IFR(3, 1): 0xe1 queue_count=1
       [default] (warn): CDROM Read(0, 1): 0x59
       [default] (warn): CDROM Read(1, 1): 0x22
       [default] (warn): MEM 32-bit read CDROM: 00 e1 59 22
       [default] (warn): CDROM Read(2, 1): 0x0
       [default] (warn): CDROM Read IFR(3, 1): 0xe1 queue_count=1
       [default] (warn): CDROM Read(0, 1): 0x59
       [default] (warn): CDROM Read(1, 1): 0x22
       [default] (warn): MEM 32-bit read CDROM: 00 e1 59 22
       [default] (warn): CDROM Read(2, 1): 0x0
       [default] (warn): CDROM Read IFR(3, 1): 0xe1 queue_count=1
       [default] (warn): CDROM Read(0, 1): 0x59
       [default] (warn): CDROM Read(1, 1): 0x22
       [default] (warn): MEM 32-bit read CDROM: 00 e1 59 22
       [default] (warn): CDROM Read(2, 1): 0x0
       [default] (warn): CDROM Read IFR(3, 1): 0xe1 queue_count=1
       [default] (warn): CDROM Read(0, 1): 0x59
       [default] (warn): CDROM Read(1, 1): 0x22
       [default] (warn): MEM 32-bit read CDROM: 00 e1 59 22
       [default] (warn): CDROM Read(2, 1): 0x0
       [default] (warn): CDROM Read IFR(3, 1): 0xe1 queue_count=1
       [default] (warn): CDROM Read(0, 1): 0x59
       [default] (warn): CDROM Read(1, 1): 0x22
       [default] (warn): MEM 32-bit read CDROM: 00 e1 59 22
       [default] (warn): CDROM Read(2, 1): 0x0
       [default] (warn): CDROM Read IFR(3, 1): 0xe1 queue_count=1
       [default] (warn): CDROM Read(0, 1): 0x59
       [default] (warn): CDROM Read(1, 1): 0x22
       [default] (warn): MEM 32-bit read CDROM: 00 e1 59 22
       [default] (warn): CDROM Read(2, 1): 0x0
       [default] (warn): CDROM Read IFR(3, 1): 0xe1 queue_count=1
       [default] (warn): CDROM Read(0, 1): 0x59
       [default] (warn): CDROM Read(1, 1): 0x22
       [default] (warn): MEM 32-bit read CDROM: 00 e1 59 22
       [default] (warn): CDROM Read(2, 1): 0x0
       [default] (warn): CDROM Read IFR(3, 1): 0xe1 queue_count=1
       [default] (warn): CDROM Read(0, 1): 0x59
       [default] (warn): CDROM Read(1, 1): 0x22
       [default] (warn): MEM 32-bit read CDROM: 00 e1 59 22
       [default] (warn): CDROM Read(2, 1): 0x0
       [default] (warn): CDROM Read IFR(3, 1): 0xe1 queue_count=1
       [default] (warn): CDROM Read(0, 1): 0x59
       [default] (warn): CDROM Read(1, 1): 0x22
       [default] (warn): MEM 32-bit read CDROM: 00 e1 59 22
       [default] (warn): CDROM Read(2, 1): 0x0
       [default] (warn): CDROM Read IFR(3, 1): 0xe1 queue_count=1
       [default] (warn): CDROM Read(0, 1): 0x59
       [default] (warn): CDROM Read(1, 1): 0x22
       [default] (warn): MEM 32-bit read CDROM: 00 e1 59 22
       [default] (warn): CDROM Read(2, 1): 0x0
       [default] (warn): CDROM Read IFR(3, 1): 0xe1 queue_count=1
       [default] (warn): CDROM Read(0, 1): 0x59
       [default] (warn): CDROM Read(1, 1): 0x22
       [default] (warn): MEM 32-bit read CDROM: 00 e1 59 22
       [default] (warn): CDROM Read(2, 1): 0x0
       [default] (warn): CDROM Read IFR(3, 1): 0xe1 queue_count=1
       [default] (warn): CDROM Read(0, 1): 0x59
       [default] (warn): CDROM Read(1, 1): 0x22
       [default] (warn): MEM 32-bit read CDROM: 00 e1 59 22
       [default] (warn): CDROM Read(2, 1): 0x0
       [default] (warn): CDROM Read IFR(3, 1): 0xe1 queue_count=1
       [default] (warn): CDROM Read(0, 1): 0x59
       [default] (warn): CDROM Read(1, 1): 0x22
       [default] (warn): MEM 32-bit read CDROM: 00 e1 59 22
       [default] (warn): CDROM Read(2, 1): 0x0
       [default] (warn): CDROM Read IFR(3, 1): 0xe1 queue_count=1
       [default] (warn): CDROM Read(0, 1): 0x59
       [default] (warn): CDROM Read(1, 1): 0x22
       [default] (warn): MEM 32-bit read CDROM: 00 e1 59 22
       [default] (warn): CDROM Read(2, 1): 0x0
       [default] (warn): CDROM Read IFR(3, 1): 0xe1 queue_count=1
       [default] (warn): CDROM Read(0, 1): 0x59
       [default] (warn): CDROM Read(1, 1): 0x22
       [default] (warn): MEM 32-bit read CDROM: 00 e1 59 22
       [default] (warn): CDROM Read(2, 1): 0x0
       [default] (warn): CDROM Read IFR(3, 1): 0xe1 queue_count=1
       [default] (warn): CDROM Read(0, 1): 0x59
       [default] (warn): CDROM Read(1, 1): 0x22
       [default] (warn): MEM 32-bit read CDROM: 00 e1 59 22
       [default] (warn): CDROM Read(2, 1): 0x0
       [default] (warn): CDROM Read IFR(3, 1): 0xe1 queue_count=1
       [default] (warn): CDROM Read(0, 1): 0x59
       [default] (warn): CDROM Read(1, 1): 0x22
       [default] (warn): MEM 32-bit read CDROM: 00 e1 59 22
       [default] (warn): CDROM Read(2, 1): 0x0
       [default] (warn): CDROM Read IFR(3, 1): 0xe1 queue_count=1
       [default] (warn): CDROM Read(0, 1): 0x59
       [default] (warn): CDROM Read(1, 1): 0x22
       [default] (warn): MEM 32-bit read CDROM: 00 e1 59 22
       [default] (warn): CDROM Read(2, 1): 0x0
       [default] (warn): CDROM Read IFR(3, 1): 0xe1 queue_count=1
       [default] (warn): CDROM Read(0, 1): 0x59
       [default] (warn): CDROM Read(1, 1): 0x22
       [default] (warn): MEM 32-bit read CDROM: 00 e1 59 22
       [default] (warn): CDROM Read(2, 1): 0x0
       [default] (warn): CDROM Read IFR(3, 1): 0xe1 queue_count=1
       [default] (warn): CDROM Read(0, 1): 0x59
       [default] (warn): CDROM Read(1, 1): 0x22
       [default] (warn): MEM 32-bit read CDROM: 00 e1 59 22
       [default] (warn): CDROM Read(2, 1): 0x0
       [default] (warn): CDROM Read IFR(3, 1): 0xe1 queue_count=1
       [default] (warn): CDROM Read(0, 1): 0x59
       [default] (warn): CDROM Read(1, 1): 0x22
       [default] (warn): MEM 32-bit read CDROM: 00 e1 59 22
       [default] (warn): CDROM Read(2, 1): 0x0
       [default] (warn): CDROM Read IFR(3, 1): 0xe1 queue_count=1
       [default] (warn): CDROM Read(0, 1): 0x59
       [default] (warn): CDROM Read(1, 1): 0x22
       [default] (warn): MEM 32-bit read CDROM: 00 e1 59 22
       [default] (warn): CDROM Read(2, 1): 0x0
       [default] (warn): CDROM Read IFR(3, 1): 0xe1 queue_count=1
       [default] (warn): CDROM Read(0, 1): 0x59
       [default] (warn): CDROM Read(1, 1): 0x22
       [default] (warn): MEM 32-bit read CDROM: 00 e1 59 22
       [default] (warn): CDROM Read(2, 1): 0x0
       [default] (warn): CDROM Read IFR(3, 1): 0xe1 queue_count=1
       [default] (warn): CDROM Read(0, 1): 0x59
       [default] (warn): CDROM Read(1, 1): 0x22
       [default] (warn): MEM 32-bit read CDROM: 00 e1 59 22
       [default] (warn): CDROM Read(2, 1): 0x0
       [default] (warn): CDROM Read IFR(3, 1): 0xe1 queue_count=1
       [default] (warn): CDROM Read(0, 1): 0x59
       [default] (warn): CDROM Read(1, 1): 0x22
       [default] (warn): MEM 32-bit read CDROM: 00 e1 59 22
       [default] (warn): CDROM Read(2, 1): 0x0
       [default] (warn): CDROM Read IFR(3, 1): 0xe1 queue_count=1
       [default] (warn): CDROM Read(0, 1): 0x59
       [default] (warn): CDROM Read(1, 1): 0x22
       [default] (warn): MEM 32-bit read CDROM: 00 e1 59 22
       [default] (warn): CDROM Read(2, 1): 0x0
       [default] (warn): CDROM Read IFR(3, 1): 0xe1 queue_count=1
       [default] (warn): CDROM Read(0, 1): 0x59
       [default] (warn): CDROM Read(1, 1): 0x22
       [default] (warn): MEM 32-bit read CDROM: 00 e1 59 22
       [default] (warn): CDROM Read(2, 1): 0x0
       [default] (warn): CDROM Read IFR(3, 1): 0xe1 queue_count=1
       [default] (warn): CDROM Read(0, 1): 0x59
       [default] (warn): CDROM Read(1, 1): 0x22
       [default] (warn): MEM 32-bit read CDROM: 00 e1 59 22
       [default] (warn): CDROM Read(2, 1): 0x0
       [default] (warn): CDROM Read IFR(3, 1): 0xe1 queue_count=1
       [default] (warn): CDROM Read(0, 1): 0x59
       [default] (warn): CDROM Read(1, 1): 0x22
       [default] (warn): MEM 32-bit read CDROM: 00 e1 59 22
       [default] (warn): CDROM Read(2, 1): 0x0
       [default] (warn): CDROM Read IFR(3, 1): 0xe1 queue_count=1
       [default] (warn): CDROM Read(0, 1): 0x59
       [default] (warn): CDROM Read(1, 1): 0x22
       [default] (warn): MEM 32-bit read CDROM: 00 e1 59 22
       [default] (warn): CDROM Read(2, 1): 0x0
       [default] (warn): CDROM Read IFR(3, 1): 0xe1 queue_count=1
       [default] (warn): CDROM Read(0, 1): 0x59
       [default] (warn): CDROM Read(1, 1): 0x22
       [default] (warn): MEM 32-bit read CDROM: 00 e1 59 22
       [default] (warn): CDROM Read(2, 1): 0x0
       [default] (warn): CDROM Read IFR(3, 1): 0xe1 queue_count=1
       [default] (warn): CDROM Read(0, 1): 0x59
       [default] (warn): CDROM Read(1, 1): 0x22
       [default] (warn): MEM 32-bit read CDROM: 00 e1 59 22
       [default] (warn): CDROM Read(2, 1): 0x0
       [default] (warn): CDROM Read IFR(3, 1): 0xe1 queue_count=1
       [default] (warn): CDROM Read(0, 1): 0x59
       [default] (warn): CDROM Read(1, 1): 0x22
       [default] (warn): MEM 32-bit read CDROM: 00 e1 59 22
       [default] (warn): CDROM Read(2, 1): 0x0
       [default] (warn): CDROM Read IFR(3, 1): 0xe1 queue_count=1
       [default] (warn): CDROM Read(0, 1): 0x59
       [default] (warn): CDROM Read(1, 1): 0x22
       [default] (warn): MEM 32-bit read CDROM: 00 e1 59 22
       [default] (warn): CDROM Read(2, 1): 0x0
       [default] (warn): CDROM Read IFR(3, 1): 0xe1 queue_count=1
       [default] (warn): CDROM Read(0, 1): 0x59
       [default] (warn): CDROM Read(1, 1): 0x22
       [default] (warn): MEM 32-bit read CDROM: 00 e1 59 22
       [default] (warn): CDROM Read(2, 1): 0x0
       [default] (warn): CDROM Read IFR(3, 1): 0xe1 queue_count=1
       [default] (warn): CDROM Read(0, 1): 0x59
       [default] (warn): CDROM Read(1, 1): 0x22
       [default] (warn): MEM 32-bit read CDROM: 00 e1 59 22
       [default] (warn): CDROM Read(2, 1): 0x0
       [default] (warn): CDROM Read IFR(3, 1): 0xe1 queue_count=1
       [default] (warn): CDROM Read(0, 1): 0x59
       [default] (warn): CDROM Read(1, 1): 0x22
       [default] (warn): MEM 32-bit read CDROM: 00 e1 59 22
       [default] (warn): CDROM Read(2, 1): 0x0
       [default] (warn): CDROM Read IFR(3, 1): 0xe1 queue_count=1
       [default] (warn): CDROM Read(0, 1): 0x59
       [default] (warn): CDROM Read(1, 1): 0x22
       [default] (warn): MEM 32-bit read CDROM: 00 e1 59 22
       [default] (warn): CDROM Read(2, 1): 0x0
       [default] (warn): CDROM Read IFR(3, 1): 0xe1 queue_count=1
       [default] (warn): CDROM Read(0, 1): 0x59
       [default] (warn): CDROM Read(1, 1): 0x22
       [default] (warn): MEM 32-bit read CDROM: 00 e1 59 22
       [default] (warn): CDROM Read(2, 1): 0x0
       [default] (warn): CDROM Read IFR(3, 1): 0xe1 queue_count=1
       [default] (warn): CDROM Read(0, 1): 0x59
       [default] (warn): CDROM Read(1, 1): 0x22
       [default] (warn): MEM 32-bit read CDROM: 00 e1 59 22
       [default] (warn): CDROM Read(2, 1): 0x0
       [default] (warn): CDROM Read IFR(3, 1): 0xe1 queue_count=1
       [default] (warn): CDROM Read(0, 1): 0x59
       [default] (warn): CDROM Read(1, 1): 0x22
       [default] (warn): MEM 32-bit read CDROM: 00 e1 59 22
       [default] (warn): CDROM Read(2, 1): 0x0
       [default] (warn): CDROM Read IFR(3, 1): 0xe1 queue_count=1
       [default] (warn): CDROM Read(0, 1): 0x59
       [default] (warn): CDROM Read(1, 1): 0x22
       [default] (warn): MEM 32-bit read CDROM: 00 e1 59 22
       [default] (warn): CDROM Read(2, 1): 0x0
       [default] (warn): CDROM Read IFR(3, 1): 0xe1 queue_count=1
       [default] (warn): CDROM Read(0, 1): 0x59
       [default] (warn): CDROM Read(1, 1): 0x22
       [default] (warn): MEM 32-bit read CDROM: 00 e1 59 22
       [default] (warn): CDROM Read(2, 1): 0x0
       [default] (warn): CDROM Read IFR(3, 1): 0xe1 queue_count=1
       [default] (warn): CDROM Read(0, 1): 0x59
       [default] (warn): CDROM Read(1, 1): 0x22
       [default] (warn): MEM 32-bit read CDROM: 00 e1 59 22
       [default] (warn): CDROM Read(2, 1): 0x0
       [default] (warn): CDROM Read IFR(3, 1): 0xe1 queue_count=1
       [default] (warn): CDROM Read(0, 1): 0x59
       [default] (warn): CDROM Read(1, 1): 0x22
       [default] (warn): MEM 32-bit read CDROM: 00 e1 59 22
       [default] (warn): CDROM Read(2, 1): 0x0
       [default] (warn): CDROM Read IFR(3, 1): 0xe1 queue_count=1
       [default] (warn): CDROM Read(0, 1): 0x59
       [default] (warn): CDROM Read(1, 1): 0x22
       [default] (warn): MEM 32-bit read CDROM: 00 e1 59 22
       [default] (warn): CDROM Read(2, 1): 0x0
       [default] (warn): CDROM Read IFR(3, 1): 0xe1 queue_count=1
       [default] (warn): CDROM Read(0, 1): 0x59
       [default] (warn): CDROM Read(1, 1): 0x22
       [default] (warn): MEM 32-bit read CDROM: 00 e1 59 22
       [default] (warn): CDROM Read(2, 1): 0x0
       [default] (warn): CDROM Read IFR(3, 1): 0xe1 queue_count=1
       [default] (warn): CDROM Read(0, 1): 0x59
       [default] (warn): CDROM Read(1, 1): 0x22
       [default] (warn): MEM 32-bit read CDROM: 00 e1 59 22
       [default] (warn): CDROM Read(2, 1): 0x0
       [default] (warn): CDROM Read IFR(3, 1): 0xe1 queue_count=1
       [default] (warn): CDROM Read(0, 1): 0x59
       [default] (warn): CDROM Read(1, 1): 0x22
       [default] (warn): MEM 32-bit read CDROM: 00 e1 59 22
       [default] (warn): CDROM Read(2, 1): 0x0
       [default] (warn): CDROM Read IFR(3, 1): 0xe1 queue_count=1
       [default] (warn): CDROM Read(0, 1): 0x59
       [default] (warn): CDROM Read(1, 1): 0x22
       [default] (warn): MEM 32-bit read CDROM: 00 e1 59 22
       [default] (warn): CDROM Read(2, 1): 0x0
       [default] (warn): CDROM Read IFR(3, 1): 0xe1 queue_count=1
       [default] (warn): CDROM Read(0, 1): 0x59
       [default] (warn): CDROM Read(1, 1): 0x22
       [default] (warn): MEM 32-bit read CDROM: 00 e1 59 22
       [default] (warn): CDROM Read(2, 1): 0x0
       [default] (warn): CDROM Read IFR(3, 1): 0xe1 queue_count=1
       [default] (warn): CDROM Read(0, 1): 0x59
       [default] (warn): CDROM Read(1, 1): 0x22
       [default] (warn): MEM 32-bit read CDROM: 00 e1 59 22
       [default] (warn): CDROM Read(2, 1): 0x0
       [default] (warn): CDROM Read IFR(3, 1): 0xe1 queue_count=1
       [default] (warn): CDROM Read(0, 1): 0x59
       [default] (warn): CDROM Read(1, 1): 0x22
       [default] (warn): MEM 32-bit read CDROM: 00 e1 59 22
       [default] (warn): CDROM Read(2, 1): 0x0
       [default] (warn): CDROM Read IFR(3, 1): 0xe1 queue_count=1
       [default] (warn): CDROM Read(0, 1): 0x59
       [default] (warn): CDROM Read(1, 1): 0x22
       [default] (warn): MEM 32-bit read CDROM: 00 e1 59 22
       [default] (warn): CDROM Read(2, 1): 0x0
       [default] (warn): CDROM Read IFR(3, 1): 0xe1 queue_count=1
       [default] (warn): CDROM Read(0, 1): 0x59
       [default] (warn): CDROM Read(1, 1): 0x22
       [default] (warn): MEM 32-bit read CDROM: 00 e1 59 22
       [default] (warn): CDROM Read(2, 1): 0x0
       [default] (warn): CDROM Read IFR(3, 1): 0xe1 queue_count=1
       [default] (warn): CDROM Read(0, 1): 0x59
       [default] (warn): CDROM Read(1, 1): 0x22
       [default] (warn): MEM 32-bit read CDROM: 00 e1 59 22
       [default] (warn): CDROM Read(2, 1): 0x0
       [default] (warn): CDROM Read IFR(3, 1): 0xe1 queue_count=1
       [default] (warn): CDROM Read(0, 1): 0x59
       [default] (warn): CDROM Read(1, 1): 0x22
       [default] (warn): MEM 32-bit read CDROM: 00 e1 59 22
       [default] (warn): CDROM Read(2, 1): 0x0
       [default] (warn): CDROM Read IFR(3, 1): 0xe1 queue_count=1
       [default] (warn): CDROM Read(0, 1): 0x59
       [default] (warn): CDROM Read(1, 1): 0x22
       [default] (warn): MEM 32-bit read CDROM: 00 e1 59 22
       [default] (warn): CDROM Read(2, 1): 0x0
       [default] (warn): CDROM Read IFR(3, 1): 0xe1 queue_count=1
       [default] (warn): CDROM Read(0, 1): 0x59
       [default] (warn): CDROM Read(1, 1): 0x22
       [default] (warn): MEM 32-bit read CDROM: 00 e1 59 22
       [default] (warn): CDROM Read(2, 1): 0x0
       [default] (warn): CDROM Read IFR(3, 1): 0xe1 queue_count=1
       [default] (warn): CDROM Read(0, 1): 0x59
       [default] (warn): CDROM Read(1, 1): 0x22
       [default] (warn): MEM 32-bit read CDROM: 00 e1 59 22
       [default] (warn): CDROM Read(2, 1): 0x0
       [default] (warn): CDROM Read IFR(3, 1): 0xe1 queue_count=1
       [default] (warn): CDROM Read(0, 1): 0x59
       [default] (warn): CDROM Read(1, 1): 0x22
       [default] (warn): MEM 32-bit read CDROM: 00 e1 59 22
       [default] (warn): CDROM Read(2, 1): 0x0
       [default] (warn): CDROM Read IFR(3, 1): 0xe1 queue_count=1
       [default] (warn): CDROM Read(0, 1): 0x59
       [default] (warn): CDROM Read(1, 1): 0x22
       [default] (warn): MEM 32-bit read CDROM: 00 e1 59 22
       [default] (warn): CDROM Read(2, 1): 0x0
       [default] (warn): CDROM Read IFR(3, 1): 0xe1 queue_count=1
       [default] (warn): CDROM Read(0, 1): 0x59
       [default] (warn): CDROM Read(1, 1): 0x22
       [default] (warn): MEM 32-bit read CDROM: 00 e1 59 22
       [default] (warn): CDROM Read(2, 1): 0x0
       [default] (warn): CDROM Read IFR(3, 1): 0xe1 queue_count=1
       [default] (warn): CDROM Read(0, 1): 0x59
       [default] (warn): CDROM Read(1, 1): 0x22
       [default] (warn): MEM 32-bit read CDROM: 00 e1 59 22
       [default] (warn): CDROM Read(2, 1): 0x0
       [default] (warn): CDROM Read IFR(3, 1): 0xe1 queue_count=1
       [default] (warn): CDROM Read(0, 1): 0x59
       [default] (warn): CDROM Read(1, 1): 0x22
       [default] (warn): MEM 32-bit read CDROM: 00 e1 59 22
       [default] (warn): CDROM Read(2, 1): 0x0
       [default] (warn): CDROM Read IFR(3, 1): 0xe1 queue_count=1
       [default] (warn): CDROM Read(0, 1): 0x59
       [default] (warn): CDROM Read(1, 1): 0x22
       [default] (warn): MEM 32-bit read CDROM: 00 e1 59 22
       [default] (warn): CDROM Read(2, 1): 0x0
       [default] (warn): CDROM Read IFR(3, 1): 0xe1 queue_count=1
       [default] (warn): CDROM Read(0, 1): 0x59
       [default] (warn): CDROM Read(1, 1): 0x22
       [default] (warn): MEM 32-bit read CDROM: 00 e1 59 22
       [default] (warn): CDROM Read(2, 1): 0x0
       [default] (warn): CDROM Read IFR(3, 1): 0xe1 queue_count=1
       [default] (warn): CDROM Read(0, 1): 0x59
       [default] (warn): CDROM Read(1, 1): 0x22
       [default] (warn): MEM 32-bit read CDROM: 00 e1 59 22
       [default] (warn): CDROM Read(2, 1): 0x0
       [default] (warn): CDROM Read IFR(3, 1): 0xe1 queue_count=1
       [default] (warn): CDROM Read(0, 1): 0x59
       [default] (warn): CDROM Read(1, 1): 0x22
       [default] (warn): MEM 32-bit read CDROM: 00 e1 59 22
       [default] (warn): CDROM Read(2, 1): 0x0
       [default] (warn): CDROM Read IFR(3, 1): 0xe1 queue_count=1
       [default] (warn): CDROM Read(0, 1): 0x59
       [default] (warn): CDROM Read(1, 1): 0x22
       [default] (warn): MEM 32-bit read CDROM: 00 e1 59 22
       [default] (warn): CDROM Read(2, 1): 0x0
       [default] (warn): CDROM Read IFR(3, 1): 0xe1 queue_count=1
       [default] (warn): CDROM Read(0, 1): 0x59
       [default] (warn): CDROM Read(1, 1): 0x22
       [default] (warn): MEM 32-bit read CDROM: 00 e1 59 22
       [default] (warn): CDROM Read(2, 1): 0x0
       [default] (warn): CDROM Read IFR(3, 1): 0xe1 queue_count=1
       [default] (warn): CDROM Read(0, 1): 0x59
       [default] (warn): CDROM Read(1, 1): 0x22
       [default] (warn): MEM 32-bit read CDROM: 00 e1 59 22
       [default] (warn): CDROM Read(2, 1): 0x0
       [default] (warn): CDROM Read IFR(3, 1): 0xe1 queue_count=1
       [default] (warn): CDROM Read(0, 1): 0x59
       [default] (warn): CDROM Read(1, 1): 0x22
       [default] (warn): MEM 32-bit read CDROM: 00 e1 59 22
       [default] (warn): CDROM Read(2, 1): 0x0
       [default] (warn): CDROM Read IFR(3, 1): 0xe1 queue_count=1
       [default] (warn): CDROM Read(0, 1): 0x59
       [default] (warn): CDROM Read(1, 1): 0x22
       [default] (warn): MEM 32-bit read CDROM: 00 e1 59 22
       [default] (warn): CDROM Read(2, 1): 0x0
       [default] (warn): CDROM Read IFR(3, 1): 0xe1 queue_count=1
       [default] (warn): CDROM Read(0, 1): 0x59
       [default] (warn): CDROM Read(1, 1): 0x22
       [default] (warn): MEM 32-bit read CDROM: 00 e1 59 22
       [default] (warn): CDROM Read(2, 1): 0x0
       [default] (warn): CDROM Read IFR(3, 1): 0xe1 queue_count=1
       [default] (warn): CDROM Read(0, 1): 0x59
       [default] (warn): CDROM Read(1, 1): 0x22
       [default] (warn): MEM 32-bit read CDROM: 00 e1 59 22
       [default] (warn): CDROM Read(2, 1): 0x0
       [default] (warn): CDROM Read IFR(3, 1): 0xe1 queue_count=1
       [default] (warn): CDROM Read(0, 1): 0x59
       [default] (warn): CDROM Read(1, 1): 0x22
       [default] (warn): MEM 32-bit read CDROM: 00 e1 59 22
       [default] (warn): CDROM Read(2, 1): 0x0
       [default] (warn): CDROM Read IFR(3, 1): 0xe1 queue_count=1
       [default] (warn): CDROM Read(0, 1): 0x59
       [default] (warn): CDROM Read(1, 1): 0x22
       [default] (warn): MEM 32-bit read CDROM: 00 e1 59 22
       [default] (warn): CDROM Read(2, 1): 0x0
       [default] (warn): CDROM Read IFR(3, 1): 0xe1 queue_count=1
       [default] (warn): CDROM Read(0, 1): 0x59
       [default] (warn): CDROM Read(1, 1): 0x22
       [default] (warn): MEM 32-bit read CDROM: 00 e1 59 22
       [default] (warn): CDROM Read(2, 1): 0x0
       [default] (warn): CDROM Read IFR(3, 1): 0xe1 queue_count=1
       [default] (warn): CDROM Read(0, 1): 0x59
       [default] (warn): CDROM Read(1, 1): 0x22
       [default] (warn): MEM 32-bit read CDROM: 00 e1 59 22
       [default] (warn): CDROM Read(2, 1): 0x0
       [default] (warn): CDROM Read IFR(3, 1): 0xe1 queue_count=1
       [default] (warn): CDROM Read(0, 1): 0x59
       [default] (warn): CDROM Read(1, 1): 0x22
       [default] (warn): MEM 32-bit read CDROM: 00 e1 59 22
       [default] (warn): CDROM Read(2, 1): 0x0
       [default] (warn): CDROM Read IFR(3, 1): 0xe1 queue_count=1
       [default] (warn): CDROM Read(0, 1): 0x59
       [default] (warn): CDROM Read(1, 1): 0x22
       [default] (warn): MEM 32-bit read CDROM: 00 e1 59 22
       [default] (warn): CDROM Read(2, 1): 0x0
       [default] (warn): CDROM Read IFR(3, 1): 0xe1 queue_count=1
       [default] (warn): CDROM Read(0, 1): 0x59
       [default] (warn): CDROM Read(1, 1): 0x22
       [default] (warn): MEM 32-bit read CDROM: 00 e1 59 22
       [default] (warn): CDROM Read(2, 1): 0x0
       [default] (warn): CDROM Read IFR(3, 1): 0xe1 queue_count=1
       [default] (warn): CDROM Read(0, 1): 0x59
       [default] (warn): CDROM Read(1, 1): 0x22
       [default] (warn): MEM 32-bit read CDROM: 00 e1 59 22
       [default] (warn): CDROM Read(2, 1): 0x0
       [default] (warn): CDROM Read IFR(3, 1): 0xe1 queue_count=1
       [default] (warn): CDROM Read(0, 1): 0x59
       [default] (warn): CDROM Read(1, 1): 0x22
       [default] (warn): MEM 32-bit read CDROM: 00 e1 59 22
       [default] (warn): CDROM Read(2, 1): 0x0
       [default] (warn): CDROM Read IFR(3, 1): 0xe1 queue_count=1
       [default] (warn): CDROM Read(0, 1): 0x59
       [default] (warn): CDROM Read(1, 1): 0x22
       [default] (warn): MEM 32-bit read CDROM: 00 e1 59 22
       [default] (warn): CDROM Read(2, 1): 0x0
       [default] (warn): CDROM Read IFR(3, 1): 0xe1 queue_count=1
       [default] (warn): CDROM Read(0, 1): 0x59
       [default] (warn): CDROM Read(1, 1): 0x22
       [default] (warn): MEM 32-bit read CDROM: 00 e1 59 22
       [default] (warn): CDROM Read(2, 1): 0x0
       [default] (warn): CDROM Read IFR(3, 1): 0xe1 queue_count=1
       [default] (warn): CDROM Read(0, 1): 0x59
       [default] (warn): CDROM Read(1, 1): 0x22
       [default] (warn): MEM 32-bit read CDROM: 00 e1 59 22
       [default] (warn): CDROM Read(2, 1): 0x0
       [default] (warn): CDROM Read IFR(3, 1): 0xe1 queue_count=1
       [default] (warn): CDROM Read(0, 1): 0x59
       [default] (warn): CDROM Read(1, 1): 0x22
       [default] (warn): MEM 32-bit read CDROM: 00 e1 59 22
       [default] (warn): CDROM Read(2, 1): 0x0
       [default] (warn): CDROM Read IFR(3, 1): 0xe1 queue_count=1
       [default] (warn): CDROM Read(0, 1): 0x59
       [default] (warn): CDROM Read(1, 1): 0x22
       [default] (warn): MEM 32-bit read CDROM: 00 e1 59 22
       [default] (warn): CDROM Read(2, 1): 0x0
       [default] (warn): CDROM Read IFR(3, 1): 0xe1 queue_count=1
       [default] (warn): CDROM Read(0, 1): 0x59
       [default] (warn): CDROM Read(1, 1): 0x22
       [default] (warn): MEM 32-bit read CDROM: 00 e1 59 22
       [default] (warn): CDROM Read(2, 1): 0x0
       [default] (warn): CDROM Read IFR(3, 1): 0xe1 queue_count=1
       [default] (warn): CDROM Read(0, 1): 0x59
       [default] (warn): CDROM Read(1, 1): 0x22
       [default] (warn): MEM 32-bit read CDROM: 00 e1 59 22
       [default] (warn): CDROM Read(2, 1): 0x0
       [default] (warn): CDROM Read IFR(3, 1): 0xe1 queue_count=1
       [default] (warn): CDROM Read(0, 1): 0x59
       [default] (warn): CDROM Read(1, 1): 0x22
       [default] (warn): MEM 32-bit read CDROM: 00 e1 59 22
       [default] (warn): CDROM Read(2, 1): 0x0
       [default] (warn): CDROM Read IFR(3, 1): 0xe1 queue_count=1
       [default] (warn): CDROM Read(0, 1): 0x59
       [default] (warn): CDROM Read(1, 1): 0x22
       [default] (warn): MEM 32-bit read CDROM: 00 e1 59 22
       [default] (warn): CDROM Read(2, 1): 0x0
       [default] (warn): CDROM Read IFR(3, 1): 0xe1 queue_count=1
       [default] (warn): CDROM Read(0, 1): 0x59
       [default] (warn): CDROM Read(1, 1): 0x22
       [default] (warn): MEM 32-bit read CDROM: 00 e1 59 22
       [default] (warn): CDROM Read(2, 1): 0x0
       [default] (warn): CDROM Read IFR(3, 1): 0xe1 queue_count=1
       [default] (warn): CDROM Read(0, 1): 0x59
       [default] (warn): CDROM Read(1, 1): 0x22
       [default] (warn): MEM 32-bit read CDROM: 00 e1 59 22
       [default] (warn): CDROM Read(2, 1): 0x0
       [default] (warn): CDROM Read IFR(3, 1): 0xe1 queue_count=1
       [default] (warn): CDROM Read(0, 1): 0x59
       [default] (warn): CDROM Read(1, 1): 0x22
       [default] (warn): MEM 32-bit read CDROM: 00 e1 59 22
       [default] (warn): CDROM Read(2, 1): 0x0
       [default] (warn): CDROM Read IFR(3, 1): 0xe1 queue_count=1
       [default] (warn): CDROM Read(0, 1): 0x59
       [default] (warn): CDROM Read(1, 1): 0x22
       [default] (warn): MEM 32-bit read CDROM: 00 e1 59 22
       [default] (warn): CDROM Read(2, 1): 0x0
       [default] (warn): CDROM Read IFR(3, 1): 0xe1 queue_count=1
       [default] (warn): CDROM Read(0, 1): 0x59
       [default] (warn): CDROM Read(1, 1): 0x22
       [default] (warn): MEM 32-bit read CDROM: 00 e1 59 22
       [default] (warn): CDROM Read(2, 1): 0x0
       [default] (warn): CDROM Read IFR(3, 1): 0xe1 queue_count=1
       [default] (warn): CDROM Read(0, 1): 0x59
       [default] (warn): CDROM Read(1, 1): 0x22
       [default] (warn): MEM 32-bit read CDROM: 00 e1 59 22
       [default] (warn): CDROM Read(2, 1): 0x0
       [default] (warn): CDROM Read IFR(3, 1): 0xe1 queue_count=1
       [default] (warn): CDROM Read(0, 1): 0x59
       [default] (warn): CDROM Read(1, 1): 0x22
       [default] (warn): MEM 32-bit read CDROM: 00 e1 59 22
       [default] (warn): CDROM Read(2, 1): 0x0
       [default] (warn): CDROM Read IFR(3, 1): 0xe1 queue_count=1
       [default] (warn): CDROM Read(0, 1): 0x59
       [default] (warn): CDROM Read(1, 1): 0x22
       [default] (warn): MEM 32-bit read CDROM: 00 e1 59 22
       [default] (warn): CDROM Read(2, 1): 0x0
       [default] (warn): CDROM Read IFR(3, 1): 0xe1 queue_count=1
       [default] (warn): CDROM Read(0, 1): 0x59
       [default] (warn): CDROM Read(1, 1): 0x22
       [default] (warn): MEM 32-bit read CDROM: 00 e1 59 22
       [default] (warn): CDROM Read(2, 1): 0x0
       [default] (warn): CDROM Read IFR(3, 1): 0xe1 queue_count=1
       [default] (warn): CDROM Read(0, 1): 0x59
       [default] (warn): CDROM Read(1, 1): 0x22
       [default] (warn): MEM 32-bit read CDROM: 00 e1 59 22
       [default] (warn): CDROM Read(2, 1): 0x0
       [default] (warn): CDROM Read IFR(3, 1): 0xe1 queue_count=1
       [default] (warn): CDROM Read(0, 1): 0x59
       [default] (warn): CDROM Read(1, 1): 0x22
       [default] (warn): MEM 32-bit read CDROM: 00 e1 59 22
       [default] (warn): CDROM Read(2, 1): 0x0
       [default] (warn): CDROM Read IFR(3, 1): 0xe1 queue_count=1
       [default] (warn): CDROM Read(0, 1): 0x59
       [default] (warn): CDROM Read(1, 1): 0x22
       [default] (warn): MEM 32-bit read CDROM: 00 e1 59 22
       [default] (warn): CDROM Read(2, 1): 0x0
       [default] (warn): CDROM Read IFR(3, 1): 0xe1 queue_count=1
       [default] (warn): CDROM Read(0, 1): 0x59
       [default] (warn): CDROM Read(1, 1): 0x22
       [default] (warn): MEM 32-bit read CDROM: 00 e1 59 22
       [default] (warn): CDROM Read(2, 1): 0x0
       [default] (warn): CDROM Read IFR(3, 1): 0xe1 queue_count=1
       [default] (warn): CDROM Read(0, 1): 0x59
       [default] (warn): CDROM Read(1, 1): 0x22
       [default] (warn): MEM 32-bit read CDROM: 00 e1 59 22
       [default] (warn): CDROM Read(2, 1): 0x0
       [default] (warn): CDROM Read IFR(3, 1): 0xe1 queue_count=1
       [default] (warn): CDROM Read(0, 1): 0x59
       [default] (warn): CDROM Read(1, 1): 0x22
       [default] (warn): MEM 32-bit read CDROM: 00 e1 59 22
       [default] (warn): CDROM Read(2, 1): 0x0
       [default] (warn): CDROM Read IFR(3, 1): 0xe1 queue_count=1
       [default] (warn): CDROM Read(0, 1): 0x59
       [default] (warn): CDROM Read(1, 1): 0x22
       [default] (warn): MEM 32-bit read CDROM: 00 e1 59 22
       [default] (warn): CDROM Read(2, 1): 0x0
       [default] (warn): CDROM Read IFR(3, 1): 0xe1 queue_count=1
       [default] (warn): CDROM Read(0, 1): 0x59
       [default] (warn): CDROM Read(1, 1): 0x22
       [default] (warn): MEM 32-bit read CDROM: 00 e1 59 22
       [default] (warn): CDROM Read(2, 1): 0x0
       [default] (warn): CDROM Read IFR(3, 1): 0xe1 queue_count=1
       [default] (warn): CDROM Read(0, 1): 0x59
       [default] (warn): CDROM Read(1, 1): 0x22
       [default] (warn): MEM 32-bit read CDROM: 00 e1 59 22
       [default] (warn): CDROM Read(2, 1): 0x0
       [default] (warn): CDROM Read IFR(3, 1): 0xe1 queue_count=1
       [default] (warn): CDROM Read(0, 1): 0x59
       [default] (warn): CDROM Read(1, 1): 0x22
       [default] (warn): MEM 32-bit read CDROM: 00 e1 59 22
       [default] (warn): CDROM Read(2, 1): 0x0
       [default] (warn): CDROM Read IFR(3, 1): 0xe1 queue_count=1
       [default] (warn): CDROM Read(0, 1): 0x59
       [default] (warn): CDROM Read(1, 1): 0x22
       [default] (warn): MEM 32-bit read CDROM: 00 e1 59 22
       [default] (warn): CDROM Read(2, 1): 0x0
       [default] (warn): CDROM Read IFR(3, 1): 0xe1 queue_count=1
       [default] (warn): CDROM Read(0, 1): 0x59
       [default] (warn): CDROM Read(1, 1): 0x22
       [default] (warn): MEM 32-bit read CDROM: 00 e1 59 22
       [default] (warn): CDROM Read(2, 1): 0x0
       [default] (warn): CDROM Read IFR(3, 1): 0xe1 queue_count=1
       [default] (warn): CDROM Read(0, 1): 0x59
       [default] (warn): CDROM Read(1, 1): 0x22
       [default] (warn): MEM 32-bit read CDROM: 00 e1 59 22
       [default] (warn): CDROM Read(2, 1): 0x0
       [default] (warn): CDROM Read IFR(3, 1): 0xe1 queue_count=1
       [default] (warn): CDROM Read(0, 1): 0x59
       [default] (warn): CDROM Read(1, 1): 0x22
       [default] (warn): MEM 32-bit read CDROM: 00 e1 59 22
       [default] (warn): CDROM Read(2, 1): 0x0
       [default] (warn): CDROM Read IFR(3, 1): 0xe1 queue_count=1
       [default] (warn): CDROM Read(0, 1): 0x59
       [default] (warn): CDROM Read(1, 1): 0x22
       [default] (warn): MEM 32-bit read CDROM: 00 e1 59 22
       [default] (warn): CDROM Read(2, 1): 0x0
       [default] (warn): CDROM Read IFR(3, 1): 0xe1 queue_count=1
       [default] (warn): CDROM Read(0, 1): 0x59
       [default] (warn): CDROM Read(1, 1): 0x22
       [default] (warn): MEM 32-bit read CDROM: 00 e1 59 22
       [default] (warn): CDROM Read(2, 1): 0x0
       [default] (warn): CDROM Read IFR(3, 1): 0xe1 queue_count=1
       [default] (warn): CDROM Read(0, 1): 0x59
       [default] (warn): CDROM Read(1, 1): 0x22
       [default] (warn): MEM 32-bit read CDROM: 00 e1 59 22
       [default] (warn): CDROM Read(2, 1): 0x0
       [default] (warn): CDROM Read IFR(3, 1): 0xe1 queue_count=1
       [default] (warn): CDROM Read(0, 1): 0x59
       [default] (warn): CDROM Read(1, 1): 0x22
       [default] (warn): MEM 32-bit read CDROM: 00 e1 59 22
       [default] (warn): CDROM Read(2, 1): 0x0
       [default] (warn): CDROM Read IFR(3, 1): 0xe1 queue_count=1
       [default] (warn): CDROM Read(0, 1): 0x59
       [default] (warn): CDROM Read(1, 1): 0x22
       [default] (warn): MEM 32-bit read CDROM: 00 e1 59 22
       [default] (warn): CDROM Read(2, 1): 0x0
       [default] (warn): CDROM Read IFR(3, 1): 0xe1 queue_count=1
       [default] (warn): CDROM Read(0, 1): 0x59
       [default] (warn): CDROM Read(1, 1): 0x22
       [default] (warn): MEM 32-bit read CDROM: 00 e1 59 22
       [default] (warn): CDROM Read(2, 1): 0x0
       [default] (warn): CDROM Read IFR(3, 1): 0xe1 queue_count=1
       [default] (warn): CDROM Read(0, 1): 0x59
       [default] (warn): CDROM Read(1, 1): 0x22
       [default] (warn): MEM 32-bit read CDROM: 00 e1 59 22
       [default] (warn): CDROM Read(2, 1): 0x0
       [default] (warn): CDROM Read IFR(3, 1): 0xe1 queue_count=1
       [default] (warn): CDROM Read(0, 1): 0x59
       [default] (warn): CDROM Read(1, 1): 0x22
       [default] (warn): MEM 32-bit read CDROM: 00 e1 59 22
       [default] (warn): CDROM Read(2, 1): 0x0
       [default] (warn): CDROM Read IFR(3, 1): 0xe1 queue_count=1
       [default] (warn): CDROM Read(0, 1): 0x59
       [default] (warn): CDROM Read(1, 1): 0x22
       [default] (warn): MEM 32-bit read CDROM: 00 e1 59 22
       [default] (warn): CDROM Read(2, 1): 0x0
       [default] (warn): CDROM Read IFR(3, 1): 0xe1 queue_count=1
       [default] (warn): CDROM Read(0, 1): 0x59
       [default] (warn): CDROM Read(1, 1): 0x22
       [default] (warn): MEM 32-bit read CDROM: 00 e1 59 22
       [default] (warn): CDROM Read(2, 1): 0x0
       [default] (warn): CDROM Read IFR(3, 1): 0xe1 queue_count=1
       [default] (warn): CDROM Read(0, 1): 0x59
       [default] (warn): CDROM Read(1, 1): 0x22
       [default] (warn): MEM 32-bit read CDROM: 00 e1 59 22
       [default] (warn): CDROM Read(2, 1): 0x0
       [default] (warn): CDROM Read IFR(3, 1): 0xe1 queue_count=1
       [default] (warn): CDROM Read(0, 1): 0x59
       [default] (warn): CDROM Read(1, 1): 0x22
       [default] (warn): MEM 32-bit read CDROM: 00 e1 59 22
       [default] (warn): CDROM Read(2, 1): 0x0
       [default] (warn): CDROM Read IFR(3, 1): 0xe1 queue_count=1
       [default] (warn): CDROM Read(0, 1): 0x59
       [default] (warn): CDROM Read(1, 1): 0x22
       [default] (warn): MEM 32-bit read CDROM: 00 e1 59 22
       [default] (warn): CDROM Read(2, 1): 0x0
       [default] (warn): CDROM Read IFR(3, 1): 0xe1 queue_count=1
       [default] (warn): CDROM Read(0, 1): 0x59
       [default] (warn): CDROM Read(1, 1): 0x22
       [default] (warn): MEM 32-bit read CDROM: 00 e1 59 22
       [default] (warn): CDROM Read(2, 1): 0x0
       [default] (warn): CDROM Read IFR(3, 1): 0xe1 queue_count=1
       [default] (warn): CDROM Read(0, 1): 0x59
       [default] (warn): CDROM Read(1, 1): 0x22
       [default] (warn): MEM 32-bit read CDROM: 00 e1 59 22
       [default] (warn): CDROM Read(2, 1): 0x0
       [default] (warn): CDROM Read IFR(3, 1): 0xe1 queue_count=1
       [default] (warn): CDROM Read(0, 1): 0x59
       [default] (warn): CDROM Read(1, 1): 0x22
       [default] (warn): MEM 32-bit read CDROM: 00 e1 59 22
       [default] (warn): CDROM Read(2, 1): 0x0
       [default] (warn): CDROM Read IFR(3, 1): 0xe1 queue_count=1
       [default] (warn): CDROM Read(0, 1): 0x59
       [default] (warn): CDROM Read(1, 1): 0x22
       [default] (warn): MEM 32-bit read CDROM: 00 e1 59 22
       [default] (warn): CDROM Read(2, 1): 0x0
       [default] (warn): CDROM Read IFR(3, 1): 0xe1 queue_count=1
       [default] (warn): CDROM Read(0, 1): 0x59
       [default] (warn): CDROM Read(1, 1): 0x22
       [default] (warn): MEM 32-bit read CDROM: 00 e1 59 22
       [default] (warn): CDROM Read(2, 1): 0x0
       [default] (warn): CDROM Read IFR(3, 1): 0xe1 queue_count=1
       [default] (warn): CDROM Read(0, 1): 0x59
       [default] (warn): CDROM Read(1, 1): 0x22
       [default] (warn): MEM 32-bit read CDROM: 00 e1 59 22
       [default] (warn): CDROM Read(2, 1): 0x0
       [default] (warn): CDROM Read IFR(3, 1): 0xe1 queue_count=1
       [default] (warn): CDROM Read(0, 1): 0x59
       [default] (warn): CDROM Read(1, 1): 0x22
       [default] (warn): MEM 32-bit read CDROM: 00 e1 59 22
       [default] (warn): CDROM Read(2, 1): 0x0
       [default] (warn): CDROM Read IFR(3, 1): 0xe1 queue_count=1
       [default] (warn): CDROM Read(0, 1): 0x59
       [default] (warn): CDROM Read(1, 1): 0x22
       [default] (warn): MEM 32-bit read CDROM: 00 e1 59 22
       [default] (warn): CDROM Read(2, 1): 0x0
       [default] (warn): CDROM Read IFR(3, 1): 0xe1 queue_count=1
       [default] (warn): CDROM Read(0, 1): 0x59
       [default] (warn): CDROM Read(1, 1): 0x22
       [default] (warn): MEM 32-bit read CDROM: 00 e1 59 22
       [default] (warn): CDROM Read(2, 1): 0x0
       [default] (warn): CDROM Read IFR(3, 1): 0xe1 queue_count=1
       [default] (warn): CDROM Read(0, 1): 0x59
       [default] (warn): CDROM Read(1, 1): 0x22
       [default] (warn): MEM 32-bit read CDROM: 00 e1 59 22
       [default] (warn): CDROM Read(2, 1): 0x0
       [default] (warn): CDROM Read IFR(3, 1): 0xe1 queue_count=1
       [default] (warn): CDROM Read(0, 1): 0x59
       [default] (warn): CDROM Read(1, 1): 0x22
       [default] (warn): MEM 32-bit read CDROM: 00 e1 59 22
       [default] (warn): CDROM Read(2, 1): 0x0
       [default] (warn): CDROM Read IFR(3, 1): 0xe1 queue_count=1
       [default] (warn): CDROM Read(0, 1): 0x59
       [default] (warn): CDROM Read(1, 1): 0x22
       [default] (warn): MEM 32-bit read CDROM: 00 e1 59 22
       [default] (warn): CDROM Read(2, 1): 0x0
       [default] (warn): CDROM Read IFR(3, 1): 0xe1 queue_count=1
       [default] (warn): CDROM Read(0, 1): 0x59
       [default] (warn): CDROM Read(1, 1): 0x22
       [default] (warn): MEM 32-bit read CDROM: 00 e1 59 22
       [default] (warn): CDROM Read(2, 1): 0x0
       [default] (warn): CDROM Read IFR(3, 1): 0xe1 queue_count=1
       [default] (warn): CDROM Read(0, 1): 0x59
       [default] (warn): CDROM Read(1, 1): 0x22
       [default] (warn): MEM 32-bit read CDROM: 00 e1 59 22
       [default] (warn): CDROM Read(2, 1): 0x0
       [default] (warn): CDROM Read IFR(3, 1): 0xe1 queue_count=1
       [default] (warn): CDROM Read(0, 1): 0x59
       [default] (warn): CDROM Read(1, 1): 0x22
       [default] (warn): MEM 32-bit read CDROM: 00 e1 59 22
       [default] (warn): CDROM Read(2, 1): 0x0
       [default] (warn): CDROM Read IFR(3, 1): 0xe1 queue_count=1
       [default] (warn): CDROM Read(0, 1): 0x59
       [default] (warn): CDROM Read(1, 1): 0x22
       [default] (warn): MEM 32-bit read CDROM: 00 e1 59 22
       [default] (warn): CDROM Read(2, 1): 0x0
       [default] (warn): CDROM Read IFR(3, 1): 0xe1 queue_count=1
       [default] (warn): CDROM Read(0, 1): 0x59
       [default] (warn): CDROM Read(1, 1): 0x22
       [default] (warn): MEM 32-bit read CDROM: 00 e1 59 22
       [default] (warn): CDROM Read(2, 1): 0x0
       [default] (warn): CDROM Read IFR(3, 1): 0xe1 queue_count=1
       [default] (warn): CDROM Read(0, 1): 0x59
       [default] (warn): CDROM Read(1, 1): 0x22
       [default] (warn): MEM 32-bit read CDROM: 00 e1 59 22
       [default] (warn): CDROM Read(2, 1): 0x0
       [default] (warn): CDROM Read IFR(3, 1): 0xe1 queue_count=1
       [default] (warn): CDROM Read(0, 1): 0x59
       [default] (warn): CDROM Read(1, 1): 0x22
       [default] (warn): MEM 32-bit read CDROM: 00 e1 59 22
       [default] (warn): CDROM Read(2, 1): 0x0
       [default] (warn): CDROM Read IFR(3, 1): 0xe1 queue_count=1
       [default] (warn): CDROM Read(0, 1): 0x59
       [default] (warn): CDROM Read(1, 1): 0x22
       [default] (warn): MEM 32-bit read CDROM: 00 e1 59 22
       [default] (warn): CDROM Read(2, 1): 0x0
       [default] (warn): CDROM Read IFR(3, 1): 0xe1 queue_count=1
       [default] (warn): CDROM Read(0, 1): 0x59
       [default] (warn): CDROM Read(1, 1): 0x22
       [default] (warn): MEM 32-bit read CDROM: 00 e1 59 22
       [default] (warn): CDROM Read(2, 1): 0x0
       [default] (warn): CDROM Read IFR(3, 1): 0xe1 queue_count=1
       [default] (warn): CDROM Read(0, 1): 0x59
       [default] (warn): CDROM Read(1, 1): 0x22
       [default] (warn): MEM 32-bit read CDROM: 00 e1 59 22
       [default] (warn): CDROM Read(2, 1): 0x0
       [default] (warn): CDROM Read IFR(3, 1): 0xe1 queue_count=1
       [default] (warn): CDROM Read(0, 1): 0x59
       [default] (warn): CDROM Read(1, 1): 0x22
       [default] (warn): MEM 32-bit read CDROM: 00 e1 59 22
       [default] (warn): CDROM Read(2, 1): 0x0
       [default] (warn): CDROM Read IFR(3, 1): 0xe1 queue_count=1
       [default] (warn): CDROM Read(0, 1): 0x59
       [default] (warn): CDROM Read(1, 1): 0x22
       [default] (warn): MEM 32-bit read CDROM: 00 e1 59 22
       [default] (warn): CDROM Read(2, 1): 0x0
       [default] (warn): CDROM Read IFR(3, 1): 0xe1 queue_count=1
       [default] (warn): CDROM Read(0, 1): 0x59
       [default] (warn): CDROM Read(1, 1): 0x22
       [default] (warn): MEM 32-bit read CDROM: 00 e1 59 22
       [default] (warn): CDROM Read(2, 1): 0x0
       [default] (warn): CDROM Read IFR(3, 1): 0xe1 queue_count=1
       [default] (warn): CDROM Read(0, 1): 0x59
       [default] (warn): CDROM Read(1, 1): 0x22
       [default] (warn): MEM 32-bit read CDROM: 00 e1 59 22
       [default] (warn): CDROM Read(2, 1): 0x0
       [default] (warn): CDROM Read IFR(3, 1): 0xe1 queue_count=1
       [default] (warn): CDROM Read(0, 1): 0x59
       [default] (warn): CDROM Read(1, 1): 0x22
       [default] (warn): MEM 32-bit read CDROM: 00 e1 59 22
       [default] (warn): CDROM Read(2, 1): 0x0
       [default] (warn): CDROM Read IFR(3, 1): 0xe1 queue_count=1
       [default] (warn): CDROM Read(0, 1): 0x59
       [default] (warn): CDROM Read(1, 1): 0x22
       [default] (warn): MEM 32-bit read CDROM: 00 e1 59 22
       [default] (warn): CDROM Read(2, 1): 0x0
       [default] (warn): CDROM Read IFR(3, 1): 0xe1 queue_count=1
       [default] (warn): CDROM Read(0, 1): 0x59
       [default] (warn): CDROM Read(1, 1): 0x22
       [default] (warn): MEM 32-bit read CDROM: 00 e1 59 22
       [default] (warn): CDROM Read(2, 1): 0x0
       [default] (warn): CDROM Read IFR(3, 1): 0xe1 queue_count=1
       [default] (warn): CDROM Read(0, 1): 0x59
       [default] (warn): CDROM Read(1, 1): 0x22
       [default] (warn): MEM 32-bit read CDROM: 00 e1 59 22
       [default] (warn): CDROM Read(2, 1): 0x0
       [default] (warn): CDROM Read IFR(3, 1): 0xe1 queue_count=1
       [default] (warn): CDROM Read(0, 1): 0x59
       [default] (warn): CDROM Read(1, 1): 0x22
       [default] (warn): MEM 32-bit read CDROM: 00 e1 59 22
       [default] (warn): CDROM Read(2, 1): 0x0
       [default] (warn): CDROM Read IFR(3, 1): 0xe1 queue_count=1
       [default] (warn): CDROM Read(0, 1): 0x59
       [default] (warn): CDROM Read(1, 1): 0x22
       [default] (warn): MEM 32-bit read CDROM: 00 e1 59 22
       [default] (warn): CDROM Read(2, 1): 0x0
       [default] (warn): CDROM Read IFR(3, 1): 0xe1 queue_count=1
       [default] (warn): CDROM Read(0, 1): 0x59
       [default] (warn): CDROM Read(1, 1): 0x22
       [default] (warn): MEM 32-bit read CDROM: 00 e1 59 22
       [default] (warn): CDROM Read(2, 1): 0x0
       [default] (warn): CDROM Read IFR(3, 1): 0xe1 queue_count=1
       [default] (warn): CDROM Read(0, 1): 0x59
       [default] (warn): CDROM Read(1, 1): 0x22
       [default] (warn): MEM 32-bit read CDROM: 00 e1 59 22
       [default] (warn): CDROM Read(2, 1): 0x0
       [default] (warn): CDROM Read IFR(3, 1): 0xe1 queue_count=1
       [default] (warn): CDROM Read(0, 1): 0x59
       [default] (warn): CDROM Read(1, 1): 0x22
       [default] (warn): MEM 32-bit read CDROM: 00 e1 59 22
       [default] (warn): CDROM Read(2, 1): 0x0
       [default] (warn): CDROM Read IFR(3, 1): 0xe1 queue_count=1
       [default] (warn): CDROM Read(0, 1): 0x59
       [default] (warn): CDROM Read(1, 1): 0x22
       [default] (warn): MEM 32-bit read CDROM: 00 e1 59 22
       [default] (warn): CDROM Read(2, 1): 0x0
       [default] (warn): CDROM Read IFR(3, 1): 0xe1 queue_count=1
       [default] (warn): CDROM Read(0, 1): 0x59
       [default] (warn): CDROM Read(1, 1): 0x22
       [default] (warn): MEM 32-bit read CDROM: 00 e1 59 22
       [default] (warn): CDROM Read(2, 1): 0x0
       [default] (warn): CDROM Read IFR(3, 1): 0xe1 queue_count=1
       [default] (warn): CDROM Read(0, 1): 0x59
       [default] (warn): CDROM Read(1, 1): 0x22
       [default] (warn): MEM 32-bit read CDROM: 00 e1 59 22
       [default] (warn): CDROM Read(2, 1): 0x0
       [default] (warn): CDROM Read IFR(3, 1): 0xe1 queue_count=1
       [default] (warn): CDROM Read(0, 1): 0x59
       [default] (warn): CDROM Read(1, 1): 0x22
       [default] (warn): MEM 32-bit read CDROM: 00 e1 59 22
       [default] (warn): CDROM Read(2, 1): 0x0
       [default] (warn): CDROM Read IFR(3, 1): 0xe1 queue_count=1
       [default] (warn): CDROM Read(0, 1): 0x59
       [default] (warn): CDROM Read(1, 1): 0x22
       [default] (warn): MEM 32-bit read CDROM: 00 e1 59 22
       [default] (warn): CDROM Read(2, 1): 0x0
       [default] (warn): CDROM Read IFR(3, 1): 0xe1 queue_count=1
       [default] (warn): CDROM Read(0, 1): 0x59
       [default] (warn): CDROM Read(1, 1): 0x22
       [default] (warn): MEM 32-bit read CDROM: 00 e1 59 22
       [default] (warn): CDROM Read(2, 1): 0x0
       [default] (warn): CDROM Read IFR(3, 1): 0xe1 queue_count=1
       [default] (warn): CDROM Read(0, 1): 0x59
       [default] (warn): CDROM Read(1, 1): 0x22
       [default] (warn): MEM 32-bit read CDROM: 00 e1 59 22
       [default] (warn): CDROM Read(2, 1): 0x0
       [default] (warn): CDROM Read IFR(3, 1): 0xe1 queue_count=1
       [default] (warn): CDROM Read(0, 1): 0x59
       [default] (warn): CDROM Read(1, 1): 0x22
       [default] (warn): MEM 32-bit read CDROM: 00 e1 59 22
       [default] (warn): CDROM Read(2, 1): 0x0
       [default] (warn): CDROM Read IFR(3, 1): 0xe1 queue_count=1
       [default] (warn): CDROM Read(0, 1): 0x59
       [default] (warn): CDROM Read(1, 1): 0x22
       [default] (warn): MEM 32-bit read CDROM: 00 e1 59 22
       [default] (warn): CDROM Read(2, 1): 0x0
       [default] (warn): CDROM Read IFR(3, 1): 0xe1 queue_count=1
       [default] (warn): CDROM Read(0, 1): 0x59
       [default] (warn): CDROM Read(1, 1): 0x22
       [default] (warn): MEM 32-bit read CDROM: 00 e1 59 22
       [default] (warn): CDROM Read(2, 1): 0x0
       [default] (warn): CDROM Read IFR(3, 1): 0xe1 queue_count=1
       [default] (warn): CDROM Read(0, 1): 0x59
       [default] (warn): CDROM Read(1, 1): 0x22
       [default] (warn): MEM 32-bit read CDROM: 00 e1 59 22
       [default] (warn): CDROM Read(2, 1): 0x0
       [default] (warn): CDROM Read IFR(3, 1): 0xe1 queue_count=1
       [default] (warn): CDROM Read(0, 1): 0x59
       [default] (warn): CDROM Read(1, 1): 0x22
       [default] (warn): MEM 32-bit read CDROM: 00 e1 59 22
       [default] (warn): CDROM Read(2, 1): 0x0
       [default] (warn): CDROM Read IFR(3, 1): 0xe1 queue_count=1
       [default] (warn): CDROM Read(0, 1): 0x59
       [default] (warn): CDROM Read(1, 1): 0x22
       [default] (warn): MEM 32-bit read CDROM: 00 e1 59 22
       [default] (warn): CDROM Read(2, 1): 0x0
       [default] (warn): CDROM Read IFR(3, 1): 0xe1 queue_count=1
       [default] (warn): CDROM Read(0, 1): 0x59
       [default] (warn): CDROM Read(1, 1): 0x22
       [default] (warn): MEM 32-bit read CDROM: 00 e1 59 22
       [default] (warn): CDROM Read(2, 1): 0x0
       [default] (warn): CDROM Read IFR(3, 1): 0xe1 queue_count=1
       [default] (warn): CDROM Read(0, 1): 0x59
       [default] (warn): CDROM Read(1, 1): 0x22
       [default] (warn): MEM 32-bit read CDROM: 00 e1 59 22
       [default] (warn): CDROM Read(2, 1): 0x0
       [default] (warn): CDROM Read IFR(3, 1): 0xe1 queue_count=1
       [default] (warn): CDROM Read(0, 1): 0x59
       [default] (warn): CDROM Read(1, 1): 0x22
       [default] (warn): MEM 32-bit read CDROM: 00 e1 59 22
       [default] (warn): CDROM Read(2, 1): 0x0
       [default] (warn): CDROM Read IFR(3, 1): 0xe1 queue_count=1
       [default] (warn): CDROM Read(0, 1): 0x59
       [default] (warn): CDROM Read(1, 1): 0x22
       [default] (warn): MEM 32-bit read CDROM: 00 e1 59 22
       [default] (warn): CDROM Read(2, 1): 0x0
       [default] (warn): CDROM Read IFR(3, 1): 0xe1 queue_count=1
       [default] (warn): CDROM Read(0, 1): 0x59
       [default] (warn): CDROM Read(1, 1): 0x22
       [default] (warn): MEM 32-bit read CDROM: 00 e1 59 22
       [default] (warn): CDROM Read(2, 1): 0x0
       [default] (warn): CDROM Read IFR(3, 1): 0xe1 queue_count=1
       [default] (warn): CDROM Read(0, 1): 0x59
       [default] (warn): CDROM Read(1, 1): 0x22
       [default] (warn): MEM 32-bit read CDROM: 00 e1 59 22
       [default] (warn): CDROM Read(2, 1): 0x0
       [default] (warn): CDROM Read IFR(3, 1): 0xe1 queue_count=1
       [default] (warn): CDROM Read(0, 1): 0x59
       [default] (warn): CDROM Read(1, 1): 0x22
       [default] (warn): MEM 32-bit read CDROM: 00 e1 59 22
       [default] (warn): CDROM Read(2, 1): 0x0
       [default] (warn): CDROM Read IFR(3, 1): 0xe1 queue_count=1
       [default] (warn): CDROM Read(0, 1): 0x59
       [default] (warn): CDROM Read(1, 1): 0x22
       [default] (warn): MEM 32-bit read CDROM: 00 e1 59 22
       [default] (warn): CDROM Read(2, 1): 0x0
       [default] (warn): CDROM Read IFR(3, 1): 0xe1 queue_count=1
       [default] (warn): CDROM Read(0, 1): 0x59
       [default] (warn): CDROM Read(1, 1): 0x22
       [default] (warn): MEM 32-bit read CDROM: 00 e1 59 22
       [default] (warn): CDROM Read(2, 1): 0x0
       [default] (warn): CDROM Read IFR(3, 1): 0xe1 queue_count=1
       [default] (warn): CDROM Read(0, 1): 0x59
       [default] (warn): CDROM Read(1, 1): 0x22
       [default] (warn): MEM 32-bit read CDROM: 00 e1 59 22
       [default] (warn): CDROM Read(2, 1): 0x0
       [default] (warn): CDROM Read IFR(3, 1): 0xe1 queue_count=1
       [default] (warn): CDROM Read(0, 1): 0x59
       [default] (warn): CDROM Read(1, 1): 0x22
       [default] (warn): MEM 32-bit read CDROM: 00 e1 59 22
       [default] (warn): CDROM Read(2, 1): 0x0
       [default] (warn): CDROM Read IFR(3, 1): 0xe1 queue_count=1
       [default] (warn): CDROM Read(0, 1): 0x59
       [default] (warn): CDROM Read(1, 1): 0x22
       [default] (warn): MEM 32-bit read CDROM: 00 e1 59 22
       [default] (warn): CDROM Read(2, 1): 0x0
       [default] (warn): CDROM Read IFR(3, 1): 0xe1 queue_count=1
       [default] (warn): CDROM Read(0, 1): 0x59
       [default] (warn): CDROM Read(1, 1): 0x22
       [default] (warn): MEM 32-bit read CDROM: 00 e1 59 22
       [default] (warn): CDROM Read(2, 1): 0x0
       [default] (warn): CDROM Read IFR(3, 1): 0xe1 queue_count=1
       [default] (warn): CDROM Read(0, 1): 0x59
       [default] (warn): CDROM Read(1, 1): 0x22
       [default] (warn): MEM 32-bit read CDROM: 00 e1 59 22
       [default] (warn): CDROM Read(2, 1): 0x0
       [default] (warn): CDROM Read IFR(3, 1): 0xe1 queue_count=1
       [default] (warn): CDROM Read(0, 1): 0x59
       [default] (warn): CDROM Read(1, 1): 0x22
       [default] (warn): MEM 32-bit read CDROM: 00 e1 59 22
       [default] (warn): CDROM Read(2, 1): 0x0
       [default] (warn): CDROM Read IFR(3, 1): 0xe1 queue_count=1
       [default] (warn): CDROM Read(0, 1): 0x59
       [default] (warn): CDROM Read(1, 1): 0x22
       [default] (warn): MEM 32-bit read CDROM: 00 e1 59 22
       [default] (warn): CDROM Read(2, 1): 0x0
       [default] (warn): CDROM Read IFR(3, 1): 0xe1 queue_count=1
       [default] (warn): CDROM Read(0, 1): 0x59
       [default] (warn): CDROM Read(1, 1): 0x22
       [default] (warn): MEM 32-bit read CDROM: 00 e1 59 22
       [default] (warn): CDROM Read(2, 1): 0x0
       [default] (warn): CDROM Read IFR(3, 1): 0xe1 queue_count=1
       [default] (warn): CDROM Read(0, 1): 0x59
       [default] (warn): CDROM Read(1, 1): 0x22
       [default] (warn): MEM 32-bit read CDROM: 00 e1 59 22
       [default] (warn): CDROM Read(2, 1): 0x0
       [default] (warn): CDROM Read IFR(3, 1): 0xe1 queue_count=1
       [default] (warn): CDROM Read(0, 1): 0x59
       [default] (warn): CDROM Read(1, 1): 0x22
       [default] (warn): MEM 32-bit read CDROM: 00 e1 59 22
       [default] (warn): CDROM Read(2, 1): 0x0
       [default] (warn): CDROM Read IFR(3, 1): 0xe1 queue_count=1
       [default] (warn): CDROM Read(0, 1): 0x59
       [default] (warn): CDROM Read(1, 1): 0x22
       [default] (warn): MEM 32-bit read CDROM: 00 e1 59 22
       [default] (warn): CDROM Read(2, 1): 0x0
       [default] (warn): CDROM Read IFR(3, 1): 0xe1 queue_count=1
       [default] (warn): CDROM Read(0, 1): 0x59
       [default] (warn): CDROM Read(1, 1): 0x22
       [default] (warn): MEM 32-bit read CDROM: 00 e1 59 22
       [default] (warn): CDROM Read(2, 1): 0x0
       [default] (warn): CDROM Read IFR(3, 1): 0xe1 queue_count=1
       [default] (warn): CDROM Read(0, 1): 0x59
       [default] (warn): CDROM Read(1, 1): 0x22
       [default] (warn): MEM 32-bit read CDROM: 00 e1 59 22
       [default] (warn): CDROM Read(2, 1): 0x0
       [default] (warn): CDROM Read IFR(3, 1): 0xe1 queue_count=1
       [default] (warn): CDROM Read(0, 1): 0x59
       [default] (warn): CDROM Read(1, 1): 0x22
       [default] (warn): MEM 32-bit read CDROM: 00 e1 59 22
       [default] (warn): CDROM Read(2, 1): 0x0
       [default] (warn): CDROM Read IFR(3, 1): 0xe1 queue_count=1
       [default] (warn): CDROM Read(0, 1): 0x59
       [default] (warn): CDROM Read(1, 1): 0x22
       [default] (warn): MEM 32-bit read CDROM: 00 e1 59 22
       [default] (warn): CDROM Read(2, 1): 0x0
       [default] (warn): CDROM Read IFR(3, 1): 0xe1 queue_count=1
       [default] (warn): CDROM Read(0, 1): 0x59
       [default] (warn): CDROM Read(1, 1): 0x22
       [default] (warn): MEM 32-bit read CDROM: 00 e1 59 22
       [default] (warn): CDROM Read(2, 1): 0x0
       [default] (warn): CDROM Read IFR(3, 1): 0xe1 queue_count=1
       [default] (warn): CDROM Read(0, 1): 0x59
       [default] (warn): CDROM Read(1, 1): 0x22
       [default] (warn): MEM 32-bit read CDROM: 00 e1 59 22
       [default] (warn): CDROM Read(2, 1): 0x0
       [default] (warn): CDROM Read IFR(3, 1): 0xe1 queue_count=1
       [default] (warn): CDROM Read(0, 1): 0x59
       [default] (warn): CDROM Read(1, 1): 0x22
       [default] (warn): MEM 32-bit read CDROM: 00 e1 59 22
       [default] (warn): CDROM Read(2, 1): 0x0
       [default] (warn): CDROM Read IFR(3, 1): 0xe1 queue_count=1
       [default] (warn): CDROM Read(0, 1): 0x59
       [default] (warn): CDROM Read(1, 1): 0x22
       [default] (warn): MEM 32-bit read CDROM: 00 e1 59 22
       [default] (warn): CDROM Read(2, 1): 0x0
       [default] (warn): CDROM Read IFR(3, 1): 0xe1 queue_count=1
       [default] (warn): CDROM Read(0, 1): 0x59
       [default] (warn): CDROM Read(1, 1): 0x22
       [default] (warn): MEM 32-bit read CDROM: 00 e1 59 22
       [default] (warn): CDROM Read(2, 1): 0x0
       [default] (warn): CDROM Read IFR(3, 1): 0xe1 queue_count=1
       [default] (warn): CDROM Read(0, 1): 0x59
       [default] (warn): CDROM Read(1, 1): 0x22
       [default] (warn): MEM 32-bit read CDROM: 00 e1 59 22
       [default] (warn): CDROM Read(2, 1): 0x0
       [default] (warn): CDROM Read IFR(3, 1): 0xe1 queue_count=1
       [default] (warn): CDROM Read(0, 1): 0x59
       [default] (warn): CDROM Read(1, 1): 0x22
       [default] (warn): MEM 32-bit read CDROM: 00 e1 59 22
       [default] (warn): CDROM Read(2, 1): 0x0
       [default] (warn): CDROM Read IFR(3, 1): 0xe1 queue_count=1
       [default] (warn): CDROM Read(0, 1): 0x59
       [default] (warn): CDROM Read(1, 1): 0x22
       [default] (warn): MEM 32-bit read CDROM: 00 e1 59 22
       [default] (warn): CDROM Read(2, 1): 0x0
       [default] (warn): CDROM Read IFR(3, 1): 0xe1 queue_count=1
       [default] (warn): CDROM Read(0, 1): 0x59
       [default] (warn): CDROM Read(1, 1): 0x22
       [default] (warn): MEM 32-bit read CDROM: 00 e1 59 22
       [default] (warn): CDROM Read(2, 1): 0x0
       [default] (warn): CDROM Read IFR(3, 1): 0xe1 queue_count=1
       [default] (warn): CDROM Read(0, 1): 0x59
       [default] (warn): CDROM Read(1, 1): 0x22
       [default] (warn): MEM 32-bit read CDROM: 00 e1 59 22
       [default] (warn): CDROM Read(2, 1): 0x0
       [default] (warn): CDROM Read IFR(3, 1): 0xe1 queue_count=1
       [default] (warn): CDROM Read(0, 1): 0x59
       [default] (warn): CDROM Read(1, 1): 0x22
       [default] (warn): MEM 32-bit read CDROM: 00 e1 59 22
       [default] (warn): CDROM Read(2, 1): 0x0
       [default] (warn): CDROM Read IFR(3, 1): 0xe1 queue_count=1
       [default] (warn): CDROM Read(0, 1): 0x59
       [default] (warn): CDROM Read(1, 1): 0x22
       [default] (warn): MEM 32-bit read CDROM: 00 e1 59 22
       [default] (warn): CDROM Read(2, 1): 0x0
       [default] (warn): CDROM Read IFR(3, 1): 0xe1 queue_count=1
       [default] (warn): CDROM Read(0, 1): 0x59
       [default] (warn): CDROM Read(1, 1): 0x22
       [default] (warn): MEM 32-bit read CDROM: 00 e1 59 22
       [default] (warn): CDROM Read(2, 1): 0x0
       [default] (warn): CDROM Read IFR(3, 1): 0xe1 queue_count=1
       [default] (warn): CDROM Read(0, 1): 0x59
       [default] (warn): CDROM Read(1, 1): 0x22
       [default] (warn): MEM 32-bit read CDROM: 00 e1 59 22
       [default] (warn): CDROM Read(2, 1): 0x0
       [default] (warn): CDROM Read IFR(3, 1): 0xe1 queue_count=1
       [default] (warn): CDROM Read(0, 1): 0x59
       [default] (warn): CDROM Read(1, 1): 0x22
       [default] (warn): MEM 32-bit read CDROM: 00 e1 59 22
       [default] (warn): CDROM Read(2, 1): 0x0
       [default] (warn): CDROM Read IFR(3, 1): 0xe1 queue_count=1
       [default] (warn): CDROM Read(0, 1): 0x59
       [default] (warn): CDROM Read(1, 1): 0x22
       [default] (warn): MEM 32-bit read CDROM: 00 e1 59 22
       [default] (warn): CDROM Read(2, 1): 0x0
       [default] (warn): CDROM Read IFR(3, 1): 0xe1 queue_count=1
       [default] (warn): CDROM Read(0, 1): 0x59
       [default] (warn): CDROM Read(1, 1): 0x22
       [default] (warn): MEM 32-bit read CDROM: 00 e1 59 22
       [default] (warn): CDROM Read(2, 1): 0x0
       [default] (warn): CDROM Read IFR(3, 1): 0xe1 queue_count=1
       [default] (warn): CDROM Read(0, 1): 0x59
       [default] (warn): CDROM Read(1, 1): 0x22
       [default] (warn): MEM 32-bit read CDROM: 00 e1 59 22
       [default] (warn): CDROM Read(2, 1): 0x0
       [default] (warn): CDROM Read IFR(3, 1): 0xe1 queue_count=1
       [default] (warn): CDROM Read(0, 1): 0x59
       [default] (warn): CDROM Read(1, 1): 0x22
       [default] (warn): MEM 32-bit read CDROM: 00 e1 59 22
       [default] (warn): CDROM Read(2, 1): 0x0
       [default] (warn): CDROM Read IFR(3, 1): 0xe1 queue_count=1
       [default] (warn): CDROM Read(0, 1): 0x59
       [default] (warn): CDROM Read(1, 1): 0x22
       [default] (warn): MEM 32-bit read CDROM: 00 e1 59 22
       [default] (warn): CDROM Read(2, 1): 0x0
       [default] (warn): CDROM Read IFR(3, 1): 0xe1 queue_count=1
       [default] (warn): CDROM Read(0, 1): 0x59
       [default] (warn): CDROM Read(1, 1): 0x22
       [default] (warn): MEM 32-bit read CDROM: 00 e1 59 22
       [default] (warn): CDROM Read(2, 1): 0x0
       [default] (warn): CDROM Read IFR(3, 1): 0xe1 queue_count=1
       [default] (warn): CDROM Read(0, 1): 0x59
       [default] (warn): CDROM Read(1, 1): 0x22
       [default] (warn): MEM 32-bit read CDROM: 00 e1 59 22
       [default] (warn): CDROM Read(2, 1): 0x0
       [default] (warn): CDROM Read IFR(3, 1): 0xe1 queue_count=1
       [default] (warn): CDROM Read(0, 1): 0x59
       [default] (warn): CDROM Read(1, 1): 0x22
       [default] (warn): MEM 32-bit read CDROM: 00 e1 59 22
       [default] (warn): CDROM Read(2, 1): 0x0
       [default] (warn): CDROM Read IFR(3, 1): 0xe1 queue_count=1
       [default] (warn): CDROM Read(0, 1): 0x59
       [default] (warn): CDROM Read(1, 1): 0x22
       [default] (warn): MEM 32-bit read CDROM: 00 e1 59 22
       [default] (warn): CDROM Read(2, 1): 0x0
       [default] (warn): CDROM Read IFR(3, 1): 0xe1 queue_count=1
       [default] (warn): CDROM Read(0, 1): 0x59
       [default] (warn): CDROM Read(1, 1): 0x22
       [default] (warn): MEM 32-bit read CDROM: 00 e1 59 22
       [default] (warn): CDROM Read(2, 1): 0x0
       [default] (warn): CDROM Read IFR(3, 1): 0xe1 queue_count=1
       [default] (warn): CDROM Read(0, 1): 0x59
       [default] (warn): CDROM Read(1, 1): 0x22
       [default] (warn): MEM 32-bit read CDROM: 00 e1 59 22
       [default] (warn): CDROM Read(2, 1): 0x0
       [default] (warn): CDROM Read IFR(3, 1): 0xe1 queue_count=1
       [default] (warn): CDROM Read(0, 1): 0x59
       [default] (warn): CDROM Read(1, 1): 0x22
       [default] (warn): MEM 32-bit read CDROM: 00 e1 59 22
       [default] (warn): CDROM Read(2, 1): 0x0
       [default] (warn): CDROM Read IFR(3, 1): 0xe1 queue_count=1
       [default] (warn): CDROM Read(0, 1): 0x59
       [default] (warn): CDROM Read(1, 1): 0x22
       [default] (warn): MEM 32-bit read CDROM: 00 e1 59 22
       [default] (warn): CDROM Read(2, 1): 0x0
       [default] (warn): CDROM Read IFR(3, 1): 0xe1 queue_count=1
       [default] (warn): CDROM Read(0, 1): 0x59
       [default] (warn): CDROM Read(1, 1): 0x22
       [default] (warn): MEM 32-bit read CDROM: 00 e1 59 22
       [default] (warn): CDROM Read(2, 1): 0x0
       [default] (warn): CDROM Read IFR(3, 1): 0xe1 queue_count=1
       [default] (warn): CDROM Read(0, 1): 0x59
       [default] (warn): CDROM Read(1, 1): 0x22
       [default] (warn): MEM 32-bit read CDROM: 00 e1 59 22
       [default] (warn): CDROM Read(2, 1): 0x0
       [default] (warn): CDROM Read IFR(3, 1): 0xe1 queue_count=1
       [default] (warn): CDROM Read(0, 1): 0x59
       [default] (warn): CDROM Read(1, 1): 0x22
       [default] (warn): MEM 32-bit read CDROM: 00 e1 59 22
       [default] (warn): CDROM Read(2, 1): 0x0
       [default] (warn): CDROM Read IFR(3, 1): 0xe1 queue_count=1
       [default] (warn): CDROM Read(0, 1): 0x59
       [default] (warn): CDROM Read(1, 1): 0x22
       [default] (warn): MEM 32-bit read CDROM: 00 e1 59 22
       [default] (warn): CDROM Read(2, 1): 0x0
       [default] (warn): CDROM Read IFR(3, 1): 0xe1 queue_count=1
       [default] (warn): CDROM Read(0, 1): 0x59
       [default] (warn): CDROM Read(1, 1): 0x22
       [default] (warn): MEM 32-bit read CDROM: 00 e1 59 22
       [default] (warn): CDROM Read(2, 1): 0x0
       [default] (warn): CDROM Read IFR(3, 1): 0xe1 queue_count=1
       [default] (warn): CDROM Read(0, 1): 0x59
       [default] (warn): CDROM Read(1, 1): 0x22
       [default] (warn): MEM 32-bit read CDROM: 00 e1 59 22
       [default] (warn): CDROM Read(2, 1): 0x0
       [default] (warn): CDROM Read IFR(3, 1): 0xe1 queue_count=1
       [default] (warn): CDROM Read(0, 1): 0x59
       [default] (warn): CDROM Read(1, 1): 0x22
       [default] (warn): MEM 32-bit read CDROM: 00 e1 59 22
       [default] (warn): CDROM Read(2, 1): 0x0
       [default] (warn): CDROM Read IFR(3, 1): 0xe1 queue_count=1
       [default] (warn): CDROM Read(0, 1): 0x59
       [default] (warn): CDROM Read(1, 1): 0x22
       [default] (warn): MEM 32-bit read CDROM: 00 e1 59 22
       [default] (warn): CDROM Read(2, 1): 0x0
       [default] (warn): CDROM Read IFR(3, 1): 0xe1 queue_count=1
       [default] (warn): CDROM Read(0, 1): 0x59
       [default] (warn): CDROM Read(1, 1): 0x22
       [default] (warn): MEM 32-bit read CDROM: 00 e1 59 22
       [default] (warn): CDROM Read(2, 1): 0x0
       [default] (warn): CDROM Read IFR(3, 1): 0xe1 queue_count=1
       [default] (warn): CDROM Read(0, 1): 0x59
       [default] (warn): CDROM Read(1, 1): 0x22
       [default] (warn): MEM 32-bit read CDROM: 00 e1 59 22
       [default] (warn): CDROM Read(2, 1): 0x0
       [default] (warn): CDROM Read IFR(3, 1): 0xe1 queue_count=1
       [default] (warn): CDROM Read(0, 1): 0x59
       [default] (warn): CDROM Read(1, 1): 0x22
       [default] (warn): MEM 32-bit read CDROM: 00 e1 59 22
       [default] (warn): CDROM Read(2, 1): 0x0
       [default] (warn): CDROM Read IFR(3, 1): 0xe1 queue_count=1
       [default] (warn): CDROM Read(0, 1): 0x59
       [default] (warn): CDROM Read(1, 1): 0x22
       [default] (warn): MEM 32-bit read CDROM: 00 e1 59 22
       [default] (warn): CDROM Read(2, 1): 0x0
       [default] (warn): CDROM Read IFR(3, 1): 0xe1 queue_count=1
       [default] (warn): CDROM Read(0, 1): 0x59
       [default] (warn): CDROM Read(1, 1): 0x22
       [default] (warn): MEM 32-bit read CDROM: 00 e1 59 22
       [default] (warn): CDROM Read(2, 1): 0x0
       [default] (warn): CDROM Read IFR(3, 1): 0xe1 queue_count=1
       [default] (warn): CDROM Read(0, 1): 0x59
       [default] (warn): CDROM Read(1, 1): 0x22
       [default] (warn): MEM 32-bit read CDROM: 00 e1 59 22
       [default] (warn): CDROM Read(2, 1): 0x0
       [default] (warn): CDROM Read IFR(3, 1): 0xe1 queue_count=1
       [default] (warn): CDROM Read(0, 1): 0x59
       [default] (warn): CDROM Read(1, 1): 0x22
       [default] (warn): MEM 32-bit read CDROM: 00 e1 59 22
       [default] (warn): CDROM Read(2, 1): 0x0
       [default] (warn): CDROM Read IFR(3, 1): 0xe1 queue_count=1
       [default] (warn): CDROM Read(0, 1): 0x59
       [default] (warn): CDROM Read(1, 1): 0x22
       [default] (warn): MEM 32-bit read CDROM: 00 e1 59 22
       [default] (warn): CDROM Read(2, 1): 0x0
       [default] (warn): CDROM Read IFR(3, 1): 0xe1 queue_count=1
       [default] (warn): CDROM Read(0, 1): 0x59
       [default] (warn): CDROM Read(1, 1): 0x22
       [default] (warn): MEM 32-bit read CDROM: 00 e1 59 22
       [default] (warn): CDROM Read(2, 1): 0x0
       [default] (warn): CDROM Read IFR(3, 1): 0xe1 queue_count=1
       [default] (warn): CDROM Read(0, 1): 0x59
       [default] (warn): CDROM Read(1, 1): 0x22
       [default] (warn): MEM 32-bit read CDROM: 00 e1 59 22
       [default] (warn): CDROM Read(2, 1): 0x0
       [default] (warn): CDROM Read IFR(3, 1): 0xe1 queue_count=1
       [default] (warn): CDROM Read(0, 1): 0x59
       [default] (warn): CDROM Read(1, 1): 0x22
       [default] (warn): MEM 32-bit read CDROM: 00 e1 59 22
       [default] (warn): CDROM Read(2, 1): 0x0
       [default] (warn): CDROM Read IFR(3, 1): 0xe1 queue_count=1
       [default] (warn): CDROM Read(0, 1): 0x59
       [default] (warn): CDROM Read(1, 1): 0x22
       [default] (warn): MEM 32-bit read CDROM: 00 e1 59 22
       [default] (warn): CDROM Read(2, 1): 0x0
       [default] (warn): CDROM Read IFR(3, 1): 0xe1 queue_count=1
       [default] (warn): CDROM Read(0, 1): 0x59
       [default] (warn): CDROM Read(1, 1): 0x22
       [default] (warn): MEM 32-bit read CDROM: 00 e1 59 22
       [default] (warn): CDROM Read(2, 1): 0x0
       [default] (warn): CDROM Read IFR(3, 1): 0xe1 queue_count=1
       [default] (warn): CDROM Read(0, 1): 0x59
       [default] (warn): CDROM Read(1, 1): 0x22
       [default] (warn): MEM 32-bit read CDROM: 00 e1 59 22
       [default] (warn): CDROM Read(2, 1): 0x0
       [default] (warn): CDROM Read IFR(3, 1): 0xe1 queue_count=1
       [default] (warn): CDROM Read(0, 1): 0x59
       [default] (warn): CDROM Read(1, 1): 0x22
       [default] (warn): MEM 32-bit read CDROM: 00 e1 59 22
       [default] (warn): CDROM Read(2, 1): 0x0
       [default] (warn): CDROM Read IFR(3, 1): 0xe1 queue_count=1
       [default] (warn): CDROM Read(0, 1): 0x59
       [default] (warn): CDROM Read(1, 1): 0x22
       [default] (warn): MEM 32-bit read CDROM: 00 e1 59 22
       [default] (warn): CDROM Read(2, 1): 0x0
       [default] (warn): CDROM Read IFR(3, 1): 0xe1 queue_count=1
       [default] (warn): CDROM Read(0, 1): 0x59
       [default] (warn): CDROM Read(1, 1): 0x22
       [default] (warn): MEM 32-bit read CDROM: 00 e1 59 22
       [default] (warn): CDROM Read(2, 1): 0x0
       [default] (warn): CDROM Read IFR(3, 1): 0xe1 queue_count=1
       [default] (warn): CDROM Read(0, 1): 0x59
       [default] (warn): CDROM Read(1, 1): 0x22
       [default] (warn): MEM 32-bit read CDROM: 00 e1 59 22
       [default] (warn): CDROM Read(2, 1): 0x0
       [default] (warn): CDROM Read IFR(3, 1): 0xe1 queue_count=1
       [default] (warn): CDROM Read(0, 1): 0x59
       [default] (warn): CDROM Read(1, 1): 0x22
       [default] (warn): MEM 32-bit read CDROM: 00 e1 59 22
       [default] (warn): CDROM Read(2, 1): 0x0
       [default] (warn): CDROM Read IFR(3, 1): 0xe1 queue_count=1
       [default] (warn): CDROM Read(0, 1): 0x59
       [default] (warn): CDROM Read(1, 1): 0x22
       [default] (warn): MEM 32-bit read CDROM: 00 e1 59 22
       [default] (warn): CDROM Read(2, 1): 0x0
       [default] (warn): CDROM Read IFR(3, 1): 0xe1 queue_count=1
       [default] (warn): CDROM Read(0, 1): 0x59
       [default] (warn): CDROM Read(1, 1): 0x22
       [default] (warn): MEM 32-bit read CDROM: 00 e1 59 22
       [default] (warn): CDROM Read(2, 1): 0x0
       [default] (warn): CDROM Read IFR(3, 1): 0xe1 queue_count=1
       [default] (warn): CDROM Read(0, 1): 0x59
       [default] (warn): CDROM Read(1, 1): 0x22
       [default] (warn): MEM 32-bit read CDROM: 00 e1 59 22
       [default] (warn): CDROM Read(2, 1): 0x0
       [default] (warn): CDROM Read IFR(3, 1): 0xe1 queue_count=1
       [default] (warn): CDROM Read(0, 1): 0x59
       [default] (warn): CDROM Read(1, 1): 0x22
       [default] (warn): MEM 32-bit read CDROM: 00 e1 59 22
       [default] (warn): CDROM Read(0, 1): 0x59
       [default] (warn): CDROM Write(0, 1): 0x1
       [default] (warn): CDROM Write(3, 1): 0x40
       [default] (warn): CDROM Read(0, 1): 0x59
       [default] (warn): CDROM Write(0, 1): 0x0
       [default] (warn): CDROM Write(0, 0): 0x0
       [default] (warn): CDROM Write(1, 0): 0x9
       [default] (warn): CDROM cmd=0x09 irq_enable=0x1f queue_count=1
       [default] (warn): CDROM Write(0, 0): 0x1
       [default] (warn): CDROM Read IFR(3, 1): 0xe0 queue_count=2
       [default] (warn): CDROM Write(0, 1): 0x1
       [default] (warn): CDROM Write(3, 1): 0x5f
       [default] (warn): CDROM Ack IFR value=0x5f irq=3 resp=0/1
       [default] (warn): CDROM Write(3, 1): 0x40
       
       === ROM TEST FAILED: test-roms/cdrom/getloc/getloc.exe ===
       first mismatch at byte 246
       EXPECTED len=1579 excerpt@166:
       tial reset
       > GetlocL failed, IRQ = 5, status = 0x02
       > GetlocP succeeded - track 01 index 00 [00:00:06] absolute [00:01:68]
       > Testing seek...
       > Seeking to [00:02:16] (logical)
       > Seek result irq=2, status=0x02
       > GetStat -> 0x02
       > Testing Getloc after seek
       > GetlocL succeeded - [00:02:16] mode 2
       > GetlocP succeeded - track 01 index 01 [00:00:11] absolute [00:02:11]
       > Testing read
       > GetStat -> 0x42
       > Waiting for read to complete
       > GetStat -> 0x02
       > Testing GetLoc after reading
       > GetlocL succeeded - [40:00:13] m
       GOT len=630 excerpt@166:
       tial reset
       > GetlocL failed, IRQ = 5, status = 0x02
       > GetlocP succeeded - track 68 index 00 [00:00:06] absolute [00:01:00]
       > Testing seek...
       > Seeking to [00:02:16] (logical)
       > Seek result irq=2, status=0x02
       > GetStat -> 0x02
       > Testing Getloc after seek
       > GetlocL succeeded - [00:02:16] mode 2
       > GetlocP succeeded - track 11 index 01 [00:00:11] absolute [00:02:00]
       > Testing read
       > GetStat -> 0x22
       ! Expected stat bits 0x42, got 0x22
       > Waiting for read to complete
       /Users/david/Documents/develop/zzssxx/ps1-core/tests/rom_test.zig:201:9: 0x104c5862b in runRomTestWithMode (test)
               return error.RomOutputMismatch;
               ^
       /Users/david/Documents/develop/zzssxx/ps1-core/tests/rom_test.zig:206:5: 0x104c586e3 in runRomTest (test)
           try runRomTestWithMode(allocator, exe_path, log_path, max_cycles, .exact_log);
           ^
       /Users/david/Documents/develop/zzssxx/ps1-core/tests/rom_test.zig:283:5: 0x104c5877b in test.ROM: CDROM - Getloc (test)
           try runRomTest(
           ^
failed command: ./.zig-cache/o/1c3d517148482651fdb0534ad93ce1d7/test --cache-dir=./.zig-cache --seed=0x705a118e --listen=-

Build Summary: 2/4 steps succeeded (1 failed); 9/10 tests passed (1 failed)
rom-test transitive failure
+- run test 9 pass, 1 fail (10 total)

error: the following build command failed with exit code 1:
.zig-cache/o/7f2b11c94ac73a38640e9490ff938c45/build /opt/homebrew/Cellar/zig/0.16.0_1/bin/zig /opt/homebrew/Cellar/zig/0.16.0_1/lib/zig /Users/david/Documents/develop/zzssxx .zig-cache /Users/david/.cache/zig --seed 0x705a118e -Ze657a8fde24112c7 rom-test --summary failures
